Button                         facade:Y overrides:Y
Label                          facade:Y overrides:Y
VStack                         facade:N overrides:N
HStack                         facade:N overrides:N
ZStack                         facade:N overrides:N
Image                          facade:Y overrides:Y
TextField                      facade:Y overrides:Y
SecureField                    facade:Y overrides:Y
SearchField                    facade:Y overrides:Y
Toggle                         facade:Y overrides:Y
Checkbox                       facade:Y overrides:Y
RadioGroup                     facade:Y overrides:Y
Slider                         facade:Y overrides:Y
Stepper                        facade:Y overrides:Y
Picker                         facade:Y overrides:Y
SegmentedControl               facade:Y overrides:Y
DatePicker                     facade:Y overrides:Y
ProgressView                   facade:N overrides:N
NavigationStack                facade:Y overrides:Y
NavigationLink                 facade:Y overrides:Y
NavigationSplitView            facade:Y overrides:Y
TabView                        facade:Y overrides:Y
Toolbar                        facade:Y overrides:Y
Form                           facade:Y overrides:Y
ListView                       facade:Y overrides:Y
Sheet                          facade:Y overrides:Y
Popover                        facade:Y overrides:Y
ConfirmationDialog             facade:Y overrides:Y
Card                           facade:Y overrides:Y
GlassBackground                facade:Y overrides:Y
ActivityIndicator              facade:N overrides:N
Divider                        facade:Y overrides:Y
Spacer                         facade:Y overrides:Y
ScrollView                     facade:N overrides:N
