AlertOverrides.swift
ButtonOverrides.swift
CardOverrides.swift
CheckboxOverrides.swift
ColorPickerOverrides.swift
ConfirmationDialogOverrides.swift
DatePickerOverrides.swift
DividerOverrides.swift
FormOverrides.swift
GlassBackgroundOverrides.swift
GridOverrides.swift
IconButtonOverrides.swift
ImageOverrides.swift
LabelOverrides.swift
LinkButtonOverrides.swift
ListViewOverrides.swift
MenuButtonOverrides.swift
NavigationLinkOverrides.swift
NavigationSplitViewOverrides.swift
NavigationStackOverrides.swift
PickerOverrides.swift
PopoverOverrides.swift
RadioGroupOverrides.swift
SearchFieldOverrides.swift
SecureFieldOverrides.swift
SegmentedControlOverrides.swift
SheetOverrides.swift
SliderOverrides.swift
SpacerOverrides.swift
StepperOverrides.swift
SurfaceOverrides.swift
TabViewOverrides.swift
TextAreaOverrides.swift
TextEditorOverrides.swift
TextFieldOverrides.swift
TimePickerOverrides.swift
ToggleButtonOverrides.swift
ToggleOverrides.swift
ToolbarOverrides.swift
ViewOverrides.swift
