                 U _apsk_make_alert
                 U _apsk_make_button_reactive
                 U _apsk_make_card
                 U _apsk_make_checkbox
                 U _apsk_make_color_picker
                 U _apsk_make_confirmation_dialog
                 U _apsk_make_date_picker
                 U _apsk_make_divider
                 U _apsk_make_form
                 U _apsk_make_glass_background
                 U _apsk_make_grid
                 U _apsk_make_icon_button
                 U _apsk_make_image
                 U _apsk_make_label_reactive
                 U _apsk_make_link_button
                 U _apsk_make_list_view
                 U _apsk_make_menu_button
                 U _apsk_make_navigation_link
                 U _apsk_make_navigation_split_view
                 U _apsk_make_navigation_stack
