=== UIKit apsk_make_ calls ===
39
=== AppKit apsk_make_ calls ===
39
=== unique apsk_make_ functions in each ===
-- uikit unique --
apsk_make_alert
apsk_make_button_reactive
apsk_make_card
apsk_make_checkbox
apsk_make_color_picker
apsk_make_confirmation_dialog
apsk_make_date_picker
apsk_make_divider
apsk_make_form
apsk_make_glass_background
apsk_make_grid
apsk_make_icon_button
apsk_make_image
apsk_make_label_reactive
apsk_make_link_button
apsk_make_list_view
apsk_make_menu_button
apsk_make_navigation_link
apsk_make_navigation_split_view
apsk_make_navigation_stack
apsk_make_picker
apsk_make_popover
apsk_make_radio_group
apsk_make_search_field
apsk_make_secure_field
apsk_make_segmented_control
apsk_make_sheet_reactive
apsk_make_slider_reactive
apsk_make_stepper
apsk_make_surface
apsk_make_tab_view
apsk_make_text_area
apsk_make_text_editor
apsk_make_text_field
apsk_make_time_picker
apsk_make_toggle_button
apsk_make_toggle_reactive
apsk_make_toolbar
-- appkit unique --
apsk_make_alert
apsk_make_button_reactive
apsk_make_card
apsk_make_checkbox
apsk_make_color_picker
apsk_make_confirmation_dialog
apsk_make_date_picker
apsk_make_divider
apsk_make_form
apsk_make_glass_background
apsk_make_grid
apsk_make_icon_button
apsk_make_image
apsk_make_label_reactive
apsk_make_link_button
apsk_make_list_view
apsk_make_menu_button
apsk_make_navigation_link
apsk_make_navigation_split_view
apsk_make_navigation_stack
apsk_make_picker
apsk_make_popover
apsk_make_radio_group
apsk_make_search_field
apsk_make_secure_field
apsk_make_segmented_control
apsk_make_sheet
apsk_make_slider_reactive
apsk_make_stepper
apsk_make_surface
apsk_make_tab_view
apsk_make_text_area
apsk_make_text_editor
apsk_make_text_field
apsk_make_time_picker
apsk_make_toggle_button
apsk_make_toggle_reactive
apsk_make_toolbar
