=== Per-facade @objc public static func make count ===
1 AlertFacade.swift
2 ButtonFacade.swift
1 CardFacade.swift
1 CheckboxFacade.swift
1 ColorPickerFacade.swift
1 ConfirmationDialogFacade.swift
1 DatePickerFacade.swift
1 DividerFacade.swift
1 FormFacade.swift
1 GlassBackgroundFacade.swift
1 GridFacade.swift
1 IconButtonFacade.swift
1 ImageFacade.swift
2 LabelFacade.swift
1 LinkButtonFacade.swift
1 ListViewFacade.swift
1 MenuButtonFacade.swift
1 NavigationLinkFacade.swift
1 NavigationSplitViewFacade.swift
1 NavigationStackFacade.swift
1 PickerFacade.swift
1 PopoverFacade.swift
1 RadioGroupFacade.swift
0 ReactiveState.swift
1 SearchFieldFacade.swift
1 SecureFieldFacade.swift
1 SegmentedControlFacade.swift
2 SheetFacade.swift
2 SliderFacade.swift
1 SpacerFacade.swift
1 StepperFacade.swift
1 SurfaceFacade.swift
1 TabViewFacade.swift
1 TextAreaFacade.swift
1 TextEditorFacade.swift
1 TextFieldFacade.swift
1 TimePickerFacade.swift
1 ToggleButtonFacade.swift
2 ToggleFacade.swift
1 ToolbarFacade.swift
0 ValueStorage.swift
