=== Facade Common+Host coverage ===
apply=1 host=1 AlertFacade.swift
apply=3 host=1 ButtonFacade.swift
apply=1 host=1 CardFacade.swift
apply=1 host=1 CheckboxFacade.swift
apply=1 host=1 ColorPickerFacade.swift
apply=1 host=1 ConfirmationDialogFacade.swift
apply=1 host=1 DatePickerFacade.swift
apply=1 host=1 DividerFacade.swift
apply=1 host=1 FormFacade.swift
apply=1 host=2 GlassBackgroundFacade.swift
apply=1 host=1 GridFacade.swift
apply=1 host=1 IconButtonFacade.swift
apply=1 host=1 ImageFacade.swift
apply=1 host=1 LabelFacade.swift
apply=1 host=1 LinkButtonFacade.swift
apply=1 host=1 ListViewFacade.swift
apply=1 host=1 MenuButtonFacade.swift
apply=1 host=1 NavigationLinkFacade.swift
apply=1 host=1 NavigationSplitViewFacade.swift
apply=1 host=1 NavigationStackFacade.swift
apply=1 host=1 PickerFacade.swift
apply=1 host=1 PopoverFacade.swift
apply=1 host=1 RadioGroupFacade.swift
apply=1 host=1 SearchFieldFacade.swift
apply=1 host=1 SecureFieldFacade.swift
apply=1 host=1 SegmentedControlFacade.swift
apply=1 host=1 SheetFacade.swift
apply=1 host=1 SliderFacade.swift
apply=1 host=1 SpacerFacade.swift
apply=1 host=1 StepperFacade.swift
apply=1 host=1 SurfaceFacade.swift
apply=1 host=1 TabViewFacade.swift
apply=1 host=1 TextAreaFacade.swift
apply=1 host=1 TextEditorFacade.swift
apply=1 host=2 TextFieldFacade.swift
apply=1 host=1 TimePickerFacade.swift
apply=1 host=1 ToggleButtonFacade.swift
apply=2 host=1 ToggleFacade.swift
apply=1 host=1 ToolbarFacade.swift
