phase-03-action-tap-probe-light: SNAPSHOT OK /Users/crimsonknight/open_source_coding_projects/asset_pipeline/docs/initiative-cross-platform-ui/handoff/phase-03-evidence-2026-05-21-iter5/screenshots/phase-03-action-tap-probe-macos-light.png (dimensions 2400x1800) [offscreen]
phase-03-action-tap-probe-dark: SNAPSHOT OK /Users/crimsonknight/open_source_coding_projects/asset_pipeline/docs/initiative-cross-platform-ui/handoff/phase-03-evidence-2026-05-21-iter5/screenshots/phase-03-action-tap-probe-macos-dark.png (dimensions 2400x1800) [offscreen]
phase-03-toggle-value-probe-light: SNAPSHOT OK /Users/crimsonknight/open_source_coding_projects/asset_pipeline/docs/initiative-cross-platform-ui/handoff/phase-03-evidence-2026-05-21-iter5/screenshots/phase-03-toggle-value-probe-macos-light.png (dimensions 2400x1800) [offscreen]
phase-03-toggle-value-probe-dark: SNAPSHOT OK /Users/crimsonknight/open_source_coding_projects/asset_pipeline/docs/initiative-cross-platform-ui/handoff/phase-03-evidence-2026-05-21-iter5/screenshots/phase-03-toggle-value-probe-macos-dark.png (dimensions 2400x1800) [offscreen]
phase-03-slider-value-probe-light: SNAPSHOT OK /Users/crimsonknight/open_source_coding_projects/asset_pipeline/docs/initiative-cross-platform-ui/handoff/phase-03-evidence-2026-05-21-iter5/screenshots/phase-03-slider-value-probe-macos-light.png (dimensions 2400x1800) [offscreen]
phase-03-slider-value-probe-dark: SNAPSHOT OK /Users/crimsonknight/open_source_coding_projects/asset_pipeline/docs/initiative-cross-platform-ui/handoff/phase-03-evidence-2026-05-21-iter5/screenshots/phase-03-slider-value-probe-macos-dark.png (dimensions 2400x1800) [offscreen]
phase-03-runtime-override-probe-light: SNAPSHOT OK /Users/crimsonknight/open_source_coding_projects/asset_pipeline/docs/initiative-cross-platform-ui/handoff/phase-03-evidence-2026-05-21-iter5/screenshots/phase-03-runtime-override-probe-macos-light.png (dimensions 2400x1800) [offscreen]
phase-03-runtime-override-probe-dark: SNAPSHOT OK /Users/crimsonknight/open_source_coding_projects/asset_pipeline/docs/initiative-cross-platform-ui/handoff/phase-03-evidence-2026-05-21-iter5/screenshots/phase-03-runtime-override-probe-macos-dark.png (dimensions 2400x1800) [offscreen]
phase-03-form-nested-buttons-light: SNAPSHOT OK /Users/crimsonknight/open_source_coding_projects/asset_pipeline/docs/initiative-cross-platform-ui/handoff/phase-03-evidence-2026-05-21-iter5/screenshots/phase-03-form-nested-buttons-macos-light.png (dimensions 2400x1800) [offscreen]
phase-03-form-nested-buttons-dark: SNAPSHOT OK /Users/crimsonknight/open_source_coding_projects/asset_pipeline/docs/initiative-cross-platform-ui/handoff/phase-03-evidence-2026-05-21-iter5/screenshots/phase-03-form-nested-buttons-macos-dark.png (dimensions 2400x1800) [offscreen]
phase-03-sheet-focus-return-light: SNAPSHOT OK /Users/crimsonknight/open_source_coding_projects/asset_pipeline/docs/initiative-cross-platform-ui/handoff/phase-03-evidence-2026-05-21-iter5/screenshots/phase-03-sheet-focus-return-macos-light.png (dimensions 2400x1800) [offscreen]
phase-03-sheet-focus-return-dark: SNAPSHOT OK /Users/crimsonknight/open_source_coding_projects/asset_pipeline/docs/initiative-cross-platform-ui/handoff/phase-03-evidence-2026-05-21-iter5/screenshots/phase-03-sheet-focus-return-macos-dark.png (dimensions 2400x1800) [offscreen]
phase-03-button-default-light: SNAPSHOT OK /Users/crimsonknight/open_source_coding_projects/asset_pipeline/docs/initiative-cross-platform-ui/handoff/phase-03-evidence-2026-05-21-iter5/screenshots/phase-03-button-default-macos-light.png (dimensions 2400x1800) [offscreen]
phase-03-button-default-dark: SNAPSHOT OK /Users/crimsonknight/open_source_coding_projects/asset_pipeline/docs/initiative-cross-platform-ui/handoff/phase-03-evidence-2026-05-21-iter5/screenshots/phase-03-button-default-macos-dark.png (dimensions 2400x1800) [offscreen]
phase-03-button-background-override-light: SNAPSHOT OK /Users/crimsonknight/open_source_coding_projects/asset_pipeline/docs/initiative-cross-platform-ui/handoff/phase-03-evidence-2026-05-21-iter5/screenshots/phase-03-button-background-override-macos-light.png (dimensions 2400x1800) [offscreen]
phase-03-button-background-override-dark: SNAPSHOT OK /Users/crimsonknight/open_source_coding_projects/asset_pipeline/docs/initiative-cross-platform-ui/handoff/phase-03-evidence-2026-05-21-iter5/screenshots/phase-03-button-background-override-macos-dark.png (dimensions 2400x1800) [offscreen]
phase-03-button-square-light: SNAPSHOT OK /Users/crimsonknight/open_source_coding_projects/asset_pipeline/docs/initiative-cross-platform-ui/handoff/phase-03-evidence-2026-05-21-iter5/screenshots/phase-03-button-square-macos-light.png (dimensions 2400x1800) [offscreen]
phase-03-button-square-dark: SNAPSHOT OK /Users/crimsonknight/open_source_coding_projects/asset_pipeline/docs/initiative-cross-platform-ui/handoff/phase-03-evidence-2026-05-21-iter5/screenshots/phase-03-button-square-macos-dark.png (dimensions 2400x1800) [offscreen]
phase-03-toggle-default-light: SNAPSHOT OK /Users/crimsonknight/open_source_coding_projects/asset_pipeline/docs/initiative-cross-platform-ui/handoff/phase-03-evidence-2026-05-21-iter5/screenshots/phase-03-toggle-default-macos-light.png (dimensions 2400x1800) [offscreen]
phase-03-toggle-default-dark: SNAPSHOT OK /Users/crimsonknight/open_source_coding_projects/asset_pipeline/docs/initiative-cross-platform-ui/handoff/phase-03-evidence-2026-05-21-iter5/screenshots/phase-03-toggle-default-macos-dark.png (dimensions 2400x1800) [offscreen]
phase-03-card-default-light: SNAPSHOT OK /Users/crimsonknight/open_source_coding_projects/asset_pipeline/docs/initiative-cross-platform-ui/handoff/phase-03-evidence-2026-05-21-iter5/screenshots/phase-03-card-default-macos-light.png (dimensions 2400x1800) [offscreen]
phase-03-card-default-dark: SNAPSHOT OK /Users/crimsonknight/open_source_coding_projects/asset_pipeline/docs/initiative-cross-platform-ui/handoff/phase-03-evidence-2026-05-21-iter5/screenshots/phase-03-card-default-macos-dark.png (dimensions 2400x1800) [offscreen]
phase-03-form-default-light: SNAPSHOT OK /Users/crimsonknight/open_source_coding_projects/asset_pipeline/docs/initiative-cross-platform-ui/handoff/phase-03-evidence-2026-05-21-iter5/screenshots/phase-03-form-default-macos-light.png (dimensions 2400x1800) [offscreen]
phase-03-form-default-dark: SNAPSHOT OK /Users/crimsonknight/open_source_coding_projects/asset_pipeline/docs/initiative-cross-platform-ui/handoff/phase-03-evidence-2026-05-21-iter5/screenshots/phase-03-form-default-macos-dark.png (dimensions 2400x1800) [offscreen]
