SNAPSHOT OK /Users/crimsonknight/open_source_coding_projects/asset_pipeline/docs/initiative-cross-platform-ui/handoff/phase-03-evidence-2026-05-21-iter6/screenshots/V-phase-03-button-default-macos-light.png (dimensions 2400x1800) [offscreen]
  phase-03-button-default/light: 81058 bytes
SNAPSHOT OK /Users/crimsonknight/open_source_coding_projects/asset_pipeline/docs/initiative-cross-platform-ui/handoff/phase-03-evidence-2026-05-21-iter6/screenshots/V-phase-03-button-default-macos-dark.png (dimensions 2400x1800) [offscreen]
  phase-03-button-default/dark: 81093 bytes
SNAPSHOT OK /Users/crimsonknight/open_source_coding_projects/asset_pipeline/docs/initiative-cross-platform-ui/handoff/phase-03-evidence-2026-05-21-iter6/screenshots/V-phase-03-button-background-override-macos-light.png (dimensions 2400x1800) [offscreen]
  phase-03-button-background-override/light: 81714 bytes
SNAPSHOT OK /Users/crimsonknight/open_source_coding_projects/asset_pipeline/docs/initiative-cross-platform-ui/handoff/phase-03-evidence-2026-05-21-iter6/screenshots/V-phase-03-button-background-override-macos-dark.png (dimensions 2400x1800) [offscreen]
  phase-03-button-background-override/dark: 81890 bytes
SNAPSHOT OK /Users/crimsonknight/open_source_coding_projects/asset_pipeline/docs/initiative-cross-platform-ui/handoff/phase-03-evidence-2026-05-21-iter6/screenshots/V-phase-03-button-square-macos-light.png (dimensions 2400x1800) [offscreen]
  phase-03-button-square/light: 81058 bytes
SNAPSHOT OK /Users/crimsonknight/open_source_coding_projects/asset_pipeline/docs/initiative-cross-platform-ui/handoff/phase-03-evidence-2026-05-21-iter6/screenshots/V-phase-03-button-square-macos-dark.png (dimensions 2400x1800) [offscreen]
  phase-03-button-square/dark: 81093 bytes
SNAPSHOT OK /Users/crimsonknight/open_source_coding_projects/asset_pipeline/docs/initiative-cross-platform-ui/handoff/phase-03-evidence-2026-05-21-iter6/screenshots/V-phase-03-toggle-default-macos-light.png (dimensions 2400x1800) [offscreen]
  phase-03-toggle-default/light: 81063 bytes
SNAPSHOT OK /Users/crimsonknight/open_source_coding_projects/asset_pipeline/docs/initiative-cross-platform-ui/handoff/phase-03-evidence-2026-05-21-iter6/screenshots/V-phase-03-toggle-default-macos-dark.png (dimensions 2400x1800) [offscreen]
  phase-03-toggle-default/dark: 81277 bytes
SNAPSHOT OK /Users/crimsonknight/open_source_coding_projects/asset_pipeline/docs/initiative-cross-platform-ui/handoff/phase-03-evidence-2026-05-21-iter6/screenshots/V-phase-03-card-default-macos-light.png (dimensions 2400x1800) [offscreen]
  phase-03-card-default/light: 97512 bytes
SNAPSHOT OK /Users/crimsonknight/open_source_coding_projects/asset_pipeline/docs/initiative-cross-platform-ui/handoff/phase-03-evidence-2026-05-21-iter6/screenshots/V-phase-03-card-default-macos-dark.png (dimensions 2400x1800) [offscreen]
  phase-03-card-default/dark: 98211 bytes
SNAPSHOT OK /Users/crimsonknight/open_source_coding_projects/asset_pipeline/docs/initiative-cross-platform-ui/handoff/phase-03-evidence-2026-05-21-iter6/screenshots/V-phase-03-form-default-macos-light.png (dimensions 2400x1800) [offscreen]
  phase-03-form-default/light: 89209 bytes
SNAPSHOT OK /Users/crimsonknight/open_source_coding_projects/asset_pipeline/docs/initiative-cross-platform-ui/handoff/phase-03-evidence-2026-05-21-iter6/screenshots/V-phase-03-form-default-macos-dark.png (dimensions 2400x1800) [offscreen]
  phase-03-form-default/dark: 90415 bytes
