                 U _apsk_alert_overrides_new
                 U _apsk_button_clear_background_color
                 U _apsk_button_clear_corner_radius
                 U _apsk_button_overrides_new
                 U _apsk_button_set_background_color
                 U _apsk_button_set_corner_radius
                 U _apsk_card_overrides_new
                 U _apsk_checkbox_overrides_new
                 U _apsk_color_picker_overrides_new
                 U _apsk_confirmation_dialog_overrides_new
                 U _apsk_date_picker_overrides_new
                 U _apsk_divider_overrides_new
                 U _apsk_form_overrides_new
                 U _apsk_glass_background_overrides_new
                 U _apsk_grid_overrides_new
                 U _apsk_icon_button_overrides_new
                 U _apsk_image_overrides_new
                 U _apsk_label_overrides_new
                 U _apsk_label_set_text
                 U _apsk_link_button_overrides_new
