uikit_renderer apsk_make_* call count: 39
appkit_renderer apsk_make_* call count: 39

--- uikit calls ---
4776:      # passing to a `LibSwiftKitBridge.apsk_make_*` facade as its
alert
button_reactive
card
checkbox
color_picker
confirmation_dialog
date_picker
divider
form
glass_background
grid
icon_button
image
label_reactive
link_button
list_view
menu_button
navigation_link
navigation_split_view
navigation_stack
picker
popover
radio_group
search_field
secure_field
segmented_control
sheet
slider_reactive
stepper
surface
tab_view
text_area
text_editor
text_field
time_picker
toggle_button
toggle_reactive
toolbar

--- appkit calls ---
4665:      # passing to a `LibSwiftKitBridge.apsk_make_*` facade as its
alert
button_reactive
card
checkbox
color_picker
confirmation_dialog
date_picker
divider
form
glass_background
grid
icon_button
image
label_reactive
link_button
list_view
menu_button
navigation_link
navigation_split_view
navigation_stack
picker
popover
radio_group
search_field
secure_field
segmented_control
sheet
slider_reactive
stepper
surface
tab_view
text_area
text_editor
text_field
time_picker
toggle_button
toggle_reactive
toolbar
