AlertFacade.swift,1
ButtonFacade.swift,2
CardFacade.swift,1
CheckboxFacade.swift,1
ColorPickerFacade.swift,1
ConfirmationDialogFacade.swift,1
DatePickerFacade.swift,1
DividerFacade.swift,1
FormFacade.swift,1
GlassBackgroundFacade.swift,1
GridFacade.swift,1
IconButtonFacade.swift,1
ImageFacade.swift,1
LabelFacade.swift,2
LinkButtonFacade.swift,1
ListViewFacade.swift,1
MenuButtonFacade.swift,1
NavigationLinkFacade.swift,1
NavigationSplitViewFacade.swift,1
NavigationStackFacade.swift,1
PickerFacade.swift,1
PopoverFacade.swift,1
RadioGroupFacade.swift,1
ReactiveState.swift,0
SearchFieldFacade.swift,1
SecureFieldFacade.swift,1
SegmentedControlFacade.swift,1
SheetFacade.swift,1
SliderFacade.swift,2
SpacerFacade.swift,1
StepperFacade.swift,1
SurfaceFacade.swift,1
TabViewFacade.swift,1
TextAreaFacade.swift,1
TextEditorFacade.swift,1
TextFieldFacade.swift,1
TimePickerFacade.swift,1
ToggleButtonFacade.swift,1
ToggleFacade.swift,2
ToolbarFacade.swift,1
ValueStorage.swift,0
