/Users/crimsonknight/open_source_coding_projects/asset_pipeline/samples/cross_platform/macos_host/bin/hig_showcase:
	/System/Library/Frameworks/AppKit.framework/Versions/C/AppKit (compatibility version 45.0.0, current version 2685.50.120)
	/System/Library/Frameworks/Foundation.framework/Versions/C/Foundation (compatibility version 300.0.0, current version 4424.1.255)
	/System/Library/Frameworks/SwiftUI.framework/Versions/A/SwiftUI (compatibility version 1.0.0, current version 7.4.27)
	/System/Library/Frameworks/Combine.framework/Versions/A/Combine (compatibility version 1.0.0, current version 3023.0.0)
	/System/Library/Frameworks/ApplicationServices.framework/Versions/A/ApplicationServices (compatibility version 1.0.0, current version 66.0.0)
	/System/Library/Frameworks/CoreFoundation.framework/Versions/A/CoreFoundation (compatibility version 150.0.0, current version 4424.1.255)
	/System/Library/Frameworks/CoreGraphics.framework/Versions/A/CoreGraphics (compatibility version 64.0.0, current version 1965.4.5)
	/System/Library/Frameworks/ImageIO.framework/Versions/A/ImageIO (compatibility version 1.0.0, current version 1.0.0)
	/System/Library/Frameworks/QuartzCore.framework/Versions/A/QuartzCore (compatibility version 1.2.0, current version 1195.9.0)
	/System/Library/Frameworks/UserNotifications.framework/Versions/A/UserNotifications (compatibility version 1.0.0, current version 1.0.0)
	/System/Library/Frameworks/WebKit.framework/Versions/A/WebKit (compatibility version 1.0.0, current version 624.1.16)
	/System/Library/Frameworks/MapKit.framework/Versions/A/MapKit (compatibility version 1.0.0, current version 0.0.0)
	/System/Library/Frameworks/CoreLocation.framework/Versions/A/CoreLocation (compatibility version 1.0.0, current version 3072.0.46)
	/System/Library/Frameworks/AVKit.framework/Versions/A/AVKit (compatibility version 1.0.0, current version 1.0.0)
	/System/Library/Frameworks/AVFoundation.framework/Versions/A/AVFoundation (compatibility version 1.0.0, current version 2.0.0)
	/usr/lib/libobjc.A.dylib (compatibility version 1.0.0, current version 228.0.0)
	/usr/lib/libz.1.dylib (compatibility version 1.0.0, current version 1.2.12)
	/opt/homebrew/opt/openssl@3/lib/libssl.3.dylib (compatibility version 3.0.0, current version 3.0.0)
	/opt/homebrew/opt/openssl@3/lib/libcrypto.3.dylib (compatibility version 3.0.0, current version 3.0.0)
	/opt/homebrew/opt/bdw-gc/lib/libgc.1.dylib (compatibility version 1.0.0, current version 1.5.6)
	/usr/lib/libiconv.2.dylib (compatibility version 7.0.0, current version 7.0.0)
	/usr/lib/libSystem.B.dylib (compatibility version 1.0.0, current version 1356.0.0)
	/System/Library/Frameworks/_LocationEssentials.framework/Versions/A/_LocationEssentials (compatibility version 1.0.0, current version 1.0.0)
	/usr/lib/swift/libswiftCore.dylib (compatibility version 0.0.0, current version 0.0.0)
	/usr/lib/swift/libswiftCoreFoundation.dylib (compatibility version 1.0.0, current version 120.100.0, weak)
	/usr/lib/swift/libswiftCoreImage.dylib (compatibility version 1.0.0, current version 2.2.0, weak)
	/usr/lib/swift/libswiftDispatch.dylib (compatibility version 1.0.0, current version 1542.100.32, weak)
	/usr/lib/swift/libswiftIOKit.dylib (compatibility version 1.0.0, current version 1.0.0, weak)
	/usr/lib/swift/libswiftMetal.dylib (compatibility version 1.0.0, current version 372.16.0, weak)
	/usr/lib/swift/libswiftOSLog.dylib (compatibility version 1.0.0, current version 10.0.0, weak)
	/usr/lib/swift/libswiftObjectiveC.dylib (compatibility version 1.0.0, current version 951.7.0, weak)
	/usr/lib/swift/libswiftQuartzCore.dylib (compatibility version 1.0.0, current version 5.0.0, weak)
	/usr/lib/swift/libswiftSpatial.dylib (compatibility version 1.0.0, current version 1.0.0, weak)
	/usr/lib/swift/libswiftUniformTypeIdentifiers.dylib (compatibility version 1.0.0, current version 877.4.9, weak)
	/usr/lib/swift/libswiftXPC.dylib (compatibility version 1.0.0, current version 128.100.15, weak)
	/usr/lib/swift/libswift_Builtin_float.dylib (compatibility version 0.0.0, current version 0.0.0, weak)
	/usr/lib/swift/libswiftos.dylib (compatibility version 1.0.0, current version 1082.0.0)
	/usr/lib/swift/libswiftsimd.dylib (compatibility version 1.0.0, current version 23.0.0, weak)
