=== uikit_renderer.cr typed-wrapper apsk_make_* calls ===
198:        ptr = LibSwiftKitBridge.apsk_make_label(view.text.to_unsafe, overrides_ptr)
249:        ptr = LibSwiftKitBridge.apsk_make_button(
391:        ptr = LibSwiftKitBridge.apsk_make_image(view.source.to_unsafe, overrides_ptr)
414:        ptr = LibSwiftKitBridge.apsk_make_text_field(
537:        ptr = LibSwiftKitBridge.apsk_make_toggle(
569:        ptr = LibSwiftKitBridge.apsk_make_checkbox(
606:        ptr = LibSwiftKitBridge.apsk_make_radio_group(
649:        ptr = LibSwiftKitBridge.apsk_make_slider(
676:        ptr = LibSwiftKitBridge.apsk_make_navigation_stack(
697:        ptr = LibSwiftKitBridge.apsk_make_navigation_link(
753:        ptr = LibSwiftKitBridge.apsk_make_tab_view(
1007:        ptr = LibSwiftKitBridge.apsk_make_alert(
1211:        ptr = LibSwiftKitBridge.apsk_make_picker(
1235:        ptr = LibSwiftKitBridge.apsk_make_icon_button(
1277:        ptr = LibSwiftKitBridge.apsk_make_list_view(
1537:        ptr = LibSwiftKitBridge.apsk_make_secure_field(
1560:        ptr = LibSwiftKitBridge.apsk_make_stepper(
1587:        ptr = LibSwiftKitBridge.apsk_make_segmented_control(
1611:        ptr = LibSwiftKitBridge.apsk_make_date_picker(
1634:        ptr = LibSwiftKitBridge.apsk_make_time_picker(
1656:        ptr = LibSwiftKitBridge.apsk_make_search_field(
1679:        ptr = LibSwiftKitBridge.apsk_make_text_area(
1708:        ptr = LibSwiftKitBridge.apsk_make_grid(
1744:        ptr = LibSwiftKitBridge.apsk_make_form(
1787:        ptr = LibSwiftKitBridge.apsk_make_navigation_split_view(
1929:        ptr = LibSwiftKitBridge.apsk_make_toolbar(
2072:        ptr = LibSwiftKitBridge.apsk_make_sheet(
2276:        ptr = LibSwiftKitBridge.apsk_make_popover(
2389:        ptr = LibSwiftKitBridge.apsk_make_confirmation_dialog(
2441:        ptr = LibSwiftKitBridge.apsk_make_card(
2563:        ptr = LibSwiftKitBridge.apsk_make_surface(
2581:        ptr = LibSwiftKitBridge.apsk_make_divider(overrides_ptr)
2609:        ptr = LibSwiftKitBridge.apsk_make_glass_background(overrides_ptr, child_ptr)
2694:        ptr = LibSwiftKitBridge.apsk_make_link_button(
2744:        ptr = LibSwiftKitBridge.apsk_make_menu_button(
3003:        ptr = LibSwiftKitBridge.apsk_make_toggle_button(
3025:        ptr = LibSwiftKitBridge.apsk_make_text_editor(
3674:        ptr = LibSwiftKitBridge.apsk_make_color_picker(
=== appkit_renderer.cr typed-wrapper apsk_make_* calls ===
192:        ptr = LibSwiftKitBridge.apsk_make_label(view.text.to_unsafe, overrides_ptr)
247:        ptr = LibSwiftKitBridge.apsk_make_button(
468:        ptr = LibSwiftKitBridge.apsk_make_image(view.source.to_unsafe, overrides_ptr)
493:        ptr = LibSwiftKitBridge.apsk_make_text_field(
614:        ptr = LibSwiftKitBridge.apsk_make_toggle(
639:        ptr = LibSwiftKitBridge.apsk_make_checkbox(
671:        ptr = LibSwiftKitBridge.apsk_make_radio_group(
697:        ptr = LibSwiftKitBridge.apsk_make_slider(
724:        ptr = LibSwiftKitBridge.apsk_make_navigation_stack(
748:        ptr = LibSwiftKitBridge.apsk_make_navigation_link(
809:        ptr = LibSwiftKitBridge.apsk_make_tab_view(
1042:        ptr = LibSwiftKitBridge.apsk_make_alert(
1216:        ptr = LibSwiftKitBridge.apsk_make_picker(
1240:        ptr = LibSwiftKitBridge.apsk_make_icon_button(
1282:        ptr = LibSwiftKitBridge.apsk_make_list_view(
1472:        ptr = LibSwiftKitBridge.apsk_make_secure_field(
1497:        ptr = LibSwiftKitBridge.apsk_make_stepper(
1527:        ptr = LibSwiftKitBridge.apsk_make_segmented_control(
1554:        ptr = LibSwiftKitBridge.apsk_make_date_picker(
1580:        ptr = LibSwiftKitBridge.apsk_make_time_picker(
1605:        ptr = LibSwiftKitBridge.apsk_make_search_field(
1631:        ptr = LibSwiftKitBridge.apsk_make_text_area(
1663:        ptr = LibSwiftKitBridge.apsk_make_grid(
1702:        ptr = LibSwiftKitBridge.apsk_make_form(
1759:        ptr = LibSwiftKitBridge.apsk_make_navigation_split_view(
1938:        ptr = LibSwiftKitBridge.apsk_make_toolbar(
2098:        ptr = LibSwiftKitBridge.apsk_make_sheet(
2271:        ptr = LibSwiftKitBridge.apsk_make_popover(
2370:        ptr = LibSwiftKitBridge.apsk_make_confirmation_dialog(
2443:        ptr = LibSwiftKitBridge.apsk_make_card(
2576:        ptr = LibSwiftKitBridge.apsk_make_surface(
2594:        ptr = LibSwiftKitBridge.apsk_make_divider(overrides_ptr)
2622:        ptr = LibSwiftKitBridge.apsk_make_glass_background(overrides_ptr, child_ptr)
2709:        ptr = LibSwiftKitBridge.apsk_make_link_button(
2759:        ptr = LibSwiftKitBridge.apsk_make_menu_button(
2890:        ptr = LibSwiftKitBridge.apsk_make_toggle_button(
2912:        ptr = LibSwiftKitBridge.apsk_make_text_editor(
3620:        ptr = LibSwiftKitBridge.apsk_make_color_picker(
