AlertFacade.swift
ButtonFacade.swift
CardFacade.swift
CheckboxFacade.swift
ColorPickerFacade.swift
ConfirmationDialogFacade.swift
DatePickerFacade.swift
DividerFacade.swift
FormFacade.swift
GlassBackgroundFacade.swift
GridFacade.swift
IconButtonFacade.swift
ImageFacade.swift
LabelFacade.swift
LinkButtonFacade.swift
ListViewFacade.swift
MenuButtonFacade.swift
NavigationLinkFacade.swift
NavigationSplitViewFacade.swift
NavigationStackFacade.swift
PickerFacade.swift
PopoverFacade.swift
RadioGroupFacade.swift
SearchFieldFacade.swift
SecureFieldFacade.swift
SegmentedControlFacade.swift
SheetFacade.swift
SliderFacade.swift
SpacerFacade.swift
StepperFacade.swift
SurfaceFacade.swift
TabViewFacade.swift
TextAreaFacade.swift
TextEditorFacade.swift
TextFieldFacade.swift
TimePickerFacade.swift
ToggleButtonFacade.swift
ToggleFacade.swift
ToolbarFacade.swift
ValueStorage.swift
