# I1 — UIKit renderer: APSK*Facade calls (presence of facade routing)
201:        ptr = LibSwiftKitBridge.apsk_make_label_reactive(
267:        ptr = LibSwiftKitBridge.apsk_make_button_reactive(
413:        ptr = LibSwiftKitBridge.apsk_make_image(view.source.to_unsafe, overrides_ptr)
436:        ptr = LibSwiftKitBridge.apsk_make_text_field(
561:        ptr = LibSwiftKitBridge.apsk_make_toggle_reactive(
598:        ptr = LibSwiftKitBridge.apsk_make_checkbox(
635:        ptr = LibSwiftKitBridge.apsk_make_radio_group(
680:        ptr = LibSwiftKitBridge.apsk_make_slider_reactive(
712:        ptr = LibSwiftKitBridge.apsk_make_navigation_stack(
733:        ptr = LibSwiftKitBridge.apsk_make_navigation_link(
789:        ptr = LibSwiftKitBridge.apsk_make_tab_view(
1043:        ptr = LibSwiftKitBridge.apsk_make_alert(
1247:        ptr = LibSwiftKitBridge.apsk_make_picker(
1271:        ptr = LibSwiftKitBridge.apsk_make_icon_button(
1313:        ptr = LibSwiftKitBridge.apsk_make_list_view(
1573:        ptr = LibSwiftKitBridge.apsk_make_secure_field(
1596:        ptr = LibSwiftKitBridge.apsk_make_stepper(
1623:        ptr = LibSwiftKitBridge.apsk_make_segmented_control(
1647:        ptr = LibSwiftKitBridge.apsk_make_date_picker(
1670:        ptr = LibSwiftKitBridge.apsk_make_time_picker(
1692:        ptr = LibSwiftKitBridge.apsk_make_search_field(
1715:        ptr = LibSwiftKitBridge.apsk_make_text_area(
1744:        ptr = LibSwiftKitBridge.apsk_make_grid(
1780:        ptr = LibSwiftKitBridge.apsk_make_form(
1823:        ptr = LibSwiftKitBridge.apsk_make_navigation_split_view(
1965:        ptr = LibSwiftKitBridge.apsk_make_toolbar(
2108:        ptr = LibSwiftKitBridge.apsk_make_sheet(
2312:        ptr = LibSwiftKitBridge.apsk_make_popover(
2425:        ptr = LibSwiftKitBridge.apsk_make_confirmation_dialog(
2477:        ptr = LibSwiftKitBridge.apsk_make_card(
2599:        ptr = LibSwiftKitBridge.apsk_make_surface(
2617:        ptr = LibSwiftKitBridge.apsk_make_divider(overrides_ptr)
2645:        ptr = LibSwiftKitBridge.apsk_make_glass_background(overrides_ptr, child_ptr)
2730:        ptr = LibSwiftKitBridge.apsk_make_link_button(
2780:        ptr = LibSwiftKitBridge.apsk_make_menu_button(
3039:        ptr = LibSwiftKitBridge.apsk_make_toggle_button(
3061:        ptr = LibSwiftKitBridge.apsk_make_text_editor(
3710:        ptr = LibSwiftKitBridge.apsk_make_color_picker(
