# I2 — AppKit renderer: APSK*Facade calls
194:        ptr = LibSwiftKitBridge.apsk_make_label_reactive(
262:        ptr = LibSwiftKitBridge.apsk_make_button_reactive(
487:        ptr = LibSwiftKitBridge.apsk_make_image(view.source.to_unsafe, overrides_ptr)
512:        ptr = LibSwiftKitBridge.apsk_make_text_field(
635:        ptr = LibSwiftKitBridge.apsk_make_toggle_reactive(
665:        ptr = LibSwiftKitBridge.apsk_make_checkbox(
697:        ptr = LibSwiftKitBridge.apsk_make_radio_group(
725:        ptr = LibSwiftKitBridge.apsk_make_slider_reactive(
757:        ptr = LibSwiftKitBridge.apsk_make_navigation_stack(
781:        ptr = LibSwiftKitBridge.apsk_make_navigation_link(
842:        ptr = LibSwiftKitBridge.apsk_make_tab_view(
1075:        ptr = LibSwiftKitBridge.apsk_make_alert(
1249:        ptr = LibSwiftKitBridge.apsk_make_picker(
1273:        ptr = LibSwiftKitBridge.apsk_make_icon_button(
1315:        ptr = LibSwiftKitBridge.apsk_make_list_view(
1505:        ptr = LibSwiftKitBridge.apsk_make_secure_field(
1530:        ptr = LibSwiftKitBridge.apsk_make_stepper(
1560:        ptr = LibSwiftKitBridge.apsk_make_segmented_control(
1587:        ptr = LibSwiftKitBridge.apsk_make_date_picker(
1613:        ptr = LibSwiftKitBridge.apsk_make_time_picker(
1638:        ptr = LibSwiftKitBridge.apsk_make_search_field(
1664:        ptr = LibSwiftKitBridge.apsk_make_text_area(
1696:        ptr = LibSwiftKitBridge.apsk_make_grid(
1735:        ptr = LibSwiftKitBridge.apsk_make_form(
1792:        ptr = LibSwiftKitBridge.apsk_make_navigation_split_view(
1971:        ptr = LibSwiftKitBridge.apsk_make_toolbar(
2131:        ptr = LibSwiftKitBridge.apsk_make_sheet(
2304:        ptr = LibSwiftKitBridge.apsk_make_popover(
2403:        ptr = LibSwiftKitBridge.apsk_make_confirmation_dialog(
2476:        ptr = LibSwiftKitBridge.apsk_make_card(
2609:        ptr = LibSwiftKitBridge.apsk_make_surface(
2627:        ptr = LibSwiftKitBridge.apsk_make_divider(overrides_ptr)
2655:        ptr = LibSwiftKitBridge.apsk_make_glass_background(overrides_ptr, child_ptr)
2742:        ptr = LibSwiftKitBridge.apsk_make_link_button(
2792:        ptr = LibSwiftKitBridge.apsk_make_menu_button(
2923:        ptr = LibSwiftKitBridge.apsk_make_toggle_button(
2945:        ptr = LibSwiftKitBridge.apsk_make_text_editor(
3653:        ptr = LibSwiftKitBridge.apsk_make_color_picker(
