# I3 — APSK*Facade call matrix per renderer

## UIKit apsk_make_* calls
   1 toolbar
   1 toggle_reactive
   1 toggle_button
   1 time_picker
   1 text_field
   1 text_editor
   1 text_area
   1 tab_view
   1 surface
   1 stepper
   1 slider_reactive
   1 sheet
   1 segmented_control
   1 secure_field
   1 search_field
   1 radio_group
   1 popover
   1 picker
   1 navigation_stack
   1 navigation_split_view
   1 navigation_link
   1 menu_button
   1 list_view
   1 link_button
   1 label_reactive
   1 image
   1 icon_button
   1 grid
   1 glass_background
   1 form
   1 divider
   1 date_picker
   1 confirmation_dialog
   1 color_picker
   1 checkbox
   1 card
   1 button_reactive
   1 alert

## AppKit apsk_make_* calls
   1 toolbar
   1 toggle_reactive
   1 toggle_button
   1 time_picker
   1 text_field
   1 text_editor
   1 text_area
   1 tab_view
   1 surface
   1 stepper
   1 slider_reactive
   1 sheet
   1 segmented_control
   1 secure_field
   1 search_field
   1 radio_group
   1 popover
   1 picker
   1 navigation_stack
   1 navigation_split_view
   1 navigation_link
   1 menu_button
   1 list_view
   1 link_button
   1 label_reactive
   1 image
   1 icon_button
   1 grid
   1 glass_background
   1 form
   1 divider
   1 date_picker
   1 confirmation_dialog
   1 color_picker
   1 checkbox
   1 card
   1 button_reactive
   1 alert
