AlertFacade: 1 make-method(s)
ButtonFacade: 2 make-method(s)
CardFacade: 1 make-method(s)
CheckboxFacade: 1 make-method(s)
ColorPickerFacade: 1 make-method(s)
ConfirmationDialogFacade: 1 make-method(s)
DatePickerFacade: 1 make-method(s)
DividerFacade: 1 make-method(s)
FormFacade: 1 make-method(s)
GlassBackgroundFacade: 1 make-method(s)
GridFacade: 1 make-method(s)
IconButtonFacade: 1 make-method(s)
ImageFacade: 1 make-method(s)
LabelFacade: 2 make-method(s)
LinkButtonFacade: 1 make-method(s)
ListViewFacade: 1 make-method(s)
MenuButtonFacade: 1 make-method(s)
NavigationLinkFacade: 1 make-method(s)
NavigationSplitViewFacade: 1 make-method(s)
NavigationStackFacade: 1 make-method(s)
PickerFacade: 1 make-method(s)
PopoverFacade: 1 make-method(s)
RadioGroupFacade: 1 make-method(s)
SearchFieldFacade: 1 make-method(s)
SecureFieldFacade: 1 make-method(s)
SegmentedControlFacade: 1 make-method(s)
SheetFacade: 1 make-method(s)
SliderFacade: 2 make-method(s)
SpacerFacade: 1 make-method(s)
StepperFacade: 1 make-method(s)
SurfaceFacade: 1 make-method(s)
TabViewFacade: 1 make-method(s)
TextAreaFacade: 1 make-method(s)
TextEditorFacade: 1 make-method(s)
TextFieldFacade: 1 make-method(s)
TimePickerFacade: 1 make-method(s)
ToggleButtonFacade: 1 make-method(s)
ToggleFacade: 2 make-method(s)
ToolbarFacade: 1 make-method(s)
