phase-03-action-tap-probe-macos-dark.png: 6624/4320000 OK
phase-03-action-tap-probe-macos-light.png: 0/4320000 BLANK
phase-03-button-background-override-macos-dark.png: 5136/4320000 OK
phase-03-button-background-override-macos-light.png: 5136/4320000 OK
phase-03-button-default-macos-dark.png: 5044/4320000 OK
phase-03-button-default-macos-light.png: 0/4320000 BLANK
phase-03-button-square-macos-dark.png: 5044/4320000 OK
phase-03-button-square-macos-light.png: 0/4320000 BLANK
phase-03-card-default-macos-dark.png: 1151680/4320000 OK
phase-03-card-default-macos-light.png: 1151700/4320000 OK
phase-03-form-default-macos-dark.png: 127604/4320000 OK
phase-03-form-default-macos-light.png: 104884/4320000 OK
phase-03-form-nested-buttons-macos-dark.png: 17384/4320000 OK
phase-03-form-nested-buttons-macos-light.png: 0/4320000 BLANK
phase-03-runtime-override-probe-macos-dark.png: 20448/4320000 OK
phase-03-runtime-override-probe-macos-light.png: 0/4320000 BLANK
phase-03-sheet-focus-return-macos-dark.png: 9505/4320000 OK
phase-03-sheet-focus-return-macos-light.png: 0/4320000 BLANK
phase-03-slider-value-probe-macos-dark.png: 7931/4320000 OK
phase-03-slider-value-probe-macos-light.png: 1112/4320000 OK
phase-03-toggle-default-macos-dark.png: 1727/4320000 OK
phase-03-toggle-default-macos-light.png: 0/4320000 BLANK
phase-03-toggle-value-probe-macos-dark.png: 2365/4320000 OK
phase-03-toggle-value-probe-macos-light.png: 0/4320000 BLANK
