[0;34m[build][0m Target         : arm64-apple-ios-simulator
[0;34m[build][0m SDK            : /Applications/Xcode.app/Contents/Developer/Platforms/iPhoneSimulator.platform/Developer/SDKs/iPhoneSimulator26.5.sdk
[0;34m[build][0m Bridge source  : /Users/crimsonknight/open_source_coding_projects/asset_pipeline/samples/cross_platform/ios_host/hig_bridge.cr
[0;34m[build][0m Compiling asset_pipeline ObjC bridge for simulator...
/Users/crimsonknight/open_source_coding_projects/asset_pipeline/src/ui/native/objc_bridge.m:1185:21: warning: 'javaScriptEnabled' is deprecated: first deprecated in iOS 14.0 - Use WKWebpagePreferences.allowsContentJavaScript to disable content JavaScript on a per-navigation basis [-Wdeprecated-declarations]
 1185 |         preferences.javaScriptEnabled = (BOOL)allows_scripts;
      |                     ^
/Applications/Xcode.app/Contents/Developer/Platforms/iPhoneSimulator.platform/Developer/SDKs/iPhoneSimulator26.5.sdk/System/Library/Frameworks/WebKit.framework/Headers/WKPreferences.h:115:28: note: 'javaScriptEnabled' has been explicitly marked deprecated here
  115 | @property (nonatomic) BOOL javaScriptEnabled API_DEPRECATED("Use WKWebpagePreferences.allowsContentJavaScript to disable content JavaScript on a per-navigation basis", macos(10.10, 11.0), ios(8.0, 14.0));
      |                            ^
/Users/crimsonknight/open_source_coding_projects/asset_pipeline/src/ui/native/objc_bridge.m:1869:30: warning: 'keyWindow' is deprecated: first deprecated in iOS 13.0 - Should not be used for applications that support multiple scenes as it returns a key window across all connected scenes [-Wdeprecated-declarations]
 1869 |         window = application.keyWindow;
      |                              ^
/Applications/Xcode.app/Contents/Developer/Platforms/iPhoneSimulator.platform/Developer/SDKs/iPhoneSimulator26.5.sdk/System/Library/Frameworks/UIKit.framework/Headers/UIApplication.h:108:51: note: 'keyWindow' has been explicitly marked deprecated here
  108 | @property(nullable, nonatomic,readonly) UIWindow *keyWindow API_DEPRECATED("Should not be used for applications that support multiple scenes as it returns a key window across all connected scenes", ios(2.0, 13.0)) API_UNAVAILABLE(visionos, watchos);
      |                                                   ^
/Users/crimsonknight/open_source_coding_projects/asset_pipeline/src/ui/native/objc_bridge.m:2409:28: warning: 'keyWindow' is deprecated: first deprecated in iOS 13.0 - Should not be used for applications that support multiple scenes as it returns a key window across all connected scenes [-Wdeprecated-declarations]
 2409 |         return application.keyWindow;
      |                            ^
/Applications/Xcode.app/Contents/Developer/Platforms/iPhoneSimulator.platform/Developer/SDKs/iPhoneSimulator26.5.sdk/System/Library/Frameworks/UIKit.framework/Headers/UIApplication.h:108:51: note: 'keyWindow' has been explicitly marked deprecated here
  108 | @property(nullable, nonatomic,readonly) UIWindow *keyWindow API_DEPRECATED("Should not be used for applications that support multiple scenes as it returns a key window across all connected scenes", ios(2.0, 13.0)) API_UNAVAILABLE(visionos, watchos);
      |                                                   ^
3 warnings generated.
[0;32m[ok][0m    ObjC bridge compiled
[0;34m[build][0m Compiling AssetPipelineSwiftKit C trampolines for simulator...
[0;32m[ok][0m    SwiftKit C trampolines compiled
[0;34m[build][0m Compiling AssetPipelineSwiftKit Swift facade for simulator...
[0/1] Planning build
Building for production...
[0/3] Write swift-version--58304C5D6DBC2206.txt
[2/4] Compiling AssetPipelineSwiftKit AssetPipelineSwiftKit.swift
[2/3] Archiving libAssetPipelineSwiftKit.a
Build complete! (3.72s)
[0;32m[ok][0m    SwiftKit static library staged at /Users/crimsonknight/open_source_coding_projects/asset_pipeline/samples/cross_platform/ios_host/build/swiftkit_simulator.a
[0;34m[build][0m Cross-compiling Crystal bridge...
xcrun --sdk iphonesimulator clang /Users/crimsonknight/open_source_coding_projects/asset_pipeline/samples/cross_platform/ios_host/build/bridge.o -o /Users/crimsonknight/open_source_coding_projects/asset_pipeline/samples/cross_platform/ios_host/build/bridge  -isysroot $(xcrun --sdk iphonesimulator --show-sdk-path) -target aarch64-apple-ios-simulator -L/opt/homebrew/Cellar/agent-crystal/1.20.0-dev-incremental-3/libexec/../../../../lib -framework Foundation -lobjc -lz `command -v pkg-config > /dev/null && pkg-config --libs --silence-errors libssl || printf %s '-lssl -lcrypto'` `command -v pkg-config > /dev/null && pkg-config --libs --silence-errors libcrypto || printf %s '-lcrypto'` -L/opt/homebrew/Cellar/bdw-gc/8.2.12/lib -lgc -liconv
[0;32m[ok][0m    Crystal cross-compilation complete
[0;34m[build][0m Fixing _main symbol conflict...
[0;32m[ok][0m    _main symbol hidden
[0;34m[build][0m Creating static library...
[0;32m[ok][0m    Static library created: /Users/crimsonknight/open_source_coding_projects/asset_pipeline/samples/cross_platform/ios_host/build/libhighost.a
[0;34m[build][0m Done! Link with: -L/Users/crimsonknight/open_source_coding_projects/asset_pipeline/samples/cross_platform/ios_host/build -lhighost
[0;34m[build][0m Also link: /Users/crimsonknight/open_source_coding_projects/asset_pipeline/samples/cross_platform/ios_host/build/swiftkit_simulator.a (AssetPipelineSwiftKit Swift facade)
[0;34m[build][0m Frameworks: -framework SwiftUI -framework Combine -framework Foundation -framework UIKit
[0;34m[build][0m Swift runtime rpath: add /usr/lib/swift to the consuming target's runpath search paths
Command line invocation:
    /Applications/Xcode.app/Contents/Developer/usr/bin/xcodebuild -project CrystalHIGHost.xcodeproj -scheme CrystalHIGHost -destination "platform=iOS Simulator,id=A517D070-5008-4577-B7B0-B6914D11B391" -configuration Debug build

2026-05-21 07:10:31.626 xcodebuild[69511:52726256] [MT] IDERunDestination: Supported platforms for the buildables in the current scheme is empty.
2026-05-21 07:10:31.640 xcodebuild[69511:52726256] Writing error result bundle to /var/folders/81/8xr46ykx0p350l1g_v0nk7hr0000gn/T/ResultBundle_2026-21-05_07-10-0031.xcresult
xcodebuild: error: Unable to find a destination matching the provided destination specifier:
		{ platform:iOS Simulator, id:A517D070-5008-4577-B7B0-B6914D11B391 }

	Ineligible destinations for the "CrystalHIGHost" scheme:
		{ platform:iOS, arch:arm64e, id:00008130-000C58102021401C, name:CK Studios iPhone, error:iOS 26.5 is not installed. Please download and install the platform from Xcode > Settings > Components. }
		{ platform:iOS, id:dvtdevice-DVTiPhonePlaceholder-iphoneos:placeholder, name:Any iOS Device, error:iOS 26.5 is not installed. Please download and install the platform from Xcode > Settings > Components. }
Command line invocation:
    /Applications/Xcode.app/Contents/Developer/usr/bin/xcodebuild -project CrystalHIGHost.xcodeproj -scheme CrystalHIGHost -destination "platform=iOS Simulator,id=A517D070-5008-4577-B7B0-B6914D11B391" -configuration Debug build

2026-05-21 07:11:03.852 xcodebuild[70164:52728283] [MT] IDERunDestination: Supported platforms for the buildables in the current scheme is empty.
2026-05-21 07:11:03.863 xcodebuild[70164:52728283] Writing error result bundle to /var/folders/81/8xr46ykx0p350l1g_v0nk7hr0000gn/T/ResultBundle_2026-21-05_07-11-0003.xcresult
xcodebuild: error: Unable to find a destination matching the provided destination specifier:
		{ platform:iOS Simulator, id:A517D070-5008-4577-B7B0-B6914D11B391 }

	Ineligible destinations for the "CrystalHIGHost" scheme:
		{ platform:iOS, arch:arm64e, id:00008130-000C58102021401C, name:CK Studios iPhone, error:iOS 26.5 is not installed. Please download and install the platform from Xcode > Settings > Components. }
		{ platform:iOS, id:dvtdevice-DVTiPhonePlaceholder-iphoneos:placeholder, name:Any iOS Device, error:iOS 26.5 is not installed. Please download and install the platform from Xcode > Settings > Components. }
Command line invocation:
    /Applications/Xcode.app/Contents/Developer/usr/bin/xcodebuild -project CrystalHIGHost.xcodeproj -scheme CrystalHIGHost -destination "platform=iOS Simulator,id=A517D070-5008-4577-B7B0-B6914D11B391" -configuration Debug build

2026-05-21 07:11:28.509 xcodebuild[70742:52731005] [MT] IDERunDestination: Supported platforms for the buildables in the current scheme is empty.
2026-05-21 07:11:28.523 xcodebuild[70742:52731005] Writing error result bundle to /var/folders/81/8xr46ykx0p350l1g_v0nk7hr0000gn/T/ResultBundle_2026-21-05_07-11-0028.xcresult
xcodebuild: error: Unable to find a destination matching the provided destination specifier:
		{ platform:iOS Simulator, id:A517D070-5008-4577-B7B0-B6914D11B391 }

	Ineligible destinations for the "CrystalHIGHost" scheme:
		{ platform:iOS, arch:arm64e, id:00008130-000C58102021401C, name:CK Studios iPhone, error:iOS 26.5 is not installed. Please download and install the platform from Xcode > Settings > Components. }
		{ platform:iOS, id:dvtdevice-DVTiPhonePlaceholder-iphoneos:placeholder, name:Any iOS Device, error:iOS 26.5 is not installed. Please download and install the platform from Xcode > Settings > Components. }
Command line invocation:
    /Applications/Xcode.app/Contents/Developer/usr/bin/xcodebuild -project CrystalHIGHost.xcodeproj -target CrystalHIGHost -sdk iphonesimulator -arch arm64 -configuration Debug build

Build settings from command line:
    ARCHS = arm64
    SDKROOT = iphonesimulator26.5

ComputePackagePrebuildTargetDependencyGraph

Prepare packages

CreateBuildRequest

SendProjectDescription

CreateBuildOperation

ComputeTargetDependencyGraph
note: Building targets in dependency order
note: Target dependency graph (1 target)
    Target 'CrystalHIGHost' in project 'CrystalHIGHost' (no dependencies)

GatherProvisioningInputs

CreateBuildDescription

ExecuteExternalTool /Applications/Xcode.app/Contents/Developer/Toolchains/XcodeDefault.xctoolchain/usr/bin/clang -v -E -dM -isysroot /Applications/Xcode.app/Contents/Developer/Platforms/iPhoneSimulator.platform/Developer/SDKs/iPhoneSimulator26.5.sdk -x c -c /dev/null

ExecuteExternalTool /Applications/Xcode.app/Contents/Developer/Toolchains/XcodeDefault.xctoolchain/usr/bin/swiftc --version

ExecuteExternalTool /Applications/Xcode.app/Contents/Developer/Toolchains/XcodeDefault.xctoolchain/usr/bin/ld -version_details

Build description signature: 8bf15b671e6f6f9993b1ca5697c35dad
Build description path: /Users/crimsonknight/open_source_coding_projects/asset_pipeline/samples/cross_platform/ios_host/build/XCBuildData/8bf15b671e6f6f9993b1ca5697c35dad.xcbuilddata
CreateBuildDirectory /Users/crimsonknight/open_source_coding_projects/asset_pipeline/samples/cross_platform/ios_host/build
    cd /Users/crimsonknight/open_source_coding_projects/asset_pipeline/samples/cross_platform/ios_host/CrystalHIGHost.xcodeproj
    builtin-create-build-directory /Users/crimsonknight/open_source_coding_projects/asset_pipeline/samples/cross_platform/ios_host/build

ClangStatCache /Applications/Xcode.app/Contents/Developer/Toolchains/XcodeDefault.xctoolchain/usr/bin/clang-stat-cache /Applications/Xcode.app/Contents/Developer/Platforms/iPhoneSimulator.platform/Developer/SDKs/iPhoneSimulator26.5.sdk /var/folders/81/8xr46ykx0p350l1g_v0nk7hr0000gn/C/com.apple.DeveloperTools/26.5-17F42/Xcode/SDKStatCaches.noindex/iphonesimulator26.5-23F73-6cfe768891a92b912361537c460fe42b.sdkstatcache
    cd /Users/crimsonknight/open_source_coding_projects/asset_pipeline/samples/cross_platform/ios_host/CrystalHIGHost.xcodeproj
    /Applications/Xcode.app/Contents/Developer/Toolchains/XcodeDefault.xctoolchain/usr/bin/clang-stat-cache /Applications/Xcode.app/Contents/Developer/Platforms/iPhoneSimulator.platform/Developer/SDKs/iPhoneSimulator26.5.sdk -o /var/folders/81/8xr46ykx0p350l1g_v0nk7hr0000gn/C/com.apple.DeveloperTools/26.5-17F42/Xcode/SDKStatCaches.noindex/iphonesimulator26.5-23F73-6cfe768891a92b912361537c460fe42b.sdkstatcache

CreateBuildDirectory /Users/crimsonknight/open_source_coding_projects/asset_pipeline/samples/cross_platform/ios_host/build/SwiftExplicitPrecompiledModules
    cd /Users/crimsonknight/open_source_coding_projects/asset_pipeline/samples/cross_platform/ios_host/CrystalHIGHost.xcodeproj
    builtin-create-build-directory /Users/crimsonknight/open_source_coding_projects/asset_pipeline/samples/cross_platform/ios_host/build/SwiftExplicitPrecompiledModules

CreateBuildDirectory /Users/crimsonknight/open_source_coding_projects/asset_pipeline/samples/cross_platform/ios_host/build/ExplicitPrecompiledModules
    cd /Users/crimsonknight/open_source_coding_projects/asset_pipeline/samples/cross_platform/ios_host/CrystalHIGHost.xcodeproj
    builtin-create-build-directory /Users/crimsonknight/open_source_coding_projects/asset_pipeline/samples/cross_platform/ios_host/build/ExplicitPrecompiledModules

CreateBuildDirectory /Users/crimsonknight/open_source_coding_projects/asset_pipeline/samples/cross_platform/ios_host/build/Debug-iphonesimulator
    cd /Users/crimsonknight/open_source_coding_projects/asset_pipeline/samples/cross_platform/ios_host/CrystalHIGHost.xcodeproj
    builtin-create-build-directory /Users/crimsonknight/open_source_coding_projects/asset_pipeline/samples/cross_platform/ios_host/build/Debug-iphonesimulator

CreateBuildDirectory /Users/crimsonknight/open_source_coding_projects/asset_pipeline/samples/cross_platform/ios_host/build/EagerLinkingTBDs/Debug-iphonesimulator
    cd /Users/crimsonknight/open_source_coding_projects/asset_pipeline/samples/cross_platform/ios_host/CrystalHIGHost.xcodeproj
    builtin-create-build-directory /Users/crimsonknight/open_source_coding_projects/asset_pipeline/samples/cross_platform/ios_host/build/EagerLinkingTBDs/Debug-iphonesimulator

WriteAuxiliaryFile /Users/crimsonknight/open_source_coding_projects/asset_pipeline/samples/cross_platform/ios_host/build/CrystalHIGHost.build/Debug-iphonesimulator/CrystalHIGHost-4bc6ef9b6753ca0e2228534c04e60fe1-VFS-iphonesimulator/all-product-headers.yaml
    cd /Users/crimsonknight/open_source_coding_projects/asset_pipeline/samples/cross_platform/ios_host/CrystalHIGHost.xcodeproj
    write-file /Users/crimsonknight/open_source_coding_projects/asset_pipeline/samples/cross_platform/ios_host/build/CrystalHIGHost.build/Debug-iphonesimulator/CrystalHIGHost-4bc6ef9b6753ca0e2228534c04e60fe1-VFS-iphonesimulator/all-product-headers.yaml

WriteAuxiliaryFile /Users/crimsonknight/open_source_coding_projects/asset_pipeline/samples/cross_platform/ios_host/build/CrystalHIGHost.build/Debug-iphonesimulator/CrystalHIGHost.build/empty-CrystalHIGHost.plist (in target 'CrystalHIGHost' from project 'CrystalHIGHost')
    cd /Users/crimsonknight/open_source_coding_projects/asset_pipeline/samples/cross_platform/ios_host
    write-file /Users/crimsonknight/open_source_coding_projects/asset_pipeline/samples/cross_platform/ios_host/build/CrystalHIGHost.build/Debug-iphonesimulator/CrystalHIGHost.build/empty-CrystalHIGHost.plist

WriteAuxiliaryFile /Users/crimsonknight/open_source_coding_projects/asset_pipeline/samples/cross_platform/ios_host/build/CrystalHIGHost.build/Debug-iphonesimulator/CrystalHIGHost.build/Objects-normal/arm64/CrystalHIGHost.SwiftFileList (in target 'CrystalHIGHost' from project 'CrystalHIGHost')
    cd /Users/crimsonknight/open_source_coding_projects/asset_pipeline/samples/cross_platform/ios_host
    write-file /Users/crimsonknight/open_source_coding_projects/asset_pipeline/samples/cross_platform/ios_host/build/CrystalHIGHost.build/Debug-iphonesimulator/CrystalHIGHost.build/Objects-normal/arm64/CrystalHIGHost.SwiftFileList

WriteAuxiliaryFile /Users/crimsonknight/open_source_coding_projects/asset_pipeline/samples/cross_platform/ios_host/build/CrystalHIGHost.build/Debug-iphonesimulator/CrystalHIGHost.build/Objects-normal/arm64/CrystalHIGHost_const_extract_protocols.json (in target 'CrystalHIGHost' from project 'CrystalHIGHost')
    cd /Users/crimsonknight/open_source_coding_projects/asset_pipeline/samples/cross_platform/ios_host
    write-file /Users/crimsonknight/open_source_coding_projects/asset_pipeline/samples/cross_platform/ios_host/build/CrystalHIGHost.build/Debug-iphonesimulator/CrystalHIGHost.build/Objects-normal/arm64/CrystalHIGHost_const_extract_protocols.json

WriteAuxiliaryFile /Users/crimsonknight/open_source_coding_projects/asset_pipeline/samples/cross_platform/ios_host/build/CrystalHIGHost.build/Debug-iphonesimulator/CrystalHIGHost.build/Objects-normal/arm64/CrystalHIGHost.SwiftConstValuesFileList (in target 'CrystalHIGHost' from project 'CrystalHIGHost')
    cd /Users/crimsonknight/open_source_coding_projects/asset_pipeline/samples/cross_platform/ios_host
    write-file /Users/crimsonknight/open_source_coding_projects/asset_pipeline/samples/cross_platform/ios_host/build/CrystalHIGHost.build/Debug-iphonesimulator/CrystalHIGHost.build/Objects-normal/arm64/CrystalHIGHost.SwiftConstValuesFileList

WriteAuxiliaryFile /Users/crimsonknight/open_source_coding_projects/asset_pipeline/samples/cross_platform/ios_host/build/CrystalHIGHost.build/Debug-iphonesimulator/CrystalHIGHost.build/Objects-normal/arm64/CrystalHIGHost.LinkFileList (in target 'CrystalHIGHost' from project 'CrystalHIGHost')
    cd /Users/crimsonknight/open_source_coding_projects/asset_pipeline/samples/cross_platform/ios_host
    write-file /Users/crimsonknight/open_source_coding_projects/asset_pipeline/samples/cross_platform/ios_host/build/CrystalHIGHost.build/Debug-iphonesimulator/CrystalHIGHost.build/Objects-normal/arm64/CrystalHIGHost.LinkFileList

WriteAuxiliaryFile /Users/crimsonknight/open_source_coding_projects/asset_pipeline/samples/cross_platform/ios_host/build/CrystalHIGHost.build/Debug-iphonesimulator/CrystalHIGHost.build/Objects-normal/arm64/CrystalHIGHost-OutputFileMap.json (in target 'CrystalHIGHost' from project 'CrystalHIGHost')
    cd /Users/crimsonknight/open_source_coding_projects/asset_pipeline/samples/cross_platform/ios_host
    write-file /Users/crimsonknight/open_source_coding_projects/asset_pipeline/samples/cross_platform/ios_host/build/CrystalHIGHost.build/Debug-iphonesimulator/CrystalHIGHost.build/Objects-normal/arm64/CrystalHIGHost-OutputFileMap.json

WriteAuxiliaryFile /Users/crimsonknight/open_source_coding_projects/asset_pipeline/samples/cross_platform/ios_host/build/CrystalHIGHost.build/Debug-iphonesimulator/CrystalHIGHost.build/CrystalHIGHost.hmap (in target 'CrystalHIGHost' from project 'CrystalHIGHost')
    cd /Users/crimsonknight/open_source_coding_projects/asset_pipeline/samples/cross_platform/ios_host
    write-file /Users/crimsonknight/open_source_coding_projects/asset_pipeline/samples/cross_platform/ios_host/build/CrystalHIGHost.build/Debug-iphonesimulator/CrystalHIGHost.build/CrystalHIGHost.hmap

WriteAuxiliaryFile /Users/crimsonknight/open_source_coding_projects/asset_pipeline/samples/cross_platform/ios_host/build/CrystalHIGHost.build/Debug-iphonesimulator/CrystalHIGHost.build/DerivedSources/Entitlements-Simulated.plist (in target 'CrystalHIGHost' from project 'CrystalHIGHost')
    cd /Users/crimsonknight/open_source_coding_projects/asset_pipeline/samples/cross_platform/ios_host
    write-file /Users/crimsonknight/open_source_coding_projects/asset_pipeline/samples/cross_platform/ios_host/build/CrystalHIGHost.build/Debug-iphonesimulator/CrystalHIGHost.build/DerivedSources/Entitlements-Simulated.plist

WriteAuxiliaryFile /Users/crimsonknight/open_source_coding_projects/asset_pipeline/samples/cross_platform/ios_host/build/CrystalHIGHost.build/Debug-iphonesimulator/CrystalHIGHost.build/CrystalHIGHost.DependencyStaticMetadataFileList (in target 'CrystalHIGHost' from project 'CrystalHIGHost')
    cd /Users/crimsonknight/open_source_coding_projects/asset_pipeline/samples/cross_platform/ios_host
    write-file /Users/crimsonknight/open_source_coding_projects/asset_pipeline/samples/cross_platform/ios_host/build/CrystalHIGHost.build/Debug-iphonesimulator/CrystalHIGHost.build/CrystalHIGHost.DependencyStaticMetadataFileList

WriteAuxiliaryFile /Users/crimsonknight/open_source_coding_projects/asset_pipeline/samples/cross_platform/ios_host/build/CrystalHIGHost.build/Debug-iphonesimulator/CrystalHIGHost.build/CrystalHIGHost.DependencyMetadataFileList (in target 'CrystalHIGHost' from project 'CrystalHIGHost')
    cd /Users/crimsonknight/open_source_coding_projects/asset_pipeline/samples/cross_platform/ios_host
    write-file /Users/crimsonknight/open_source_coding_projects/asset_pipeline/samples/cross_platform/ios_host/build/CrystalHIGHost.build/Debug-iphonesimulator/CrystalHIGHost.build/CrystalHIGHost.DependencyMetadataFileList

WriteAuxiliaryFile /Users/crimsonknight/open_source_coding_projects/asset_pipeline/samples/cross_platform/ios_host/build/CrystalHIGHost.build/Debug-iphonesimulator/CrystalHIGHost.build/CrystalHIGHost-project-headers.hmap (in target 'CrystalHIGHost' from project 'CrystalHIGHost')
    cd /Users/crimsonknight/open_source_coding_projects/asset_pipeline/samples/cross_platform/ios_host
    write-file /Users/crimsonknight/open_source_coding_projects/asset_pipeline/samples/cross_platform/ios_host/build/CrystalHIGHost.build/Debug-iphonesimulator/CrystalHIGHost.build/CrystalHIGHost-project-headers.hmap

WriteAuxiliaryFile /Users/crimsonknight/open_source_coding_projects/asset_pipeline/samples/cross_platform/ios_host/build/CrystalHIGHost.build/Debug-iphonesimulator/CrystalHIGHost.build/CrystalHIGHost-own-target-headers.hmap (in target 'CrystalHIGHost' from project 'CrystalHIGHost')
    cd /Users/crimsonknight/open_source_coding_projects/asset_pipeline/samples/cross_platform/ios_host
    write-file /Users/crimsonknight/open_source_coding_projects/asset_pipeline/samples/cross_platform/ios_host/build/CrystalHIGHost.build/Debug-iphonesimulator/CrystalHIGHost.build/CrystalHIGHost-own-target-headers.hmap

WriteAuxiliaryFile /Users/crimsonknight/open_source_coding_projects/asset_pipeline/samples/cross_platform/ios_host/build/CrystalHIGHost.build/Debug-iphonesimulator/CrystalHIGHost.build/CrystalHIGHost-generated-files.hmap (in target 'CrystalHIGHost' from project 'CrystalHIGHost')
    cd /Users/crimsonknight/open_source_coding_projects/asset_pipeline/samples/cross_platform/ios_host
    write-file /Users/crimsonknight/open_source_coding_projects/asset_pipeline/samples/cross_platform/ios_host/build/CrystalHIGHost.build/Debug-iphonesimulator/CrystalHIGHost.build/CrystalHIGHost-generated-files.hmap

WriteAuxiliaryFile /Users/crimsonknight/open_source_coding_projects/asset_pipeline/samples/cross_platform/ios_host/build/CrystalHIGHost.build/Debug-iphonesimulator/CrystalHIGHost.build/CrystalHIGHost-all-target-headers.hmap (in target 'CrystalHIGHost' from project 'CrystalHIGHost')
    cd /Users/crimsonknight/open_source_coding_projects/asset_pipeline/samples/cross_platform/ios_host
    write-file /Users/crimsonknight/open_source_coding_projects/asset_pipeline/samples/cross_platform/ios_host/build/CrystalHIGHost.build/Debug-iphonesimulator/CrystalHIGHost.build/CrystalHIGHost-all-target-headers.hmap

WriteAuxiliaryFile /Users/crimsonknight/open_source_coding_projects/asset_pipeline/samples/cross_platform/ios_host/build/CrystalHIGHost.build/Debug-iphonesimulator/CrystalHIGHost.build/CrystalHIGHost-all-non-framework-target-headers.hmap (in target 'CrystalHIGHost' from project 'CrystalHIGHost')
    cd /Users/crimsonknight/open_source_coding_projects/asset_pipeline/samples/cross_platform/ios_host
    write-file /Users/crimsonknight/open_source_coding_projects/asset_pipeline/samples/cross_platform/ios_host/build/CrystalHIGHost.build/Debug-iphonesimulator/CrystalHIGHost.build/CrystalHIGHost-all-non-framework-target-headers.hmap

MkDir /Users/crimsonknight/open_source_coding_projects/asset_pipeline/samples/cross_platform/ios_host/build/Debug-iphonesimulator/CrystalHIGHost.app (in target 'CrystalHIGHost' from project 'CrystalHIGHost')
    cd /Users/crimsonknight/open_source_coding_projects/asset_pipeline/samples/cross_platform/ios_host
    /bin/mkdir -p /Users/crimsonknight/open_source_coding_projects/asset_pipeline/samples/cross_platform/ios_host/build/Debug-iphonesimulator/CrystalHIGHost.app

ProcessProductPackaging "" /Users/crimsonknight/open_source_coding_projects/asset_pipeline/samples/cross_platform/ios_host/build/CrystalHIGHost.build/Debug-iphonesimulator/CrystalHIGHost.build/CrystalHIGHost.app-Simulated.xcent (in target 'CrystalHIGHost' from project 'CrystalHIGHost')
    cd /Users/crimsonknight/open_source_coding_projects/asset_pipeline/samples/cross_platform/ios_host
    
    Entitlements:
    
    {
    "application-identifier" = "PXDF92M2T4.com.assetpipeline.hig.CrystalHIGHost";
}
    
    builtin-productPackagingUtility -entitlements -format xml -o /Users/crimsonknight/open_source_coding_projects/asset_pipeline/samples/cross_platform/ios_host/build/CrystalHIGHost.build/Debug-iphonesimulator/CrystalHIGHost.build/CrystalHIGHost.app-Simulated.xcent

ProcessProductPackagingDER /Users/crimsonknight/open_source_coding_projects/asset_pipeline/samples/cross_platform/ios_host/build/CrystalHIGHost.build/Debug-iphonesimulator/CrystalHIGHost.build/CrystalHIGHost.app-Simulated.xcent /Users/crimsonknight/open_source_coding_projects/asset_pipeline/samples/cross_platform/ios_host/build/CrystalHIGHost.build/Debug-iphonesimulator/CrystalHIGHost.build/CrystalHIGHost.app-Simulated.xcent.der (in target 'CrystalHIGHost' from project 'CrystalHIGHost')
    cd /Users/crimsonknight/open_source_coding_projects/asset_pipeline/samples/cross_platform/ios_host
    /usr/bin/derq query -f xml -i /Users/crimsonknight/open_source_coding_projects/asset_pipeline/samples/cross_platform/ios_host/build/CrystalHIGHost.build/Debug-iphonesimulator/CrystalHIGHost.build/CrystalHIGHost.app-Simulated.xcent -o /Users/crimsonknight/open_source_coding_projects/asset_pipeline/samples/cross_platform/ios_host/build/CrystalHIGHost.build/Debug-iphonesimulator/CrystalHIGHost.build/CrystalHIGHost.app-Simulated.xcent.der --raw

ProcessInfoPlistFile /Users/crimsonknight/open_source_coding_projects/asset_pipeline/samples/cross_platform/ios_host/build/Debug-iphonesimulator/CrystalHIGHost.app/Info.plist /Users/crimsonknight/open_source_coding_projects/asset_pipeline/samples/cross_platform/ios_host/build/CrystalHIGHost.build/Debug-iphonesimulator/CrystalHIGHost.build/empty-CrystalHIGHost.plist (in target 'CrystalHIGHost' from project 'CrystalHIGHost')
    cd /Users/crimsonknight/open_source_coding_projects/asset_pipeline/samples/cross_platform/ios_host
    builtin-infoPlistUtility /Users/crimsonknight/open_source_coding_projects/asset_pipeline/samples/cross_platform/ios_host/build/CrystalHIGHost.build/Debug-iphonesimulator/CrystalHIGHost.build/empty-CrystalHIGHost.plist -producttype com.apple.product-type.application -genpkginfo /Users/crimsonknight/open_source_coding_projects/asset_pipeline/samples/cross_platform/ios_host/build/Debug-iphonesimulator/CrystalHIGHost.app/PkgInfo -expandbuildsettings -format binary -platform iphonesimulator -o /Users/crimsonknight/open_source_coding_projects/asset_pipeline/samples/cross_platform/ios_host/build/Debug-iphonesimulator/CrystalHIGHost.app/Info.plist

SwiftDriver CrystalHIGHost normal arm64 com.apple.xcode.tools.swift.compiler (in target 'CrystalHIGHost' from project 'CrystalHIGHost')
    cd /Users/crimsonknight/open_source_coding_projects/asset_pipeline/samples/cross_platform/ios_host
    builtin-SwiftDriver -- /Applications/Xcode.app/Contents/Developer/Toolchains/XcodeDefault.xctoolchain/usr/bin/swiftc -module-name CrystalHIGHost -Onone @/Users/crimsonknight/open_source_coding_projects/asset_pipeline/samples/cross_platform/ios_host/build/CrystalHIGHost.build/Debug-iphonesimulator/CrystalHIGHost.build/Objects-normal/arm64/CrystalHIGHost.SwiftFileList -DDEBUG -enable-bare-slash-regex -enable-experimental-feature DebugDescriptionMacro -sdk /Applications/Xcode.app/Contents/Developer/Platforms/iPhoneSimulator.platform/Developer/SDKs/iPhoneSimulator26.5.sdk -target arm64-apple-ios26.0-simulator -g -Xfrontend -serialize-debugging-options -enable-testing -Xcc -D_LIBCPP_HARDENING_MODE\=_LIBCPP_HARDENING_MODE_DEBUG -swift-version 5 -I /Users/crimsonknight/open_source_coding_projects/asset_pipeline/samples/cross_platform/ios_host/build/Debug-iphonesimulator -F /Users/crimsonknight/open_source_coding_projects/asset_pipeline/samples/cross_platform/ios_host/build/Debug-iphonesimulator -c -j10 -enable-batch-mode -incremental -Xcc -ivfsstatcache -Xcc /var/folders/81/8xr46ykx0p350l1g_v0nk7hr0000gn/C/com.apple.DeveloperTools/26.5-17F42/Xcode/SDKStatCaches.noindex/iphonesimulator26.5-23F73-6cfe768891a92b912361537c460fe42b.sdkstatcache -output-file-map /Users/crimsonknight/open_source_coding_projects/asset_pipeline/samples/cross_platform/ios_host/build/CrystalHIGHost.build/Debug-iphonesimulator/CrystalHIGHost.build/Objects-normal/arm64/CrystalHIGHost-OutputFileMap.json -use-frontend-parseable-output -save-temps -no-color-diagnostics -explicit-module-build -module-cache-path /Users/crimsonknight/open_source_coding_projects/asset_pipeline/samples/cross_platform/ios_host/build/SwiftExplicitPrecompiledModules -serialize-diagnostics -emit-dependencies -emit-module -emit-module-path /Users/crimsonknight/open_source_coding_projects/asset_pipeline/samples/cross_platform/ios_host/build/CrystalHIGHost.build/Debug-iphonesimulator/CrystalHIGHost.build/Objects-normal/arm64/CrystalHIGHost.swiftmodule -validate-clang-modules-once -clang-build-session-file /var/folders/81/8xr46ykx0p350l1g_v0nk7hr0000gn/C/org.llvm.clang/ModuleCache.noindex/Session.modulevalidation -Xcc -I/Users/crimsonknight/open_source_coding_projects/asset_pipeline/samples/cross_platform/ios_host/build/CrystalHIGHost.build/Debug-iphonesimulator/CrystalHIGHost.build/swift-overrides.hmap -emit-const-values -Xfrontend -const-gather-protocols-file -Xfrontend /Users/crimsonknight/open_source_coding_projects/asset_pipeline/samples/cross_platform/ios_host/build/CrystalHIGHost.build/Debug-iphonesimulator/CrystalHIGHost.build/Objects-normal/arm64/CrystalHIGHost_const_extract_protocols.json -Xcc -iquote -Xcc /Users/crimsonknight/open_source_coding_projects/asset_pipeline/samples/cross_platform/ios_host/build/CrystalHIGHost.build/Debug-iphonesimulator/CrystalHIGHost.build/CrystalHIGHost-generated-files.hmap -Xcc -I/Users/crimsonknight/open_source_coding_projects/asset_pipeline/samples/cross_platform/ios_host/build/CrystalHIGHost.build/Debug-iphonesimulator/CrystalHIGHost.build/CrystalHIGHost-own-target-headers.hmap -Xcc -I/Users/crimsonknight/open_source_coding_projects/asset_pipeline/samples/cross_platform/ios_host/build/CrystalHIGHost.build/Debug-iphonesimulator/CrystalHIGHost.build/CrystalHIGHost-all-target-headers.hmap -Xcc -iquote -Xcc /Users/crimsonknight/open_source_coding_projects/asset_pipeline/samples/cross_platform/ios_host/build/CrystalHIGHost.build/Debug-iphonesimulator/CrystalHIGHost.build/CrystalHIGHost-project-headers.hmap -Xcc -I/Users/crimsonknight/open_source_coding_projects/asset_pipeline/samples/cross_platform/ios_host/build/Debug-iphonesimulator/include -Xcc -I/Users/crimsonknight/open_source_coding_projects/asset_pipeline/samples/cross_platform/ios_host/build/CrystalHIGHost.build/Debug-iphonesimulator/CrystalHIGHost.build/DerivedSources-normal/arm64 -Xcc -I/Users/crimsonknight/open_source_coding_projects/asset_pipeline/samples/cross_platform/ios_host/build/CrystalHIGHost.build/Debug-iphonesimulator/CrystalHIGHost.build/DerivedSources/arm64 -Xcc -I/Users/crimsonknight/open_source_coding_projects/asset_pipeline/samples/cross_platform/ios_host/build/CrystalHIGHost.build/Debug-iphonesimulator/CrystalHIGHost.build/DerivedSources -Xcc -DDEBUG\=1 -emit-objc-header -emit-objc-header-path /Users/crimsonknight/open_source_coding_projects/asset_pipeline/samples/cross_platform/ios_host/build/CrystalHIGHost.build/Debug-iphonesimulator/CrystalHIGHost.build/Objects-normal/arm64/CrystalHIGHost-Swift.h -import-objc-header /Users/crimsonknight/open_source_coding_projects/asset_pipeline/samples/cross_platform/ios_host/Sources/CrystalHIGHost-Bridging-Header.h -working-directory /Users/crimsonknight/open_source_coding_projects/asset_pipeline/samples/cross_platform/ios_host -experimental-emit-module-separately -disable-cmo

SwiftExplicitDependencyGeneratePcm arm64 /Users/crimsonknight/open_source_coding_projects/asset_pipeline/samples/cross_platform/ios_host/build/SwiftExplicitPrecompiledModules/DeveloperToolsSupport-8ISJSN1CWVO6EK44O7RE349DZ.pcm

SwiftExplicitDependencyGeneratePcm arm64 /Users/crimsonknight/open_source_coding_projects/asset_pipeline/samples/cross_platform/ios_host/build/SwiftExplicitPrecompiledModules/_SwiftConcurrencyShims-9PGHEYK59DSUJ52OZPPGP9881.pcm

SwiftExplicitDependencyGeneratePcm arm64 /Users/crimsonknight/open_source_coding_projects/asset_pipeline/samples/cross_platform/ios_host/build/SwiftExplicitPrecompiledModules/_Builtin_float-7U5Q2RB0F7EHWYI5BHEAXWF9O.pcm

SwiftExplicitDependencyGeneratePcm arm64 /Users/crimsonknight/open_source_coding_projects/asset_pipeline/samples/cross_platform/ios_host/build/SwiftExplicitPrecompiledModules/_Builtin_stdarg-E0BIAR56MB39HFOMY1I5Q6PFS.pcm

SwiftExplicitDependencyGeneratePcm arm64 /Users/crimsonknight/open_source_coding_projects/asset_pipeline/samples/cross_platform/ios_host/build/SwiftExplicitPrecompiledModules/ptrauth-43AB13UUUVX4F6O0JITGP5DM5.pcm

SwiftExplicitDependencyGeneratePcm arm64 /Users/crimsonknight/open_source_coding_projects/asset_pipeline/samples/cross_platform/ios_host/build/SwiftExplicitPrecompiledModules/_AvailabilityInternal-BYIYH846KX8HFATRHR1IYT82T.pcm

SwiftExplicitDependencyGeneratePcm arm64 /Users/crimsonknight/open_source_coding_projects/asset_pipeline/samples/cross_platform/ios_host/build/SwiftExplicitPrecompiledModules/ptrcheck-DDAVVB17S3B0BM0NJ9BNRYKTB.pcm

SwiftExplicitDependencyGeneratePcm arm64 /Users/crimsonknight/open_source_coding_projects/asset_pipeline/samples/cross_platform/ios_host/build/SwiftExplicitPrecompiledModules/SwiftShims-T5PDQ7M5G0ENG76AVMOD7TJJ.pcm

SwiftExplicitDependencyGeneratePcm arm64 /Users/crimsonknight/open_source_coding_projects/asset_pipeline/samples/cross_platform/ios_host/build/SwiftExplicitPrecompiledModules/_Builtin_stddef-AWHRM5V2POBWNW36OMGK93N67.pcm

SwiftExplicitDependencyGeneratePcm arm64 /Users/crimsonknight/open_source_coding_projects/asset_pipeline/samples/cross_platform/ios_host/build/SwiftExplicitPrecompiledModules/_Builtin_stdbool-CVFHV6AXVHP4JS8URV1UQMFXP.pcm

SwiftExplicitDependencyGeneratePcm arm64 /Users/crimsonknight/open_source_coding_projects/asset_pipeline/samples/cross_platform/ios_host/build/SwiftExplicitPrecompiledModules/_DarwinFoundation1-8HER0DCMQKTDUCMGB0B4JGTVF.pcm

SwiftExplicitDependencyGeneratePcm arm64 /Users/crimsonknight/open_source_coding_projects/asset_pipeline/samples/cross_platform/ios_host/build/SwiftExplicitPrecompiledModules/_DarwinFoundation2-AYVTGREB4XOUK8B6VH0NPBL1Y.pcm

SwiftExplicitDependencyGeneratePcm arm64 /Users/crimsonknight/open_source_coding_projects/asset_pipeline/samples/cross_platform/ios_host/build/SwiftExplicitPrecompiledModules/_Builtin_limits-2XOLM2PZPFWFF9T8M6GXK6IAR.pcm

SwiftExplicitDependencyGeneratePcm arm64 /Users/crimsonknight/open_source_coding_projects/asset_pipeline/samples/cross_platform/ios_host/build/SwiftExplicitPrecompiledModules/_Builtin_stdint-5MXSE6LF36G6IF7VCRUXEJBB2.pcm

SwiftExplicitDependencyGeneratePcm arm64 /Users/crimsonknight/open_source_coding_projects/asset_pipeline/samples/cross_platform/ios_host/build/SwiftExplicitPrecompiledModules/sys_types-DD4ZIFICAYFTEAGDR3RKGSFLU.pcm

SwiftExplicitDependencyGeneratePcm arm64 /Users/crimsonknight/open_source_coding_projects/asset_pipeline/samples/cross_platform/ios_host/build/SwiftExplicitPrecompiledModules/_Builtin_tgmath-59OT3SKEXULKZ9XBODUARXWQR.pcm

SwiftExplicitDependencyGeneratePcm arm64 /Users/crimsonknight/open_source_coding_projects/asset_pipeline/samples/cross_platform/ios_host/build/SwiftExplicitPrecompiledModules/_Builtin_stdatomic-9HEI9RYM8BOW9JF1CC0GI3FSG.pcm

SwiftExplicitDependencyGeneratePcm arm64 /Users/crimsonknight/open_source_coding_projects/asset_pipeline/samples/cross_platform/ios_host/build/SwiftExplicitPrecompiledModules/_Builtin_intrinsics-YRCNI8XU37061W04904UWEY2.pcm

SwiftExplicitDependencyGeneratePcm arm64 /Users/crimsonknight/open_source_coding_projects/asset_pipeline/samples/cross_platform/ios_host/build/SwiftExplicitPrecompiledModules/_DarwinFoundation3-AALG1K8AZI77QZ0ZL5548R4JO.pcm

SwiftExplicitDependencyGeneratePcm arm64 /Users/crimsonknight/open_source_coding_projects/asset_pipeline/samples/cross_platform/ios_host/build/SwiftExplicitPrecompiledModules/_Builtin_inttypes-5VL1Q52O0JL5AQCIFNONCA7AG.pcm

SwiftExplicitDependencyGeneratePcm arm64 /Users/crimsonknight/open_source_coding_projects/asset_pipeline/samples/cross_platform/ios_host/build/SwiftExplicitPrecompiledModules/Darwin-DSDE7B9L4SQRHVMMAINUACGUS.pcm

SwiftExplicitDependencyGeneratePcm arm64 /Users/crimsonknight/open_source_coding_projects/asset_pipeline/samples/cross_platform/ios_host/build/SwiftExplicitPrecompiledModules/simd-135D2VS2L5WSNXDGSEE4ZRVSW.pcm

SwiftExplicitDependencyGeneratePcm arm64 /Users/crimsonknight/open_source_coding_projects/asset_pipeline/samples/cross_platform/ios_host/build/SwiftExplicitPrecompiledModules/MachO-AP3S1M05R35W1D86TP0F6IOKG.pcm

SwiftExplicitDependencyGeneratePcm arm64 /Users/crimsonknight/open_source_coding_projects/asset_pipeline/samples/cross_platform/ios_host/build/SwiftExplicitPrecompiledModules/ObjectiveC-16SOI6LWAK73QAHX3D4C1BZ3S.pcm

SwiftExplicitDependencyGeneratePcm arm64 /Users/crimsonknight/open_source_coding_projects/asset_pipeline/samples/cross_platform/ios_host/build/SwiftExplicitPrecompiledModules/os_object-7SR3345RGRG3AQH2XI7BU7YBF.pcm

SwiftExplicitDependencyGeneratePcm arm64 /Users/crimsonknight/open_source_coding_projects/asset_pipeline/samples/cross_platform/ios_host/build/SwiftExplicitPrecompiledModules/os_workgroup-7QTZ96Q5P3TZ5S177AEUUKQGP.pcm

SwiftExplicitDependencyGeneratePcm arm64 /Users/crimsonknight/open_source_coding_projects/asset_pipeline/samples/cross_platform/ios_host/build/SwiftExplicitPrecompiledModules/Spatial-3229TRCB5O47FOUO8MD8NADTL.pcm

SwiftExplicitDependencyGeneratePcm arm64 /Users/crimsonknight/open_source_coding_projects/asset_pipeline/samples/cross_platform/ios_host/build/SwiftExplicitPrecompiledModules/Dispatch-7G21CIJOYYR44SHLZPDN17JK.pcm

SwiftExplicitDependencyGeneratePcm arm64 /Users/crimsonknight/open_source_coding_projects/asset_pipeline/samples/cross_platform/ios_host/build/SwiftExplicitPrecompiledModules/CoreFoundation-13DO4VMNB0152PL0W8262PF16.pcm

SwiftExplicitDependencyGeneratePcm arm64 /Users/crimsonknight/open_source_coding_projects/asset_pipeline/samples/cross_platform/ios_host/build/SwiftExplicitPrecompiledModules/XPC-76GD710FFJS1PNJER7XMFXI01.pcm

SwiftExplicitDependencyGeneratePcm arm64 /Users/crimsonknight/open_source_coding_projects/asset_pipeline/samples/cross_platform/ios_host/build/SwiftExplicitPrecompiledModules/os-EWM98R8Q4ERWNETOD87SDBUT4.pcm

SwiftExplicitDependencyGeneratePcm arm64 /Users/crimsonknight/open_source_coding_projects/asset_pipeline/samples/cross_platform/ios_host/build/SwiftExplicitPrecompiledModules/CFNetwork-4LK3UFV59Y8QFMOZHJFAN1YRY.pcm

SwiftExplicitDependencyGeneratePcm arm64 /Users/crimsonknight/open_source_coding_projects/asset_pipeline/samples/cross_platform/ios_host/build/SwiftExplicitPrecompiledModules/Security-2M9UR7CSLN2QZWF38MOY1QT9R.pcm

SwiftExplicitDependencyGeneratePcm arm64 /Users/crimsonknight/open_source_coding_projects/asset_pipeline/samples/cross_platform/ios_host/build/SwiftExplicitPrecompiledModules/CoreGraphics-5NFB46RWSCRSWKCVG2PZN4OQY.pcm

SwiftExplicitDependencyGeneratePcm arm64 /Users/crimsonknight/open_source_coding_projects/asset_pipeline/samples/cross_platform/ios_host/build/SwiftExplicitPrecompiledModules/Foundation-52XTYRQKLG5UCC6JKZPMMJ84L.pcm

SwiftExplicitDependencyGeneratePcm arm64 /Users/crimsonknight/open_source_coding_projects/asset_pipeline/samples/cross_platform/ios_host/build/SwiftExplicitPrecompiledModules/CoreText-6K0MIDVPER7RXKZZJ1NJL32H.pcm

SwiftExplicitDependencyGeneratePcm arm64 /Users/crimsonknight/open_source_coding_projects/asset_pipeline/samples/cross_platform/ios_host/build/SwiftExplicitPrecompiledModules/ImageIO-7S45LVMIRS9BZ51SD47RIIMI8.pcm

SwiftExplicitDependencyGeneratePcm arm64 /Users/crimsonknight/open_source_coding_projects/asset_pipeline/samples/cross_platform/ios_host/build/SwiftExplicitPrecompiledModules/Accessibility-DGONFQBDWUDH2BIQLPXCCBTAP.pcm

SwiftExplicitDependencyGeneratePcm arm64 /Users/crimsonknight/open_source_coding_projects/asset_pipeline/samples/cross_platform/ios_host/build/SwiftExplicitPrecompiledModules/FileProvider-5JMMYXF71IU8R207QD8PMBVGX.pcm

SwiftExplicitDependencyGeneratePcm arm64 /Users/crimsonknight/open_source_coding_projects/asset_pipeline/samples/cross_platform/ios_host/build/SwiftExplicitPrecompiledModules/UniformTypeIdentifiers-F3QH3Q5PEIKSHYOGTTOBK9BLE.pcm

SwiftExplicitDependencyGeneratePcm arm64 /Users/crimsonknight/open_source_coding_projects/asset_pipeline/samples/cross_platform/ios_host/build/SwiftExplicitPrecompiledModules/DataDetection-BNALS5BQSBJ252WR6KI9ZWJRG.pcm

SwiftExplicitDependencyGeneratePcm arm64 /Users/crimsonknight/open_source_coding_projects/asset_pipeline/samples/cross_platform/ios_host/build/SwiftExplicitPrecompiledModules/UIUtilities-6VE1T23ASBGY2H0KJ12SWHADJ.pcm

SwiftExplicitDependencyGeneratePcm arm64 /Users/crimsonknight/open_source_coding_projects/asset_pipeline/samples/cross_platform/ios_host/build/SwiftExplicitPrecompiledModules/IOSurface-DZWA7Y8HEPRUJ5O4M6CE2YRGC.pcm

SwiftExplicitDependencyGeneratePcm arm64 /Users/crimsonknight/open_source_coding_projects/asset_pipeline/samples/cross_platform/ios_host/build/SwiftExplicitPrecompiledModules/CoreTransferable-6RB5FKXQNI75TVWK6HBZGH1MS.pcm

SwiftExplicitDependencyGeneratePcm arm64 /Users/crimsonknight/open_source_coding_projects/asset_pipeline/samples/cross_platform/ios_host/build/SwiftExplicitPrecompiledModules/CoreData-3CVJ3WQRPQG4YF3W9BALTHZDM.pcm

SwiftExplicitDependencyGeneratePcm arm64 /Users/crimsonknight/open_source_coding_projects/asset_pipeline/samples/cross_platform/ios_host/build/SwiftExplicitPrecompiledModules/Symbols-AYUCP71CU2V2SAHS4237NK8S1.pcm

SwiftExplicitDependencyGeneratePcm arm64 /Users/crimsonknight/open_source_coding_projects/asset_pipeline/samples/cross_platform/ios_host/build/SwiftExplicitPrecompiledModules/OpenGLES-BIC4JX1NEUQ5ESS2M4WMGDAOX.pcm

SwiftExplicitDependencyGeneratePcm arm64 /Users/crimsonknight/open_source_coding_projects/asset_pipeline/samples/cross_platform/ios_host/build/SwiftExplicitPrecompiledModules/UserNotifications-DJ0DIK7YSEX7K8L1A66WWKUZ4.pcm

SwiftExplicitDependencyGeneratePcm arm64 /Users/crimsonknight/open_source_coding_projects/asset_pipeline/samples/cross_platform/ios_host/build/SwiftExplicitPrecompiledModules/OSLog-5TSKTDEN8Z7HEJYVGAF3P4Q30.pcm

SwiftExplicitDependencyGeneratePcm arm64 /Users/crimsonknight/open_source_coding_projects/asset_pipeline/samples/cross_platform/ios_host/build/SwiftExplicitPrecompiledModules/Metal-DNLLNQOFKUDQE5LSPIOC3BCGN.pcm

SwiftExplicitDependencyGeneratePcm arm64 /Users/crimsonknight/open_source_coding_projects/asset_pipeline/samples/cross_platform/ios_host/build/SwiftExplicitPrecompiledModules/CoreVideo-31WL4MZS9DA1A1D8ZXKMP7X0I.pcm

SwiftExplicitDependencyGeneratePcm arm64 /Users/crimsonknight/open_source_coding_projects/asset_pipeline/samples/cross_platform/ios_host/build/SwiftExplicitPrecompiledModules/CoreImage-AU4W11HTSZ1LTO3VCH9IK228Y.pcm

SwiftExplicitDependencyGeneratePcm arm64 /Users/crimsonknight/open_source_coding_projects/asset_pipeline/samples/cross_platform/ios_host/build/SwiftExplicitPrecompiledModules/QuartzCore-8YVBXKX4PR1PDESWZ6LSNXG4I.pcm

SwiftExplicitDependencyGeneratePcm arm64 /Users/crimsonknight/open_source_coding_projects/asset_pipeline/samples/cross_platform/ios_host/build/SwiftExplicitPrecompiledModules/SwiftUICore-6OL1RFZU3S2XOVP9P2F7EDZL2.pcm

SwiftExplicitDependencyGeneratePcm arm64 /Users/crimsonknight/open_source_coding_projects/asset_pipeline/samples/cross_platform/ios_host/build/SwiftExplicitPrecompiledModules/UIKit-F3S60593KBSTWAR05B529AV7U.pcm

SwiftExplicitDependencyGeneratePcm arm64 /Users/crimsonknight/open_source_coding_projects/asset_pipeline/samples/cross_platform/ios_host/build/SwiftExplicitPrecompiledModules/SwiftUI-27CYN9DH7IEFDCUP7KONA9RTH.pcm

SwiftGeneratePch normal arm64 Compiling\ bridging\ header (in target 'CrystalHIGHost' from project 'CrystalHIGHost')

SwiftDriverJobDiscovery normal arm64 Compiling bridging header (in target 'CrystalHIGHost' from project 'CrystalHIGHost')

SwiftEmitModule normal arm64 Emitting\ module\ for\ CrystalHIGHost (in target 'CrystalHIGHost' from project 'CrystalHIGHost')

EmitSwiftModule normal arm64 (in target 'CrystalHIGHost' from project 'CrystalHIGHost')
    cd /Users/crimsonknight/open_source_coding_projects/asset_pipeline/samples/cross_platform/ios_host
    

SwiftCompile normal arm64 Compiling\ CrystalHIGHostApp.swift /Users/crimsonknight/open_source_coding_projects/asset_pipeline/samples/cross_platform/ios_host/Sources/CrystalHIGHostApp.swift (in target 'CrystalHIGHost' from project 'CrystalHIGHost')
SwiftCompile normal arm64 /Users/crimsonknight/open_source_coding_projects/asset_pipeline/samples/cross_platform/ios_host/Sources/CrystalHIGHostApp.swift (in target 'CrystalHIGHost' from project 'CrystalHIGHost')
    cd /Users/crimsonknight/open_source_coding_projects/asset_pipeline/samples/cross_platform/ios_host
    

SwiftCompile normal arm64 Compiling\ CrystalBridge.swift /Users/crimsonknight/open_source_coding_projects/asset_pipeline/samples/cross_platform/ios_host/Sources/CrystalBridge.swift (in target 'CrystalHIGHost' from project 'CrystalHIGHost')

SwiftCompile normal arm64 /Users/crimsonknight/open_source_coding_projects/asset_pipeline/samples/cross_platform/ios_host/Sources/CrystalBridge.swift (in target 'CrystalHIGHost' from project 'CrystalHIGHost')
    cd /Users/crimsonknight/open_source_coding_projects/asset_pipeline/samples/cross_platform/ios_host
    

SwiftCompile normal arm64 Compiling\ ContentView.swift /Users/crimsonknight/open_source_coding_projects/asset_pipeline/samples/cross_platform/ios_host/Sources/ContentView.swift (in target 'CrystalHIGHost' from project 'CrystalHIGHost')

SwiftCompile normal arm64 /Users/crimsonknight/open_source_coding_projects/asset_pipeline/samples/cross_platform/ios_host/Sources/ContentView.swift (in target 'CrystalHIGHost' from project 'CrystalHIGHost')
    cd /Users/crimsonknight/open_source_coding_projects/asset_pipeline/samples/cross_platform/ios_host
    

SwiftDriverJobDiscovery normal arm64 Emitting module for CrystalHIGHost (in target 'CrystalHIGHost' from project 'CrystalHIGHost')

SwiftDriver\ Compilation\ Requirements CrystalHIGHost normal arm64 com.apple.xcode.tools.swift.compiler (in target 'CrystalHIGHost' from project 'CrystalHIGHost')
    cd /Users/crimsonknight/open_source_coding_projects/asset_pipeline/samples/cross_platform/ios_host
    builtin-Swift-Compilation-Requirements -- /Applications/Xcode.app/Contents/Developer/Toolchains/XcodeDefault.xctoolchain/usr/bin/swiftc -module-name CrystalHIGHost -Onone @/Users/crimsonknight/open_source_coding_projects/asset_pipeline/samples/cross_platform/ios_host/build/CrystalHIGHost.build/Debug-iphonesimulator/CrystalHIGHost.build/Objects-normal/arm64/CrystalHIGHost.SwiftFileList -DDEBUG -enable-bare-slash-regex -enable-experimental-feature DebugDescriptionMacro -sdk /Applications/Xcode.app/Contents/Developer/Platforms/iPhoneSimulator.platform/Developer/SDKs/iPhoneSimulator26.5.sdk -target arm64-apple-ios26.0-simulator -g -Xfrontend -serialize-debugging-options -enable-testing -Xcc -D_LIBCPP_HARDENING_MODE\=_LIBCPP_HARDENING_MODE_DEBUG -swift-version 5 -I /Users/crimsonknight/open_source_coding_projects/asset_pipeline/samples/cross_platform/ios_host/build/Debug-iphonesimulator -F /Users/crimsonknight/open_source_coding_projects/asset_pipeline/samples/cross_platform/ios_host/build/Debug-iphonesimulator -c -j10 -enable-batch-mode -incremental -Xcc -ivfsstatcache -Xcc /var/folders/81/8xr46ykx0p350l1g_v0nk7hr0000gn/C/com.apple.DeveloperTools/26.5-17F42/Xcode/SDKStatCaches.noindex/iphonesimulator26.5-23F73-6cfe768891a92b912361537c460fe42b.sdkstatcache -output-file-map /Users/crimsonknight/open_source_coding_projects/asset_pipeline/samples/cross_platform/ios_host/build/CrystalHIGHost.build/Debug-iphonesimulator/CrystalHIGHost.build/Objects-normal/arm64/CrystalHIGHost-OutputFileMap.json -use-frontend-parseable-output -save-temps -no-color-diagnostics -explicit-module-build -module-cache-path /Users/crimsonknight/open_source_coding_projects/asset_pipeline/samples/cross_platform/ios_host/build/SwiftExplicitPrecompiledModules -serialize-diagnostics -emit-dependencies -emit-module -emit-module-path /Users/crimsonknight/open_source_coding_projects/asset_pipeline/samples/cross_platform/ios_host/build/CrystalHIGHost.build/Debug-iphonesimulator/CrystalHIGHost.build/Objects-normal/arm64/CrystalHIGHost.swiftmodule -validate-clang-modules-once -clang-build-session-file /var/folders/81/8xr46ykx0p350l1g_v0nk7hr0000gn/C/org.llvm.clang/ModuleCache.noindex/Session.modulevalidation -Xcc -I/Users/crimsonknight/open_source_coding_projects/asset_pipeline/samples/cross_platform/ios_host/build/CrystalHIGHost.build/Debug-iphonesimulator/CrystalHIGHost.build/swift-overrides.hmap -emit-const-values -Xfrontend -const-gather-protocols-file -Xfrontend /Users/crimsonknight/open_source_coding_projects/asset_pipeline/samples/cross_platform/ios_host/build/CrystalHIGHost.build/Debug-iphonesimulator/CrystalHIGHost.build/Objects-normal/arm64/CrystalHIGHost_const_extract_protocols.json -Xcc -iquote -Xcc /Users/crimsonknight/open_source_coding_projects/asset_pipeline/samples/cross_platform/ios_host/build/CrystalHIGHost.build/Debug-iphonesimulator/CrystalHIGHost.build/CrystalHIGHost-generated-files.hmap -Xcc -I/Users/crimsonknight/open_source_coding_projects/asset_pipeline/samples/cross_platform/ios_host/build/CrystalHIGHost.build/Debug-iphonesimulator/CrystalHIGHost.build/CrystalHIGHost-own-target-headers.hmap -Xcc -I/Users/crimsonknight/open_source_coding_projects/asset_pipeline/samples/cross_platform/ios_host/build/CrystalHIGHost.build/Debug-iphonesimulator/CrystalHIGHost.build/CrystalHIGHost-all-target-headers.hmap -Xcc -iquote -Xcc /Users/crimsonknight/open_source_coding_projects/asset_pipeline/samples/cross_platform/ios_host/build/CrystalHIGHost.build/Debug-iphonesimulator/CrystalHIGHost.build/CrystalHIGHost-project-headers.hmap -Xcc -I/Users/crimsonknight/open_source_coding_projects/asset_pipeline/samples/cross_platform/ios_host/build/Debug-iphonesimulator/include -Xcc -I/Users/crimsonknight/open_source_coding_projects/asset_pipeline/samples/cross_platform/ios_host/build/CrystalHIGHost.build/Debug-iphonesimulator/CrystalHIGHost.build/DerivedSources-normal/arm64 -Xcc -I/Users/crimsonknight/open_source_coding_projects/asset_pipeline/samples/cross_platform/ios_host/build/CrystalHIGHost.build/Debug-iphonesimulator/CrystalHIGHost.build/DerivedSources/arm64 -Xcc -I/Users/crimsonknight/open_source_coding_projects/asset_pipeline/samples/cross_platform/ios_host/build/CrystalHIGHost.build/Debug-iphonesimulator/CrystalHIGHost.build/DerivedSources -Xcc -DDEBUG\=1 -emit-objc-header -emit-objc-header-path /Users/crimsonknight/open_source_coding_projects/asset_pipeline/samples/cross_platform/ios_host/build/CrystalHIGHost.build/Debug-iphonesimulator/CrystalHIGHost.build/Objects-normal/arm64/CrystalHIGHost-Swift.h -import-objc-header /Users/crimsonknight/open_source_coding_projects/asset_pipeline/samples/cross_platform/ios_host/Sources/CrystalHIGHost-Bridging-Header.h -working-directory /Users/crimsonknight/open_source_coding_projects/asset_pipeline/samples/cross_platform/ios_host -experimental-emit-module-separately -disable-cmo

SwiftMergeGeneratedHeaders /Users/crimsonknight/open_source_coding_projects/asset_pipeline/samples/cross_platform/ios_host/build/CrystalHIGHost.build/Debug-iphonesimulator/CrystalHIGHost.build/DerivedSources/CrystalHIGHost-Swift.h /Users/crimsonknight/open_source_coding_projects/asset_pipeline/samples/cross_platform/ios_host/build/CrystalHIGHost.build/Debug-iphonesimulator/CrystalHIGHost.build/Objects-normal/arm64/CrystalHIGHost-Swift.h (in target 'CrystalHIGHost' from project 'CrystalHIGHost')
    cd /Users/crimsonknight/open_source_coding_projects/asset_pipeline/samples/cross_platform/ios_host
    builtin-swiftHeaderTool -arch arm64 /Users/crimsonknight/open_source_coding_projects/asset_pipeline/samples/cross_platform/ios_host/build/CrystalHIGHost.build/Debug-iphonesimulator/CrystalHIGHost.build/Objects-normal/arm64/CrystalHIGHost-Swift.h -o /Users/crimsonknight/open_source_coding_projects/asset_pipeline/samples/cross_platform/ios_host/build/CrystalHIGHost.build/Debug-iphonesimulator/CrystalHIGHost.build/DerivedSources/CrystalHIGHost-Swift.h

Copy /Users/crimsonknight/open_source_coding_projects/asset_pipeline/samples/cross_platform/ios_host/build/Debug-iphonesimulator/CrystalHIGHost.swiftmodule/Project/arm64-apple-ios-simulator.swiftsourceinfo /Users/crimsonknight/open_source_coding_projects/asset_pipeline/samples/cross_platform/ios_host/build/CrystalHIGHost.build/Debug-iphonesimulator/CrystalHIGHost.build/Objects-normal/arm64/CrystalHIGHost.swiftsourceinfo (in target 'CrystalHIGHost' from project 'CrystalHIGHost')
    cd /Users/crimsonknight/open_source_coding_projects/asset_pipeline/samples/cross_platform/ios_host
    builtin-copy -exclude .DS_Store -exclude CVS -exclude .svn -exclude .git -exclude .hg -resolve-src-symlinks -rename /Users/crimsonknight/open_source_coding_projects/asset_pipeline/samples/cross_platform/ios_host/build/CrystalHIGHost.build/Debug-iphonesimulator/CrystalHIGHost.build/Objects-normal/arm64/CrystalHIGHost.swiftsourceinfo /Users/crimsonknight/open_source_coding_projects/asset_pipeline/samples/cross_platform/ios_host/build/Debug-iphonesimulator/CrystalHIGHost.swiftmodule/Project/arm64-apple-ios-simulator.swiftsourceinfo

Copy /Users/crimsonknight/open_source_coding_projects/asset_pipeline/samples/cross_platform/ios_host/build/Debug-iphonesimulator/CrystalHIGHost.swiftmodule/arm64-apple-ios-simulator.swiftmodule /Users/crimsonknight/open_source_coding_projects/asset_pipeline/samples/cross_platform/ios_host/build/CrystalHIGHost.build/Debug-iphonesimulator/CrystalHIGHost.build/Objects-normal/arm64/CrystalHIGHost.swiftmodule (in target 'CrystalHIGHost' from project 'CrystalHIGHost')
    cd /Users/crimsonknight/open_source_coding_projects/asset_pipeline/samples/cross_platform/ios_host
    builtin-copy -exclude .DS_Store -exclude CVS -exclude .svn -exclude .git -exclude .hg -resolve-src-symlinks -rename /Users/crimsonknight/open_source_coding_projects/asset_pipeline/samples/cross_platform/ios_host/build/CrystalHIGHost.build/Debug-iphonesimulator/CrystalHIGHost.build/Objects-normal/arm64/CrystalHIGHost.swiftmodule /Users/crimsonknight/open_source_coding_projects/asset_pipeline/samples/cross_platform/ios_host/build/Debug-iphonesimulator/CrystalHIGHost.swiftmodule/arm64-apple-ios-simulator.swiftmodule

Copy /Users/crimsonknight/open_source_coding_projects/asset_pipeline/samples/cross_platform/ios_host/build/Debug-iphonesimulator/CrystalHIGHost.swiftmodule/arm64-apple-ios-simulator.swiftdoc /Users/crimsonknight/open_source_coding_projects/asset_pipeline/samples/cross_platform/ios_host/build/CrystalHIGHost.build/Debug-iphonesimulator/CrystalHIGHost.build/Objects-normal/arm64/CrystalHIGHost.swiftdoc (in target 'CrystalHIGHost' from project 'CrystalHIGHost')
    cd /Users/crimsonknight/open_source_coding_projects/asset_pipeline/samples/cross_platform/ios_host
    builtin-copy -exclude .DS_Store -exclude CVS -exclude .svn -exclude .git -exclude .hg -resolve-src-symlinks -rename /Users/crimsonknight/open_source_coding_projects/asset_pipeline/samples/cross_platform/ios_host/build/CrystalHIGHost.build/Debug-iphonesimulator/CrystalHIGHost.build/Objects-normal/arm64/CrystalHIGHost.swiftdoc /Users/crimsonknight/open_source_coding_projects/asset_pipeline/samples/cross_platform/ios_host/build/Debug-iphonesimulator/CrystalHIGHost.swiftmodule/arm64-apple-ios-simulator.swiftdoc

Copy /Users/crimsonknight/open_source_coding_projects/asset_pipeline/samples/cross_platform/ios_host/build/Debug-iphonesimulator/CrystalHIGHost.swiftmodule/arm64-apple-ios-simulator.abi.json /Users/crimsonknight/open_source_coding_projects/asset_pipeline/samples/cross_platform/ios_host/build/CrystalHIGHost.build/Debug-iphonesimulator/CrystalHIGHost.build/Objects-normal/arm64/CrystalHIGHost.abi.json (in target 'CrystalHIGHost' from project 'CrystalHIGHost')
    cd /Users/crimsonknight/open_source_coding_projects/asset_pipeline/samples/cross_platform/ios_host
    builtin-copy -exclude .DS_Store -exclude CVS -exclude .svn -exclude .git -exclude .hg -resolve-src-symlinks -rename /Users/crimsonknight/open_source_coding_projects/asset_pipeline/samples/cross_platform/ios_host/build/CrystalHIGHost.build/Debug-iphonesimulator/CrystalHIGHost.build/Objects-normal/arm64/CrystalHIGHost.abi.json /Users/crimsonknight/open_source_coding_projects/asset_pipeline/samples/cross_platform/ios_host/build/Debug-iphonesimulator/CrystalHIGHost.swiftmodule/arm64-apple-ios-simulator.abi.json

SwiftDriverJobDiscovery normal arm64 Compiling CrystalBridge.swift (in target 'CrystalHIGHost' from project 'CrystalHIGHost')

SwiftDriverJobDiscovery normal arm64 Compiling ContentView.swift (in target 'CrystalHIGHost' from project 'CrystalHIGHost')

SwiftDriverJobDiscovery normal arm64 Compiling CrystalHIGHostApp.swift (in target 'CrystalHIGHost' from project 'CrystalHIGHost')

SwiftDriver\ Compilation CrystalHIGHost normal arm64 com.apple.xcode.tools.swift.compiler (in target 'CrystalHIGHost' from project 'CrystalHIGHost')
    cd /Users/crimsonknight/open_source_coding_projects/asset_pipeline/samples/cross_platform/ios_host
    builtin-Swift-Compilation -- /Applications/Xcode.app/Contents/Developer/Toolchains/XcodeDefault.xctoolchain/usr/bin/swiftc -module-name CrystalHIGHost -Onone @/Users/crimsonknight/open_source_coding_projects/asset_pipeline/samples/cross_platform/ios_host/build/CrystalHIGHost.build/Debug-iphonesimulator/CrystalHIGHost.build/Objects-normal/arm64/CrystalHIGHost.SwiftFileList -DDEBUG -enable-bare-slash-regex -enable-experimental-feature DebugDescriptionMacro -sdk /Applications/Xcode.app/Contents/Developer/Platforms/iPhoneSimulator.platform/Developer/SDKs/iPhoneSimulator26.5.sdk -target arm64-apple-ios26.0-simulator -g -Xfrontend -serialize-debugging-options -enable-testing -Xcc -D_LIBCPP_HARDENING_MODE\=_LIBCPP_HARDENING_MODE_DEBUG -swift-version 5 -I /Users/crimsonknight/open_source_coding_projects/asset_pipeline/samples/cross_platform/ios_host/build/Debug-iphonesimulator -F /Users/crimsonknight/open_source_coding_projects/asset_pipeline/samples/cross_platform/ios_host/build/Debug-iphonesimulator -c -j10 -enable-batch-mode -incremental -Xcc -ivfsstatcache -Xcc /var/folders/81/8xr46ykx0p350l1g_v0nk7hr0000gn/C/com.apple.DeveloperTools/26.5-17F42/Xcode/SDKStatCaches.noindex/iphonesimulator26.5-23F73-6cfe768891a92b912361537c460fe42b.sdkstatcache -output-file-map /Users/crimsonknight/open_source_coding_projects/asset_pipeline/samples/cross_platform/ios_host/build/CrystalHIGHost.build/Debug-iphonesimulator/CrystalHIGHost.build/Objects-normal/arm64/CrystalHIGHost-OutputFileMap.json -use-frontend-parseable-output -save-temps -no-color-diagnostics -explicit-module-build -module-cache-path /Users/crimsonknight/open_source_coding_projects/asset_pipeline/samples/cross_platform/ios_host/build/SwiftExplicitPrecompiledModules -serialize-diagnostics -emit-dependencies -emit-module -emit-module-path /Users/crimsonknight/open_source_coding_projects/asset_pipeline/samples/cross_platform/ios_host/build/CrystalHIGHost.build/Debug-iphonesimulator/CrystalHIGHost.build/Objects-normal/arm64/CrystalHIGHost.swiftmodule -validate-clang-modules-once -clang-build-session-file /var/folders/81/8xr46ykx0p350l1g_v0nk7hr0000gn/C/org.llvm.clang/ModuleCache.noindex/Session.modulevalidation -Xcc -I/Users/crimsonknight/open_source_coding_projects/asset_pipeline/samples/cross_platform/ios_host/build/CrystalHIGHost.build/Debug-iphonesimulator/CrystalHIGHost.build/swift-overrides.hmap -emit-const-values -Xfrontend -const-gather-protocols-file -Xfrontend /Users/crimsonknight/open_source_coding_projects/asset_pipeline/samples/cross_platform/ios_host/build/CrystalHIGHost.build/Debug-iphonesimulator/CrystalHIGHost.build/Objects-normal/arm64/CrystalHIGHost_const_extract_protocols.json -Xcc -iquote -Xcc /Users/crimsonknight/open_source_coding_projects/asset_pipeline/samples/cross_platform/ios_host/build/CrystalHIGHost.build/Debug-iphonesimulator/CrystalHIGHost.build/CrystalHIGHost-generated-files.hmap -Xcc -I/Users/crimsonknight/open_source_coding_projects/asset_pipeline/samples/cross_platform/ios_host/build/CrystalHIGHost.build/Debug-iphonesimulator/CrystalHIGHost.build/CrystalHIGHost-own-target-headers.hmap -Xcc -I/Users/crimsonknight/open_source_coding_projects/asset_pipeline/samples/cross_platform/ios_host/build/CrystalHIGHost.build/Debug-iphonesimulator/CrystalHIGHost.build/CrystalHIGHost-all-target-headers.hmap -Xcc -iquote -Xcc /Users/crimsonknight/open_source_coding_projects/asset_pipeline/samples/cross_platform/ios_host/build/CrystalHIGHost.build/Debug-iphonesimulator/CrystalHIGHost.build/CrystalHIGHost-project-headers.hmap -Xcc -I/Users/crimsonknight/open_source_coding_projects/asset_pipeline/samples/cross_platform/ios_host/build/Debug-iphonesimulator/include -Xcc -I/Users/crimsonknight/open_source_coding_projects/asset_pipeline/samples/cross_platform/ios_host/build/CrystalHIGHost.build/Debug-iphonesimulator/CrystalHIGHost.build/DerivedSources-normal/arm64 -Xcc -I/Users/crimsonknight/open_source_coding_projects/asset_pipeline/samples/cross_platform/ios_host/build/CrystalHIGHost.build/Debug-iphonesimulator/CrystalHIGHost.build/DerivedSources/arm64 -Xcc -I/Users/crimsonknight/open_source_coding_projects/asset_pipeline/samples/cross_platform/ios_host/build/CrystalHIGHost.build/Debug-iphonesimulator/CrystalHIGHost.build/DerivedSources -Xcc -DDEBUG\=1 -emit-objc-header -emit-objc-header-path /Users/crimsonknight/open_source_coding_projects/asset_pipeline/samples/cross_platform/ios_host/build/CrystalHIGHost.build/Debug-iphonesimulator/CrystalHIGHost.build/Objects-normal/arm64/CrystalHIGHost-Swift.h -import-objc-header /Users/crimsonknight/open_source_coding_projects/asset_pipeline/samples/cross_platform/ios_host/Sources/CrystalHIGHost-Bridging-Header.h -working-directory /Users/crimsonknight/open_source_coding_projects/asset_pipeline/samples/cross_platform/ios_host -experimental-emit-module-separately -disable-cmo

Ld /Users/crimsonknight/open_source_coding_projects/asset_pipeline/samples/cross_platform/ios_host/build/Debug-iphonesimulator/CrystalHIGHost.app/CrystalHIGHost normal (in target 'CrystalHIGHost' from project 'CrystalHIGHost')
    cd /Users/crimsonknight/open_source_coding_projects/asset_pipeline/samples/cross_platform/ios_host
    /Applications/Xcode.app/Contents/Developer/Toolchains/XcodeDefault.xctoolchain/usr/bin/clang -Xlinker -reproducible -target arm64-apple-ios26.0-simulator -isysroot /Applications/Xcode.app/Contents/Developer/Platforms/iPhoneSimulator.platform/Developer/SDKs/iPhoneSimulator26.5.sdk -O0 -L/Users/crimsonknight/open_source_coding_projects/asset_pipeline/samples/cross_platform/ios_host/build/EagerLinkingTBDs/Debug-iphonesimulator -L/Users/crimsonknight/open_source_coding_projects/asset_pipeline/samples/cross_platform/ios_host/build/Debug-iphonesimulator -L/Users/crimsonknight/open_source_coding_projects/asset_pipeline/samples/cross_platform/ios_host/build -L/tmp/crystal-cross-deps/ios-simulator/lib -F/Users/crimsonknight/open_source_coding_projects/asset_pipeline/samples/cross_platform/ios_host/build/EagerLinkingTBDs/Debug-iphonesimulator -F/Users/crimsonknight/open_source_coding_projects/asset_pipeline/samples/cross_platform/ios_host/build/Debug-iphonesimulator -filelist /Users/crimsonknight/open_source_coding_projects/asset_pipeline/samples/cross_platform/ios_host/build/CrystalHIGHost.build/Debug-iphonesimulator/CrystalHIGHost.build/Objects-normal/arm64/CrystalHIGHost.LinkFileList -Xlinker -rpath -Xlinker @executable_path/Frameworks -Xlinker -dead_strip -Xlinker -object_path_lto -Xlinker /Users/crimsonknight/open_source_coding_projects/asset_pipeline/samples/cross_platform/ios_host/build/CrystalHIGHost.build/Debug-iphonesimulator/CrystalHIGHost.build/Objects-normal/arm64/CrystalHIGHost_lto.o -rdynamic -Xlinker -no_deduplicate -Xlinker -objc_abi_version -Xlinker 2 -Xlinker -dependency_info -Xlinker /Users/crimsonknight/open_source_coding_projects/asset_pipeline/samples/cross_platform/ios_host/build/CrystalHIGHost.build/Debug-iphonesimulator/CrystalHIGHost.build/Objects-normal/arm64/CrystalHIGHost_dependency_info.dat -fobjc-link-runtime -L/Applications/Xcode.app/Contents/Developer/Toolchains/XcodeDefault.xctoolchain/usr/lib/swift/iphonesimulator -L/usr/lib/swift -Xlinker -add_ast_path -Xlinker /Users/crimsonknight/open_source_coding_projects/asset_pipeline/samples/cross_platform/ios_host/build/CrystalHIGHost.build/Debug-iphonesimulator/CrystalHIGHost.build/Objects-normal/arm64/CrystalHIGHost.swiftmodule @/Users/crimsonknight/open_source_coding_projects/asset_pipeline/samples/cross_platform/ios_host/build/CrystalHIGHost.build/Debug-iphonesimulator/CrystalHIGHost.build/Objects-normal/arm64/CrystalHIGHost-linker-args.resp -lhighost -lgc -liconv -framework UIKit -framework Foundation -framework UserNotifications -framework WebKit -framework MapKit -framework CoreLocation -framework AVKit -framework AVFoundation -lobjc -Xlinker -sectcreate -Xlinker __TEXT -Xlinker __entitlements -Xlinker /Users/crimsonknight/open_source_coding_projects/asset_pipeline/samples/cross_platform/ios_host/build/CrystalHIGHost.build/Debug-iphonesimulator/CrystalHIGHost.build/CrystalHIGHost.app-Simulated.xcent -Xlinker -sectcreate -Xlinker __TEXT -Xlinker __ents_der -Xlinker /Users/crimsonknight/open_source_coding_projects/asset_pipeline/samples/cross_platform/ios_host/build/CrystalHIGHost.build/Debug-iphonesimulator/CrystalHIGHost.build/CrystalHIGHost.app-Simulated.xcent.der -Xlinker -no_adhoc_codesign -o /Users/crimsonknight/open_source_coding_projects/asset_pipeline/samples/cross_platform/ios_host/build/Debug-iphonesimulator/CrystalHIGHost.app/CrystalHIGHost
/Users/crimsonknight/open_source_coding_projects/asset_pipeline/samples/cross_platform/ios_host/CrystalHIGHost.xcodeproj: CrystalHIGHost: ld: warning: ignoring duplicate libraries: '-lobjc'
/Users/crimsonknight/open_source_coding_projects/asset_pipeline/samples/cross_platform/ios_host/CrystalHIGHost.xcodeproj: CrystalHIGHost: ld: warning: search path '/tmp/crystal-cross-deps/ios-simulator/lib' not found
ld: library 'gc' not found
/Users/crimsonknight/open_source_coding_projects/asset_pipeline/samples/cross_platform/ios_host/CrystalHIGHost.xcodeproj: CrystalHIGHost: clang: error: linker command failed with exit code 1 (use -v to see invocation)

** BUILD FAILED **


The following build commands failed:
	Ld /Users/crimsonknight/open_source_coding_projects/asset_pipeline/samples/cross_platform/ios_host/build/Debug-iphonesimulator/CrystalHIGHost.app/CrystalHIGHost normal (in target 'CrystalHIGHost' from project 'CrystalHIGHost')
(1 failure)
Command line invocation:
    /Applications/Xcode.app/Contents/Developer/usr/bin/xcodebuild -project CrystalHIGHost.xcodeproj -target CrystalHIGHost -sdk iphonesimulator -arch arm64 -configuration Debug build

Build settings from command line:
    ARCHS = arm64
    SDKROOT = iphonesimulator26.5

ComputePackagePrebuildTargetDependencyGraph

Prepare packages

CreateBuildRequest

SendProjectDescription

CreateBuildOperation

ComputeTargetDependencyGraph
note: Building targets in dependency order
note: Target dependency graph (1 target)
    Target 'CrystalHIGHost' in project 'CrystalHIGHost' (no dependencies)

GatherProvisioningInputs

CreateBuildDescription

ClangStatCache /Applications/Xcode.app/Contents/Developer/Toolchains/XcodeDefault.xctoolchain/usr/bin/clang-stat-cache /Applications/Xcode.app/Contents/Developer/Platforms/iPhoneSimulator.platform/Developer/SDKs/iPhoneSimulator26.5.sdk /var/folders/81/8xr46ykx0p350l1g_v0nk7hr0000gn/C/com.apple.DeveloperTools/26.5-17F42/Xcode/SDKStatCaches.noindex/iphonesimulator26.5-23F73-6cfe768891a92b912361537c460fe42b.sdkstatcache
    cd /Users/crimsonknight/open_source_coding_projects/asset_pipeline/samples/cross_platform/ios_host/CrystalHIGHost.xcodeproj
    /Applications/Xcode.app/Contents/Developer/Toolchains/XcodeDefault.xctoolchain/usr/bin/clang-stat-cache /Applications/Xcode.app/Contents/Developer/Platforms/iPhoneSimulator.platform/Developer/SDKs/iPhoneSimulator26.5.sdk -o /var/folders/81/8xr46ykx0p350l1g_v0nk7hr0000gn/C/com.apple.DeveloperTools/26.5-17F42/Xcode/SDKStatCaches.noindex/iphonesimulator26.5-23F73-6cfe768891a92b912361537c460fe42b.sdkstatcache

Ld /Users/crimsonknight/open_source_coding_projects/asset_pipeline/samples/cross_platform/ios_host/build/Debug-iphonesimulator/CrystalHIGHost.app/CrystalHIGHost normal (in target 'CrystalHIGHost' from project 'CrystalHIGHost')
    cd /Users/crimsonknight/open_source_coding_projects/asset_pipeline/samples/cross_platform/ios_host
    /Applications/Xcode.app/Contents/Developer/Toolchains/XcodeDefault.xctoolchain/usr/bin/clang -Xlinker -reproducible -target arm64-apple-ios26.0-simulator -isysroot /Applications/Xcode.app/Contents/Developer/Platforms/iPhoneSimulator.platform/Developer/SDKs/iPhoneSimulator26.5.sdk -O0 -L/Users/crimsonknight/open_source_coding_projects/asset_pipeline/samples/cross_platform/ios_host/build/EagerLinkingTBDs/Debug-iphonesimulator -L/Users/crimsonknight/open_source_coding_projects/asset_pipeline/samples/cross_platform/ios_host/build/Debug-iphonesimulator -L/Users/crimsonknight/open_source_coding_projects/asset_pipeline/samples/cross_platform/ios_host/build -L/tmp/crystal-cross-deps/ios-simulator/lib -F/Users/crimsonknight/open_source_coding_projects/asset_pipeline/samples/cross_platform/ios_host/build/EagerLinkingTBDs/Debug-iphonesimulator -F/Users/crimsonknight/open_source_coding_projects/asset_pipeline/samples/cross_platform/ios_host/build/Debug-iphonesimulator -filelist /Users/crimsonknight/open_source_coding_projects/asset_pipeline/samples/cross_platform/ios_host/build/CrystalHIGHost.build/Debug-iphonesimulator/CrystalHIGHost.build/Objects-normal/arm64/CrystalHIGHost.LinkFileList -Xlinker -rpath -Xlinker @executable_path/Frameworks -Xlinker -dead_strip -Xlinker -object_path_lto -Xlinker /Users/crimsonknight/open_source_coding_projects/asset_pipeline/samples/cross_platform/ios_host/build/CrystalHIGHost.build/Debug-iphonesimulator/CrystalHIGHost.build/Objects-normal/arm64/CrystalHIGHost_lto.o -rdynamic -Xlinker -no_deduplicate -Xlinker -objc_abi_version -Xlinker 2 -Xlinker -dependency_info -Xlinker /Users/crimsonknight/open_source_coding_projects/asset_pipeline/samples/cross_platform/ios_host/build/CrystalHIGHost.build/Debug-iphonesimulator/CrystalHIGHost.build/Objects-normal/arm64/CrystalHIGHost_dependency_info.dat -fobjc-link-runtime -L/Applications/Xcode.app/Contents/Developer/Toolchains/XcodeDefault.xctoolchain/usr/lib/swift/iphonesimulator -L/usr/lib/swift -Xlinker -add_ast_path -Xlinker /Users/crimsonknight/open_source_coding_projects/asset_pipeline/samples/cross_platform/ios_host/build/CrystalHIGHost.build/Debug-iphonesimulator/CrystalHIGHost.build/Objects-normal/arm64/CrystalHIGHost.swiftmodule @/Users/crimsonknight/open_source_coding_projects/asset_pipeline/samples/cross_platform/ios_host/build/CrystalHIGHost.build/Debug-iphonesimulator/CrystalHIGHost.build/Objects-normal/arm64/CrystalHIGHost-linker-args.resp -lhighost -lgc -liconv -framework UIKit -framework Foundation -framework UserNotifications -framework WebKit -framework MapKit -framework CoreLocation -framework AVKit -framework AVFoundation -lobjc -Xlinker -sectcreate -Xlinker __TEXT -Xlinker __entitlements -Xlinker /Users/crimsonknight/open_source_coding_projects/asset_pipeline/samples/cross_platform/ios_host/build/CrystalHIGHost.build/Debug-iphonesimulator/CrystalHIGHost.build/CrystalHIGHost.app-Simulated.xcent -Xlinker -sectcreate -Xlinker __TEXT -Xlinker __ents_der -Xlinker /Users/crimsonknight/open_source_coding_projects/asset_pipeline/samples/cross_platform/ios_host/build/CrystalHIGHost.build/Debug-iphonesimulator/CrystalHIGHost.build/CrystalHIGHost.app-Simulated.xcent.der -Xlinker -no_adhoc_codesign -o /Users/crimsonknight/open_source_coding_projects/asset_pipeline/samples/cross_platform/ios_host/build/Debug-iphonesimulator/CrystalHIGHost.app/CrystalHIGHost
/Users/crimsonknight/open_source_coding_projects/asset_pipeline/samples/cross_platform/ios_host/CrystalHIGHost.xcodeproj: CrystalHIGHost: ld: warning: ignoring duplicate libraries: '-lobjc'
/Users/crimsonknight/open_source_coding_projects/asset_pipeline/samples/cross_platform/ios_host/CrystalHIGHost.xcodeproj: CrystalHIGHost: ld: warning: no platform load command found in '/Users/crimsonknight/open_source_coding_projects/asset_pipeline/samples/cross_platform/ios_host/build/libhighost.a[2](bridge.o)', assuming: iOS-simulator

CopySwiftLibs /Users/crimsonknight/open_source_coding_projects/asset_pipeline/samples/cross_platform/ios_host/build/Debug-iphonesimulator/CrystalHIGHost.app (in target 'CrystalHIGHost' from project 'CrystalHIGHost')
    cd /Users/crimsonknight/open_source_coding_projects/asset_pipeline/samples/cross_platform/ios_host
    builtin-swiftStdLibTool --copy --verbose --sign - --scan-executable /Users/crimsonknight/open_source_coding_projects/asset_pipeline/samples/cross_platform/ios_host/build/Debug-iphonesimulator/CrystalHIGHost.app/CrystalHIGHost --scan-folder /Users/crimsonknight/open_source_coding_projects/asset_pipeline/samples/cross_platform/ios_host/build/Debug-iphonesimulator/CrystalHIGHost.app/Frameworks --scan-folder /Users/crimsonknight/open_source_coding_projects/asset_pipeline/samples/cross_platform/ios_host/build/Debug-iphonesimulator/CrystalHIGHost.app/PlugIns --scan-folder /Users/crimsonknight/open_source_coding_projects/asset_pipeline/samples/cross_platform/ios_host/build/Debug-iphonesimulator/CrystalHIGHost.app/SystemExtensions --scan-folder /Users/crimsonknight/open_source_coding_projects/asset_pipeline/samples/cross_platform/ios_host/build/Debug-iphonesimulator/CrystalHIGHost.app/Extensions --platform iphonesimulator --toolchain /Applications/Xcode.app/Contents/Developer/Toolchains/XcodeDefault.xctoolchain --destination /Users/crimsonknight/open_source_coding_projects/asset_pipeline/samples/cross_platform/ios_host/build/Debug-iphonesimulator/CrystalHIGHost.app/Frameworks --strip-bitcode --strip-bitcode-tool /Applications/Xcode.app/Contents/Developer/Toolchains/XcodeDefault.xctoolchain/usr/bin/bitcode_strip --emit-dependency-info /Users/crimsonknight/open_source_coding_projects/asset_pipeline/samples/cross_platform/ios_host/build/CrystalHIGHost.build/Debug-iphonesimulator/CrystalHIGHost.build/SwiftStdLibToolInputDependencies.dep --filter-for-swift-os

ExtractAppIntentsMetadata (in target 'CrystalHIGHost' from project 'CrystalHIGHost')
    cd /Users/crimsonknight/open_source_coding_projects/asset_pipeline/samples/cross_platform/ios_host
    /Applications/Xcode.app/Contents/Developer/Toolchains/XcodeDefault.xctoolchain/usr/bin/appintentsmetadataprocessor --toolchain-dir /Applications/Xcode.app/Contents/Developer/Toolchains/XcodeDefault.xctoolchain --module-name CrystalHIGHost --sdk-root /Applications/Xcode.app/Contents/Developer/Platforms/iPhoneSimulator.platform/Developer/SDKs/iPhoneSimulator26.5.sdk --xcode-version 17F42 --platform-family iOS --deployment-target 26.0 --bundle-identifier com.assetpipeline.hig.CrystalHIGHost --output /Users/crimsonknight/open_source_coding_projects/asset_pipeline/samples/cross_platform/ios_host/build/Debug-iphonesimulator/CrystalHIGHost.app --target-triple arm64-apple-ios26.0-simulator --binary-file /Users/crimsonknight/open_source_coding_projects/asset_pipeline/samples/cross_platform/ios_host/build/Debug-iphonesimulator/CrystalHIGHost.app/CrystalHIGHost --dependency-file /Users/crimsonknight/open_source_coding_projects/asset_pipeline/samples/cross_platform/ios_host/build/CrystalHIGHost.build/Debug-iphonesimulator/CrystalHIGHost.build/Objects-normal/arm64/CrystalHIGHost_dependency_info.dat --stringsdata-file /Users/crimsonknight/open_source_coding_projects/asset_pipeline/samples/cross_platform/ios_host/build/CrystalHIGHost.build/Debug-iphonesimulator/CrystalHIGHost.build/Objects-normal/arm64/ExtractedAppShortcutsMetadata.stringsdata --source-file-list /Users/crimsonknight/open_source_coding_projects/asset_pipeline/samples/cross_platform/ios_host/build/CrystalHIGHost.build/Debug-iphonesimulator/CrystalHIGHost.build/Objects-normal/arm64/CrystalHIGHost.SwiftFileList --metadata-file-list /Users/crimsonknight/open_source_coding_projects/asset_pipeline/samples/cross_platform/ios_host/build/CrystalHIGHost.build/Debug-iphonesimulator/CrystalHIGHost.build/CrystalHIGHost.DependencyMetadataFileList --static-metadata-file-list /Users/crimsonknight/open_source_coding_projects/asset_pipeline/samples/cross_platform/ios_host/build/CrystalHIGHost.build/Debug-iphonesimulator/CrystalHIGHost.build/CrystalHIGHost.DependencyStaticMetadataFileList --swift-const-vals-list /Users/crimsonknight/open_source_coding_projects/asset_pipeline/samples/cross_platform/ios_host/build/CrystalHIGHost.build/Debug-iphonesimulator/CrystalHIGHost.build/Objects-normal/arm64/CrystalHIGHost.SwiftConstValuesFileList --compile-time-extraction --deployment-aware-processing --validate-assistant-intents --no-app-shortcuts-localization
2026-05-21 07:13:01.444 appintentsmetadataprocessor[81373:52753742] Starting appintentsmetadataprocessor export
2026-05-21 07:13:01.454 appintentsmetadataprocessor[81373:52753742] warning: Metadata extraction skipped. No AppIntents.framework dependency found.

AppIntentsSSUTraining (in target 'CrystalHIGHost' from project 'CrystalHIGHost')
    cd /Users/crimsonknight/open_source_coding_projects/asset_pipeline/samples/cross_platform/ios_host
    /Applications/Xcode.app/Contents/Developer/Toolchains/XcodeDefault.xctoolchain/usr/bin/appintentsnltrainingprocessor --infoplist-path /Users/crimsonknight/open_source_coding_projects/asset_pipeline/samples/cross_platform/ios_host/build/Debug-iphonesimulator/CrystalHIGHost.app/Info.plist --temp-dir-path /Users/crimsonknight/open_source_coding_projects/asset_pipeline/samples/cross_platform/ios_host/build/CrystalHIGHost.build/Debug-iphonesimulator/CrystalHIGHost.build/ssu --bundle-id com.assetpipeline.hig.CrystalHIGHost --product-path /Users/crimsonknight/open_source_coding_projects/asset_pipeline/samples/cross_platform/ios_host/build/Debug-iphonesimulator/CrystalHIGHost.app --extracted-metadata-path /Users/crimsonknight/open_source_coding_projects/asset_pipeline/samples/cross_platform/ios_host/build/Debug-iphonesimulator/CrystalHIGHost.app/Metadata.appintents --metadata-file-list /Users/crimsonknight/open_source_coding_projects/asset_pipeline/samples/cross_platform/ios_host/build/CrystalHIGHost.build/Debug-iphonesimulator/CrystalHIGHost.build/CrystalHIGHost.DependencyMetadataFileList --source-file /Users/crimsonknight/open_source_coding_projects/asset_pipeline/samples/cross_platform/ios_host/build/Debug-iphonesimulator/CrystalHIGHost.app/Info.plist --archive-ssu-assets
2026-05-21 07:13:01.478 appintentsnltrainingprocessor[81374:52753750] Parsing options for appintentsnltrainingprocessor
2026-05-21 07:13:01.478 appintentsnltrainingprocessor[81374:52753750] Starting AppIntents SSU YAML Generation
2026-05-21 07:13:01.481 appintentsnltrainingprocessor[81374:52753750] No AppShortcuts found - Skipping.

CodeSign /Users/crimsonknight/open_source_coding_projects/asset_pipeline/samples/cross_platform/ios_host/build/Debug-iphonesimulator/CrystalHIGHost.app (in target 'CrystalHIGHost' from project 'CrystalHIGHost')
    cd /Users/crimsonknight/open_source_coding_projects/asset_pipeline/samples/cross_platform/ios_host
    
    Signing Identity:     "Sign to Run Locally"
    
    /usr/bin/codesign --force --sign - --timestamp\=none --generate-entitlement-der /Users/crimsonknight/open_source_coding_projects/asset_pipeline/samples/cross_platform/ios_host/build/Debug-iphonesimulator/CrystalHIGHost.app

RegisterExecutionPolicyException /Users/crimsonknight/open_source_coding_projects/asset_pipeline/samples/cross_platform/ios_host/build/Debug-iphonesimulator/CrystalHIGHost.app (in target 'CrystalHIGHost' from project 'CrystalHIGHost')
    cd /Users/crimsonknight/open_source_coding_projects/asset_pipeline/samples/cross_platform/ios_host
    builtin-RegisterExecutionPolicyException /Users/crimsonknight/open_source_coding_projects/asset_pipeline/samples/cross_platform/ios_host/build/Debug-iphonesimulator/CrystalHIGHost.app

Validate /Users/crimsonknight/open_source_coding_projects/asset_pipeline/samples/cross_platform/ios_host/build/Debug-iphonesimulator/CrystalHIGHost.app (in target 'CrystalHIGHost' from project 'CrystalHIGHost')
    cd /Users/crimsonknight/open_source_coding_projects/asset_pipeline/samples/cross_platform/ios_host
    builtin-validationUtility /Users/crimsonknight/open_source_coding_projects/asset_pipeline/samples/cross_platform/ios_host/build/Debug-iphonesimulator/CrystalHIGHost.app -shallow-bundle -infoplist-subpath Info.plist

Touch /Users/crimsonknight/open_source_coding_projects/asset_pipeline/samples/cross_platform/ios_host/build/Debug-iphonesimulator/CrystalHIGHost.app (in target 'CrystalHIGHost' from project 'CrystalHIGHost')
    cd /Users/crimsonknight/open_source_coding_projects/asset_pipeline/samples/cross_platform/ios_host
    /usr/bin/touch -c /Users/crimsonknight/open_source_coding_projects/asset_pipeline/samples/cross_platform/ios_host/build/Debug-iphonesimulator/CrystalHIGHost.app

** BUILD SUCCEEDED **

