08-14 12:57:38.015  3815  3815 D nativeloader: Load /data/app/~~UixbbGUtE31Gu6F65PfdMQ==/dev.assetpipeline.androidhost-UqRY_halxpT_mUA3cnMY9g==/base.apk!/lib/arm64-v8a/libandroid_material_host.so using ns clns-7 from class loader (caller=/data/app/~~UixbbGUtE31Gu6F65PfdMQ==/dev.assetpipeline.androidhost-UqRY_halxpT_mUA3cnMY9g==/base.apk!classes4.dex): ok
08-14 12:57:38.633  3837  3837 D nativeloader: Load /data/app/~~UixbbGUtE31Gu6F65PfdMQ==/dev.assetpipeline.androidhost-UqRY_halxpT_mUA3cnMY9g==/base.apk!/lib/arm64-v8a/libandroid_material_host.so using ns clns-7 from class loader (caller=/data/app/~~UixbbGUtE31Gu6F65PfdMQ==/dev.assetpipeline.androidhost-UqRY_halxpT_mUA3cnMY9g==/base.apk!classes4.dex): ok
08-14 12:57:39.165  3872  3872 D nativeloader: Load /data/app/~~UixbbGUtE31Gu6F65PfdMQ==/dev.assetpipeline.androidhost-UqRY_halxpT_mUA3cnMY9g==/base.apk!/lib/arm64-v8a/libandroid_material_host.so using ns clns-7 from class loader (caller=/data/app/~~UixbbGUtE31Gu6F65PfdMQ==/dev.assetpipeline.androidhost-UqRY_halxpT_mUA3cnMY9g==/base.apk!classes4.dex): ok
08-14 12:57:39.721  3892  3892 D nativeloader: Load /data/app/~~UixbbGUtE31Gu6F65PfdMQ==/dev.assetpipeline.androidhost-UqRY_halxpT_mUA3cnMY9g==/base.apk!/lib/arm64-v8a/libandroid_material_host.so using ns clns-7 from class loader (caller=/data/app/~~UixbbGUtE31Gu6F65PfdMQ==/dev.assetpipeline.androidhost-UqRY_halxpT_mUA3cnMY9g==/base.apk!classes4.dex): ok
08-14 12:57:40.263  3913  3913 D nativeloader: Load /data/app/~~UixbbGUtE31Gu6F65PfdMQ==/dev.assetpipeline.androidhost-UqRY_halxpT_mUA3cnMY9g==/base.apk!/lib/arm64-v8a/libandroid_material_host.so using ns clns-7 from class loader (caller=/data/app/~~UixbbGUtE31Gu6F65PfdMQ==/dev.assetpipeline.androidhost-UqRY_halxpT_mUA3cnMY9g==/base.apk!classes4.dex): ok
08-14 12:57:40.802  3940  3940 D nativeloader: Load /data/app/~~UixbbGUtE31Gu6F65PfdMQ==/dev.assetpipeline.androidhost-UqRY_halxpT_mUA3cnMY9g==/base.apk!/lib/arm64-v8a/libandroid_material_host.so using ns clns-7 from class loader (caller=/data/app/~~UixbbGUtE31Gu6F65PfdMQ==/dev.assetpipeline.androidhost-UqRY_halxpT_mUA3cnMY9g==/base.apk!classes4.dex): ok
08-14 12:57:41.326  3961  3961 D nativeloader: Load /data/app/~~UixbbGUtE31Gu6F65PfdMQ==/dev.assetpipeline.androidhost-UqRY_halxpT_mUA3cnMY9g==/base.apk!/lib/arm64-v8a/libandroid_material_host.so using ns clns-7 from class loader (caller=/data/app/~~UixbbGUtE31Gu6F65PfdMQ==/dev.assetpipeline.androidhost-UqRY_halxpT_mUA3cnMY9g==/base.apk!classes4.dex): ok
08-14 12:57:41.877  3981  3981 D nativeloader: Load /data/app/~~UixbbGUtE31Gu6F65PfdMQ==/dev.assetpipeline.androidhost-UqRY_halxpT_mUA3cnMY9g==/base.apk!/lib/arm64-v8a/libandroid_material_host.so using ns clns-7 from class loader (caller=/data/app/~~UixbbGUtE31Gu6F65PfdMQ==/dev.assetpipeline.androidhost-UqRY_halxpT_mUA3cnMY9g==/base.apk!classes4.dex): ok
08-14 12:57:42.393  4001  4001 D nativeloader: Load /data/app/~~UixbbGUtE31Gu6F65PfdMQ==/dev.assetpipeline.androidhost-UqRY_halxpT_mUA3cnMY9g==/base.apk!/lib/arm64-v8a/libandroid_material_host.so using ns clns-7 from class loader (caller=/data/app/~~UixbbGUtE31Gu6F65PfdMQ==/dev.assetpipeline.androidhost-UqRY_halxpT_mUA3cnMY9g==/base.apk!classes4.dex): ok
08-14 12:57:42.936  4021  4021 D nativeloader: Load /data/app/~~UixbbGUtE31Gu6F65PfdMQ==/dev.assetpipeline.androidhost-UqRY_halxpT_mUA3cnMY9g==/base.apk!/lib/arm64-v8a/libandroid_material_host.so using ns clns-7 from class loader (caller=/data/app/~~UixbbGUtE31Gu6F65PfdMQ==/dev.assetpipeline.androidhost-UqRY_halxpT_mUA3cnMY9g==/base.apk!classes4.dex): ok
08-14 12:57:43.455  4041  4041 D nativeloader: Load /data/app/~~UixbbGUtE31Gu6F65PfdMQ==/dev.assetpipeline.androidhost-UqRY_halxpT_mUA3cnMY9g==/base.apk!/lib/arm64-v8a/libandroid_material_host.so using ns clns-7 from class loader (caller=/data/app/~~UixbbGUtE31Gu6F65PfdMQ==/dev.assetpipeline.androidhost-UqRY_halxpT_mUA3cnMY9g==/base.apk!classes4.dex): ok
08-14 12:57:44.015  4061  4061 D nativeloader: Load /data/app/~~UixbbGUtE31Gu6F65PfdMQ==/dev.assetpipeline.androidhost-UqRY_halxpT_mUA3cnMY9g==/base.apk!/lib/arm64-v8a/libandroid_material_host.so using ns clns-7 from class loader (caller=/data/app/~~UixbbGUtE31Gu6F65PfdMQ==/dev.assetpipeline.androidhost-UqRY_halxpT_mUA3cnMY9g==/base.apk!classes4.dex): ok
08-14 12:57:44.556  4081  4081 D nativeloader: Load /data/app/~~UixbbGUtE31Gu6F65PfdMQ==/dev.assetpipeline.androidhost-UqRY_halxpT_mUA3cnMY9g==/base.apk!/lib/arm64-v8a/libandroid_material_host.so using ns clns-7 from class loader (caller=/data/app/~~UixbbGUtE31Gu6F65PfdMQ==/dev.assetpipeline.androidhost-UqRY_halxpT_mUA3cnMY9g==/base.apk!classes4.dex): ok
08-14 12:57:45.066  4101  4101 D nativeloader: Load /data/app/~~UixbbGUtE31Gu6F65PfdMQ==/dev.assetpipeline.androidhost-UqRY_halxpT_mUA3cnMY9g==/base.apk!/lib/arm64-v8a/libandroid_material_host.so using ns clns-7 from class loader (caller=/data/app/~~UixbbGUtE31Gu6F65PfdMQ==/dev.assetpipeline.androidhost-UqRY_halxpT_mUA3cnMY9g==/base.apk!classes4.dex): ok
08-14 12:57:45.612  4122  4122 D nativeloader: Load /data/app/~~UixbbGUtE31Gu6F65PfdMQ==/dev.assetpipeline.androidhost-UqRY_halxpT_mUA3cnMY9g==/base.apk!/lib/arm64-v8a/libandroid_material_host.so using ns clns-7 from class loader (caller=/data/app/~~UixbbGUtE31Gu6F65PfdMQ==/dev.assetpipeline.androidhost-UqRY_halxpT_mUA3cnMY9g==/base.apk!classes4.dex): ok
08-14 12:57:46.148  4142  4142 D nativeloader: Load /data/app/~~UixbbGUtE31Gu6F65PfdMQ==/dev.assetpipeline.androidhost-UqRY_halxpT_mUA3cnMY9g==/base.apk!/lib/arm64-v8a/libandroid_material_host.so using ns clns-7 from class loader (caller=/data/app/~~UixbbGUtE31Gu6F65PfdMQ==/dev.assetpipeline.androidhost-UqRY_halxpT_mUA3cnMY9g==/base.apk!classes4.dex): ok
08-14 12:57:46.637  4162  4162 D nativeloader: Load /data/app/~~UixbbGUtE31Gu6F65PfdMQ==/dev.assetpipeline.androidhost-UqRY_halxpT_mUA3cnMY9g==/base.apk!/lib/arm64-v8a/libandroid_material_host.so using ns clns-7 from class loader (caller=/data/app/~~UixbbGUtE31Gu6F65PfdMQ==/dev.assetpipeline.androidhost-UqRY_halxpT_mUA3cnMY9g==/base.apk!classes4.dex): ok
08-14 12:57:47.156  4182  4182 D nativeloader: Load /data/app/~~UixbbGUtE31Gu6F65PfdMQ==/dev.assetpipeline.androidhost-UqRY_halxpT_mUA3cnMY9g==/base.apk!/lib/arm64-v8a/libandroid_material_host.so using ns clns-7 from class loader (caller=/data/app/~~UixbbGUtE31Gu6F65PfdMQ==/dev.assetpipeline.androidhost-UqRY_halxpT_mUA3cnMY9g==/base.apk!classes4.dex): ok
08-14 12:57:47.677  4202  4202 D nativeloader: Load /data/app/~~UixbbGUtE31Gu6F65PfdMQ==/dev.assetpipeline.androidhost-UqRY_halxpT_mUA3cnMY9g==/base.apk!/lib/arm64-v8a/libandroid_material_host.so using ns clns-7 from class loader (caller=/data/app/~~UixbbGUtE31Gu6F65PfdMQ==/dev.assetpipeline.androidhost-UqRY_halxpT_mUA3cnMY9g==/base.apk!classes4.dex): ok
08-14 12:57:48.232  4223  4223 D nativeloader: Load /data/app/~~UixbbGUtE31Gu6F65PfdMQ==/dev.assetpipeline.androidhost-UqRY_halxpT_mUA3cnMY9g==/base.apk!/lib/arm64-v8a/libandroid_material_host.so using ns clns-7 from class loader (caller=/data/app/~~UixbbGUtE31Gu6F65PfdMQ==/dev.assetpipeline.androidhost-UqRY_halxpT_mUA3cnMY9g==/base.apk!classes4.dex): ok
08-14 12:57:48.745  4243  4243 D nativeloader: Load /data/app/~~UixbbGUtE31Gu6F65PfdMQ==/dev.assetpipeline.androidhost-UqRY_halxpT_mUA3cnMY9g==/base.apk!/lib/arm64-v8a/libandroid_material_host.so using ns clns-7 from class loader (caller=/data/app/~~UixbbGUtE31Gu6F65PfdMQ==/dev.assetpipeline.androidhost-UqRY_halxpT_mUA3cnMY9g==/base.apk!classes4.dex): ok
08-14 12:57:49.283  4263  4263 D nativeloader: Load /data/app/~~UixbbGUtE31Gu6F65PfdMQ==/dev.assetpipeline.androidhost-UqRY_halxpT_mUA3cnMY9g==/base.apk!/lib/arm64-v8a/libandroid_material_host.so using ns clns-7 from class loader (caller=/data/app/~~UixbbGUtE31Gu6F65PfdMQ==/dev.assetpipeline.androidhost-UqRY_halxpT_mUA3cnMY9g==/base.apk!classes4.dex): ok
08-14 12:57:49.799  4283  4283 D nativeloader: Load /data/app/~~UixbbGUtE31Gu6F65PfdMQ==/dev.assetpipeline.androidhost-UqRY_halxpT_mUA3cnMY9g==/base.apk!/lib/arm64-v8a/libandroid_material_host.so using ns clns-7 from class loader (caller=/data/app/~~UixbbGUtE31Gu6F65PfdMQ==/dev.assetpipeline.androidhost-UqRY_halxpT_mUA3cnMY9g==/base.apk!classes4.dex): ok
08-14 12:57:50.285  4303  4303 D nativeloader: Load /data/app/~~UixbbGUtE31Gu6F65PfdMQ==/dev.assetpipeline.androidhost-UqRY_halxpT_mUA3cnMY9g==/base.apk!/lib/arm64-v8a/libandroid_material_host.so using ns clns-7 from class loader (caller=/data/app/~~UixbbGUtE31Gu6F65PfdMQ==/dev.assetpipeline.androidhost-UqRY_halxpT_mUA3cnMY9g==/base.apk!classes4.dex): ok
08-14 12:57:50.773  4324  4324 D nativeloader: Load /data/app/~~UixbbGUtE31Gu6F65PfdMQ==/dev.assetpipeline.androidhost-UqRY_halxpT_mUA3cnMY9g==/base.apk!/lib/arm64-v8a/libandroid_material_host.so using ns clns-7 from class loader (caller=/data/app/~~UixbbGUtE31Gu6F65PfdMQ==/dev.assetpipeline.androidhost-UqRY_halxpT_mUA3cnMY9g==/base.apk!classes4.dex): ok
08-14 12:57:51.289  4345  4345 D nativeloader: Load /data/app/~~UixbbGUtE31Gu6F65PfdMQ==/dev.assetpipeline.androidhost-UqRY_halxpT_mUA3cnMY9g==/base.apk!/lib/arm64-v8a/libandroid_material_host.so using ns clns-7 from class loader (caller=/data/app/~~UixbbGUtE31Gu6F65PfdMQ==/dev.assetpipeline.androidhost-UqRY_halxpT_mUA3cnMY9g==/base.apk!classes4.dex): ok
08-14 12:57:51.865  4365  4365 D nativeloader: Load /data/app/~~UixbbGUtE31Gu6F65PfdMQ==/dev.assetpipeline.androidhost-UqRY_halxpT_mUA3cnMY9g==/base.apk!/lib/arm64-v8a/libandroid_material_host.so using ns clns-7 from class loader (caller=/data/app/~~UixbbGUtE31Gu6F65PfdMQ==/dev.assetpipeline.androidhost-UqRY_halxpT_mUA3cnMY9g==/base.apk!classes4.dex): ok
08-14 12:57:52.429  4386  4386 D nativeloader: Load /data/app/~~UixbbGUtE31Gu6F65PfdMQ==/dev.assetpipeline.androidhost-UqRY_halxpT_mUA3cnMY9g==/base.apk!/lib/arm64-v8a/libandroid_material_host.so using ns clns-7 from class loader (caller=/data/app/~~UixbbGUtE31Gu6F65PfdMQ==/dev.assetpipeline.androidhost-UqRY_halxpT_mUA3cnMY9g==/base.apk!classes4.dex): ok
08-14 12:57:52.972  4406  4406 D nativeloader: Load /data/app/~~UixbbGUtE31Gu6F65PfdMQ==/dev.assetpipeline.androidhost-UqRY_halxpT_mUA3cnMY9g==/base.apk!/lib/arm64-v8a/libandroid_material_host.so using ns clns-7 from class loader (caller=/data/app/~~UixbbGUtE31Gu6F65PfdMQ==/dev.assetpipeline.androidhost-UqRY_halxpT_mUA3cnMY9g==/base.apk!classes4.dex): ok
08-14 12:57:53.510  4426  4426 D nativeloader: Load /data/app/~~UixbbGUtE31Gu6F65PfdMQ==/dev.assetpipeline.androidhost-UqRY_halxpT_mUA3cnMY9g==/base.apk!/lib/arm64-v8a/libandroid_material_host.so using ns clns-7 from class loader (caller=/data/app/~~UixbbGUtE31Gu6F65PfdMQ==/dev.assetpipeline.androidhost-UqRY_halxpT_mUA3cnMY9g==/base.apk!classes4.dex): ok
08-14 12:57:54.031  4446  4446 D nativeloader: Load /data/app/~~UixbbGUtE31Gu6F65PfdMQ==/dev.assetpipeline.androidhost-UqRY_halxpT_mUA3cnMY9g==/base.apk!/lib/arm64-v8a/libandroid_material_host.so using ns clns-7 from class loader (caller=/data/app/~~UixbbGUtE31Gu6F65PfdMQ==/dev.assetpipeline.androidhost-UqRY_halxpT_mUA3cnMY9g==/base.apk!classes4.dex): ok
08-14 12:57:54.566  4466  4466 D nativeloader: Load /data/app/~~UixbbGUtE31Gu6F65PfdMQ==/dev.assetpipeline.androidhost-UqRY_halxpT_mUA3cnMY9g==/base.apk!/lib/arm64-v8a/libandroid_material_host.so using ns clns-7 from class loader (caller=/data/app/~~UixbbGUtE31Gu6F65PfdMQ==/dev.assetpipeline.androidhost-UqRY_halxpT_mUA3cnMY9g==/base.apk!classes4.dex): ok
08-14 12:57:55.104  4486  4486 D nativeloader: Load /data/app/~~UixbbGUtE31Gu6F65PfdMQ==/dev.assetpipeline.androidhost-UqRY_halxpT_mUA3cnMY9g==/base.apk!/lib/arm64-v8a/libandroid_material_host.so using ns clns-7 from class loader (caller=/data/app/~~UixbbGUtE31Gu6F65PfdMQ==/dev.assetpipeline.androidhost-UqRY_halxpT_mUA3cnMY9g==/base.apk!classes4.dex): ok
08-14 12:57:55.640  4506  4506 D nativeloader: Load /data/app/~~UixbbGUtE31Gu6F65PfdMQ==/dev.assetpipeline.androidhost-UqRY_halxpT_mUA3cnMY9g==/base.apk!/lib/arm64-v8a/libandroid_material_host.so using ns clns-7 from class loader (caller=/data/app/~~UixbbGUtE31Gu6F65PfdMQ==/dev.assetpipeline.androidhost-UqRY_halxpT_mUA3cnMY9g==/base.apk!classes4.dex): ok
08-14 12:57:56.189  4539  4539 D nativeloader: Load /data/app/~~UixbbGUtE31Gu6F65PfdMQ==/dev.assetpipeline.androidhost-UqRY_halxpT_mUA3cnMY9g==/base.apk!/lib/arm64-v8a/libandroid_material_host.so using ns clns-7 from class loader (caller=/data/app/~~UixbbGUtE31Gu6F65PfdMQ==/dev.assetpipeline.androidhost-UqRY_halxpT_mUA3cnMY9g==/base.apk!classes4.dex): ok
08-14 12:57:56.687  4559  4559 D nativeloader: Load /data/app/~~UixbbGUtE31Gu6F65PfdMQ==/dev.assetpipeline.androidhost-UqRY_halxpT_mUA3cnMY9g==/base.apk!/lib/arm64-v8a/libandroid_material_host.so using ns clns-7 from class loader (caller=/data/app/~~UixbbGUtE31Gu6F65PfdMQ==/dev.assetpipeline.androidhost-UqRY_halxpT_mUA3cnMY9g==/base.apk!classes4.dex): ok
08-14 12:57:57.175  4579  4579 D nativeloader: Load /data/app/~~UixbbGUtE31Gu6F65PfdMQ==/dev.assetpipeline.androidhost-UqRY_halxpT_mUA3cnMY9g==/base.apk!/lib/arm64-v8a/libandroid_material_host.so using ns clns-7 from class loader (caller=/data/app/~~UixbbGUtE31Gu6F65PfdMQ==/dev.assetpipeline.androidhost-UqRY_halxpT_mUA3cnMY9g==/base.apk!classes4.dex): ok
08-14 12:57:57.722  4599  4599 D nativeloader: Load /data/app/~~UixbbGUtE31Gu6F65PfdMQ==/dev.assetpipeline.androidhost-UqRY_halxpT_mUA3cnMY9g==/base.apk!/lib/arm64-v8a/libandroid_material_host.so using ns clns-7 from class loader (caller=/data/app/~~UixbbGUtE31Gu6F65PfdMQ==/dev.assetpipeline.androidhost-UqRY_halxpT_mUA3cnMY9g==/base.apk!classes4.dex): ok
08-14 12:57:58.262  4620  4620 D nativeloader: Load /data/app/~~UixbbGUtE31Gu6F65PfdMQ==/dev.assetpipeline.androidhost-UqRY_halxpT_mUA3cnMY9g==/base.apk!/lib/arm64-v8a/libandroid_material_host.so using ns clns-7 from class loader (caller=/data/app/~~UixbbGUtE31Gu6F65PfdMQ==/dev.assetpipeline.androidhost-UqRY_halxpT_mUA3cnMY9g==/base.apk!classes4.dex): ok
08-14 12:57:58.791  4640  4640 D nativeloader: Load /data/app/~~UixbbGUtE31Gu6F65PfdMQ==/dev.assetpipeline.androidhost-UqRY_halxpT_mUA3cnMY9g==/base.apk!/lib/arm64-v8a/libandroid_material_host.so using ns clns-7 from class loader (caller=/data/app/~~UixbbGUtE31Gu6F65PfdMQ==/dev.assetpipeline.androidhost-UqRY_halxpT_mUA3cnMY9g==/base.apk!classes4.dex): ok
08-14 12:57:59.321  4661  4661 D nativeloader: Load /data/app/~~UixbbGUtE31Gu6F65PfdMQ==/dev.assetpipeline.androidhost-UqRY_halxpT_mUA3cnMY9g==/base.apk!/lib/arm64-v8a/libandroid_material_host.so using ns clns-7 from class loader (caller=/data/app/~~UixbbGUtE31Gu6F65PfdMQ==/dev.assetpipeline.androidhost-UqRY_halxpT_mUA3cnMY9g==/base.apk!classes4.dex): ok
08-14 12:57:59.884  4681  4681 D nativeloader: Load /data/app/~~UixbbGUtE31Gu6F65PfdMQ==/dev.assetpipeline.androidhost-UqRY_halxpT_mUA3cnMY9g==/base.apk!/lib/arm64-v8a/libandroid_material_host.so using ns clns-7 from class loader (caller=/data/app/~~UixbbGUtE31Gu6F65PfdMQ==/dev.assetpipeline.androidhost-UqRY_halxpT_mUA3cnMY9g==/base.apk!classes4.dex): ok
08-14 12:58:00.447  4701  4701 D nativeloader: Load /data/app/~~UixbbGUtE31Gu6F65PfdMQ==/dev.assetpipeline.androidhost-UqRY_halxpT_mUA3cnMY9g==/base.apk!/lib/arm64-v8a/libandroid_material_host.so using ns clns-7 from class loader (caller=/data/app/~~UixbbGUtE31Gu6F65PfdMQ==/dev.assetpipeline.androidhost-UqRY_halxpT_mUA3cnMY9g==/base.apk!classes4.dex): ok
08-14 12:58:00.987  4721  4721 D nativeloader: Load /data/app/~~UixbbGUtE31Gu6F65PfdMQ==/dev.assetpipeline.androidhost-UqRY_halxpT_mUA3cnMY9g==/base.apk!/lib/arm64-v8a/libandroid_material_host.so using ns clns-7 from class loader (caller=/data/app/~~UixbbGUtE31Gu6F65PfdMQ==/dev.assetpipeline.androidhost-UqRY_halxpT_mUA3cnMY9g==/base.apk!classes4.dex): ok
08-14 12:58:01.530  4741  4741 D nativeloader: Load /data/app/~~UixbbGUtE31Gu6F65PfdMQ==/dev.assetpipeline.androidhost-UqRY_halxpT_mUA3cnMY9g==/base.apk!/lib/arm64-v8a/libandroid_material_host.so using ns clns-7 from class loader (caller=/data/app/~~UixbbGUtE31Gu6F65PfdMQ==/dev.assetpipeline.androidhost-UqRY_halxpT_mUA3cnMY9g==/base.apk!classes4.dex): ok
08-14 12:58:02.039  4761  4761 D nativeloader: Load /data/app/~~UixbbGUtE31Gu6F65PfdMQ==/dev.assetpipeline.androidhost-UqRY_halxpT_mUA3cnMY9g==/base.apk!/lib/arm64-v8a/libandroid_material_host.so using ns clns-7 from class loader (caller=/data/app/~~UixbbGUtE31Gu6F65PfdMQ==/dev.assetpipeline.androidhost-UqRY_halxpT_mUA3cnMY9g==/base.apk!classes4.dex): ok
08-14 12:58:02.663  4781  4781 D nativeloader: Load /data/app/~~UixbbGUtE31Gu6F65PfdMQ==/dev.assetpipeline.androidhost-UqRY_halxpT_mUA3cnMY9g==/base.apk!/lib/arm64-v8a/libandroid_material_host.so using ns clns-7 from class loader (caller=/data/app/~~UixbbGUtE31Gu6F65PfdMQ==/dev.assetpipeline.androidhost-UqRY_halxpT_mUA3cnMY9g==/base.apk!classes4.dex): ok
08-14 12:58:03.225  4802  4802 D nativeloader: Load /data/app/~~UixbbGUtE31Gu6F65PfdMQ==/dev.assetpipeline.androidhost-UqRY_halxpT_mUA3cnMY9g==/base.apk!/lib/arm64-v8a/libandroid_material_host.so using ns clns-7 from class loader (caller=/data/app/~~UixbbGUtE31Gu6F65PfdMQ==/dev.assetpipeline.androidhost-UqRY_halxpT_mUA3cnMY9g==/base.apk!classes4.dex): ok
08-14 12:58:03.753  4823  4823 D nativeloader: Load /data/app/~~UixbbGUtE31Gu6F65PfdMQ==/dev.assetpipeline.androidhost-UqRY_halxpT_mUA3cnMY9g==/base.apk!/lib/arm64-v8a/libandroid_material_host.so using ns clns-7 from class loader (caller=/data/app/~~UixbbGUtE31Gu6F65PfdMQ==/dev.assetpipeline.androidhost-UqRY_halxpT_mUA3cnMY9g==/base.apk!classes4.dex): ok
08-14 12:58:04.258  4843  4843 D nativeloader: Load /data/app/~~UixbbGUtE31Gu6F65PfdMQ==/dev.assetpipeline.androidhost-UqRY_halxpT_mUA3cnMY9g==/base.apk!/lib/arm64-v8a/libandroid_material_host.so using ns clns-7 from class loader (caller=/data/app/~~UixbbGUtE31Gu6F65PfdMQ==/dev.assetpipeline.androidhost-UqRY_halxpT_mUA3cnMY9g==/base.apk!classes4.dex): ok
08-14 12:58:04.781  4864  4864 D nativeloader: Load /data/app/~~UixbbGUtE31Gu6F65PfdMQ==/dev.assetpipeline.androidhost-UqRY_halxpT_mUA3cnMY9g==/base.apk!/lib/arm64-v8a/libandroid_material_host.so using ns clns-7 from class loader (caller=/data/app/~~UixbbGUtE31Gu6F65PfdMQ==/dev.assetpipeline.androidhost-UqRY_halxpT_mUA3cnMY9g==/base.apk!classes4.dex): ok
08-14 12:58:05.303  4884  4884 D nativeloader: Load /data/app/~~UixbbGUtE31Gu6F65PfdMQ==/dev.assetpipeline.androidhost-UqRY_halxpT_mUA3cnMY9g==/base.apk!/lib/arm64-v8a/libandroid_material_host.so using ns clns-7 from class loader (caller=/data/app/~~UixbbGUtE31Gu6F65PfdMQ==/dev.assetpipeline.androidhost-UqRY_halxpT_mUA3cnMY9g==/base.apk!classes4.dex): ok
08-14 12:58:05.846  4904  4904 D nativeloader: Load /data/app/~~UixbbGUtE31Gu6F65PfdMQ==/dev.assetpipeline.androidhost-UqRY_halxpT_mUA3cnMY9g==/base.apk!/lib/arm64-v8a/libandroid_material_host.so using ns clns-7 from class loader (caller=/data/app/~~UixbbGUtE31Gu6F65PfdMQ==/dev.assetpipeline.androidhost-UqRY_halxpT_mUA3cnMY9g==/base.apk!classes4.dex): ok
08-14 12:58:06.367  4925  4925 D nativeloader: Load /data/app/~~UixbbGUtE31Gu6F65PfdMQ==/dev.assetpipeline.androidhost-UqRY_halxpT_mUA3cnMY9g==/base.apk!/lib/arm64-v8a/libandroid_material_host.so using ns clns-7 from class loader (caller=/data/app/~~UixbbGUtE31Gu6F65PfdMQ==/dev.assetpipeline.androidhost-UqRY_halxpT_mUA3cnMY9g==/base.apk!classes4.dex): ok
08-14 12:58:06.929  4948  4948 D nativeloader: Load /data/app/~~UixbbGUtE31Gu6F65PfdMQ==/dev.assetpipeline.androidhost-UqRY_halxpT_mUA3cnMY9g==/base.apk!/lib/arm64-v8a/libandroid_material_host.so using ns clns-7 from class loader (caller=/data/app/~~UixbbGUtE31Gu6F65PfdMQ==/dev.assetpipeline.androidhost-UqRY_halxpT_mUA3cnMY9g==/base.apk!classes4.dex): ok
08-14 12:58:07.467  4981  4981 D nativeloader: Load /data/app/~~UixbbGUtE31Gu6F65PfdMQ==/dev.assetpipeline.androidhost-UqRY_halxpT_mUA3cnMY9g==/base.apk!/lib/arm64-v8a/libandroid_material_host.so using ns clns-7 from class loader (caller=/data/app/~~UixbbGUtE31Gu6F65PfdMQ==/dev.assetpipeline.androidhost-UqRY_halxpT_mUA3cnMY9g==/base.apk!classes4.dex): ok
08-14 12:58:08.010  5001  5001 D nativeloader: Load /data/app/~~UixbbGUtE31Gu6F65PfdMQ==/dev.assetpipeline.androidhost-UqRY_halxpT_mUA3cnMY9g==/base.apk!/lib/arm64-v8a/libandroid_material_host.so using ns clns-7 from class loader (caller=/data/app/~~UixbbGUtE31Gu6F65PfdMQ==/dev.assetpipeline.androidhost-UqRY_halxpT_mUA3cnMY9g==/base.apk!classes4.dex): ok
08-14 12:58:08.555  5021  5021 D nativeloader: Load /data/app/~~UixbbGUtE31Gu6F65PfdMQ==/dev.assetpipeline.androidhost-UqRY_halxpT_mUA3cnMY9g==/base.apk!/lib/arm64-v8a/libandroid_material_host.so using ns clns-7 from class loader (caller=/data/app/~~UixbbGUtE31Gu6F65PfdMQ==/dev.assetpipeline.androidhost-UqRY_halxpT_mUA3cnMY9g==/base.apk!classes4.dex): ok
08-14 12:58:09.106  5041  5041 D nativeloader: Load /data/app/~~UixbbGUtE31Gu6F65PfdMQ==/dev.assetpipeline.androidhost-UqRY_halxpT_mUA3cnMY9g==/base.apk!/lib/arm64-v8a/libandroid_material_host.so using ns clns-7 from class loader (caller=/data/app/~~UixbbGUtE31Gu6F65PfdMQ==/dev.assetpipeline.androidhost-UqRY_halxpT_mUA3cnMY9g==/base.apk!classes4.dex): ok
08-14 12:58:09.641  5061  5061 D nativeloader: Load /data/app/~~UixbbGUtE31Gu6F65PfdMQ==/dev.assetpipeline.androidhost-UqRY_halxpT_mUA3cnMY9g==/base.apk!/lib/arm64-v8a/libandroid_material_host.so using ns clns-7 from class loader (caller=/data/app/~~UixbbGUtE31Gu6F65PfdMQ==/dev.assetpipeline.androidhost-UqRY_halxpT_mUA3cnMY9g==/base.apk!classes4.dex): ok
08-14 12:58:10.152  5081  5081 D nativeloader: Load /data/app/~~UixbbGUtE31Gu6F65PfdMQ==/dev.assetpipeline.androidhost-UqRY_halxpT_mUA3cnMY9g==/base.apk!/lib/arm64-v8a/libandroid_material_host.so using ns clns-7 from class loader (caller=/data/app/~~UixbbGUtE31Gu6F65PfdMQ==/dev.assetpipeline.androidhost-UqRY_halxpT_mUA3cnMY9g==/base.apk!classes4.dex): ok
08-14 12:58:10.733  5102  5102 D nativeloader: Load /data/app/~~UixbbGUtE31Gu6F65PfdMQ==/dev.assetpipeline.androidhost-UqRY_halxpT_mUA3cnMY9g==/base.apk!/lib/arm64-v8a/libandroid_material_host.so using ns clns-7 from class loader (caller=/data/app/~~UixbbGUtE31Gu6F65PfdMQ==/dev.assetpipeline.androidhost-UqRY_halxpT_mUA3cnMY9g==/base.apk!classes4.dex): ok
08-14 12:58:11.255  5137  5137 D nativeloader: Load /data/app/~~UixbbGUtE31Gu6F65PfdMQ==/dev.assetpipeline.androidhost-UqRY_halxpT_mUA3cnMY9g==/base.apk!/lib/arm64-v8a/libandroid_material_host.so using ns clns-7 from class loader (caller=/data/app/~~UixbbGUtE31Gu6F65PfdMQ==/dev.assetpipeline.androidhost-UqRY_halxpT_mUA3cnMY9g==/base.apk!classes4.dex): ok
08-14 12:58:11.809  5158  5158 D nativeloader: Load /data/app/~~UixbbGUtE31Gu6F65PfdMQ==/dev.assetpipeline.androidhost-UqRY_halxpT_mUA3cnMY9g==/base.apk!/lib/arm64-v8a/libandroid_material_host.so using ns clns-7 from class loader (caller=/data/app/~~UixbbGUtE31Gu6F65PfdMQ==/dev.assetpipeline.androidhost-UqRY_halxpT_mUA3cnMY9g==/base.apk!classes4.dex): ok
08-14 12:58:12.326  5178  5178 D nativeloader: Load /data/app/~~UixbbGUtE31Gu6F65PfdMQ==/dev.assetpipeline.androidhost-UqRY_halxpT_mUA3cnMY9g==/base.apk!/lib/arm64-v8a/libandroid_material_host.so using ns clns-7 from class loader (caller=/data/app/~~UixbbGUtE31Gu6F65PfdMQ==/dev.assetpipeline.androidhost-UqRY_halxpT_mUA3cnMY9g==/base.apk!classes4.dex): ok
08-14 12:58:12.880  5198  5198 D nativeloader: Load /data/app/~~UixbbGUtE31Gu6F65PfdMQ==/dev.assetpipeline.androidhost-UqRY_halxpT_mUA3cnMY9g==/base.apk!/lib/arm64-v8a/libandroid_material_host.so using ns clns-7 from class loader (caller=/data/app/~~UixbbGUtE31Gu6F65PfdMQ==/dev.assetpipeline.androidhost-UqRY_halxpT_mUA3cnMY9g==/base.apk!classes4.dex): ok
08-14 12:58:13.456  5218  5218 D nativeloader: Load /data/app/~~UixbbGUtE31Gu6F65PfdMQ==/dev.assetpipeline.androidhost-UqRY_halxpT_mUA3cnMY9g==/base.apk!/lib/arm64-v8a/libandroid_material_host.so using ns clns-7 from class loader (caller=/data/app/~~UixbbGUtE31Gu6F65PfdMQ==/dev.assetpipeline.androidhost-UqRY_halxpT_mUA3cnMY9g==/base.apk!classes4.dex): ok
08-14 12:58:13.983  5238  5238 D nativeloader: Load /data/app/~~UixbbGUtE31Gu6F65PfdMQ==/dev.assetpipeline.androidhost-UqRY_halxpT_mUA3cnMY9g==/base.apk!/lib/arm64-v8a/libandroid_material_host.so using ns clns-7 from class loader (caller=/data/app/~~UixbbGUtE31Gu6F65PfdMQ==/dev.assetpipeline.androidhost-UqRY_halxpT_mUA3cnMY9g==/base.apk!classes4.dex): ok
08-14 12:58:14.522  5258  5258 D nativeloader: Load /data/app/~~UixbbGUtE31Gu6F65PfdMQ==/dev.assetpipeline.androidhost-UqRY_halxpT_mUA3cnMY9g==/base.apk!/lib/arm64-v8a/libandroid_material_host.so using ns clns-7 from class loader (caller=/data/app/~~UixbbGUtE31Gu6F65PfdMQ==/dev.assetpipeline.androidhost-UqRY_halxpT_mUA3cnMY9g==/base.apk!classes4.dex): ok
08-14 12:58:14.681  5258  5258 F ine.androidhost: runtime.cc:708]   native: #13 pc 001fa1a4  /data/app/~~UixbbGUtE31Gu6F65PfdMQ==/dev.assetpipeline.androidhost-UqRY_halxpT_mUA3cnMY9g==/base.apk (offset ad0000) (*raise_without_backtrace<UI::DesignTokens::AndroidRendererNotImplemented>:NoReturn+108) (BuildId: a87076828ef0f39d)
08-14 12:58:14.681  5258  5258 F ine.androidhost: runtime.cc:708]   native: #14 pc 001fa0e4  /data/app/~~UixbbGUtE31Gu6F65PfdMQ==/dev.assetpipeline.androidhost-UqRY_halxpT_mUA3cnMY9g==/base.apk (offset ad0000) (*raise<UI::DesignTokens::AndroidRendererNotImplemented>:NoReturn+116) (BuildId: a87076828ef0f39d)
08-14 12:58:14.681  5258  5258 F ine.androidhost: runtime.cc:708]   native: #12 pc 001fa1a4  /data/app/~~UixbbGUtE31Gu6F65PfdMQ==/dev.assetpipeline.androidhost-UqRY_halxpT_mUA3cnMY9g==/base.apk (offset ad0000) (*raise_without_backtrace<UI::DesignTokens::AndroidRendererNotImplemented>:NoReturn+108) (BuildId: a87076828ef0f39d)
08-14 12:58:14.681  5258  5258 F ine.androidhost: runtime.cc:708]   native: #13 pc 001fa0e4  /data/app/~~UixbbGUtE31Gu6F65PfdMQ==/dev.assetpipeline.androidhost-UqRY_halxpT_mUA3cnMY9g==/base.apk (offset ad0000) (*raise<UI::DesignTokens::AndroidRendererNotImplemented>:NoReturn+116) (BuildId: a87076828ef0f39d)
--------- beginning of crash
08-14 12:58:14.681  5258  5258 F libc    : Fatal signal 6 (SIGABRT), code -1 (SI_QUEUE) in tid 5258 (ine.androidhost), pid 5258 (ine.androidhost)
08-14 12:58:14.789  5294  5294 F DEBUG   : *** *** *** *** *** *** *** *** *** *** *** *** *** *** *** ***
08-14 12:58:14.789  5294  5294 F DEBUG   : Build fingerprint: 'google/sdk_gphone64_arm64/emu64a:15/AE3A.240806.043/12960925:userdebug/dev-keys'
08-14 12:58:14.789  5294  5294 F DEBUG   : Revision: '0'
08-14 12:58:14.789  5294  5294 F DEBUG   : ABI: 'arm64'
08-14 12:58:14.789  5294  5294 F DEBUG   : Timestamp: 2026-08-14 12:58:14.716667980-0400
08-14 12:58:14.789  5294  5294 F DEBUG   : Process uptime: 2s
08-14 12:58:14.789  5294  5294 F DEBUG   : Cmdline: dev.assetpipeline.androidhost
08-14 12:58:14.789  5294  5294 F DEBUG   : pid: 5258, tid: 5258, name: ine.androidhost  >>> dev.assetpipeline.androidhost <<<
08-14 12:58:14.789  5294  5294 F DEBUG   : uid: 10210
08-14 12:58:14.789  5294  5294 F DEBUG   : tagged_addr_ctrl: 0000000000000001 (PR_TAGGED_ADDR_ENABLE)
08-14 12:58:14.789  5294  5294 F DEBUG   : pac_enabled_keys: 000000000000000f (PR_PAC_APIAKEY, PR_PAC_APIBKEY, PR_PAC_APDAKEY, PR_PAC_APDBKEY)
08-14 12:58:14.789  5294  5294 F DEBUG   : signal 6 (SIGABRT), code -1 (SI_QUEUE), fault addr --------
08-14 12:58:14.789  5294  5294 F DEBUG   : Abort message: 'destroying mutex with owner or contenders. Owner:5262'
08-14 12:58:14.789  5294  5294 F DEBUG   :     x0  0000000000000000  x1  000000000000148a  x2  0000000000000006  x3  0000007fdf3ea2e0
08-14 12:58:14.789  5294  5294 F DEBUG   :     x4  6f1f303030221f39  x5  6f1f303030221f39  x6  6f1f303030221f39  x7  7f7f7f7f7f7f7f7f
08-14 12:58:14.789  5294  5294 F DEBUG   :     x8  00000000000000f0  x9  00000071c62aa468  x10 ffffff80fffffb9f  x11 0000000000000001
08-14 12:58:14.789  5294  5294 F DEBUG   :     x12 00000000000257de  x13 00000000000257de  x14 0000007fdf3e90d0  x15 000000370d7259bc
08-14 12:58:14.789  5294  5294 F DEBUG   :     x16 00000071c6359ff8  x17 00000071c63441c0  x18 00000071e0a6c000  x19 000000000000148a
08-14 12:58:14.789  5294  5294 F DEBUG   :     x20 000000000000148a  x21 00000000ffffffff  x22 0000006f2180e180  x23 00000071df823a80
08-14 12:58:14.789  5294  5294 F DEBUG   :     x24 000000000000003f  x25 00000071c636e000  x26 0000006f20f0e014  x27 00000071c636e000
08-14 12:58:14.789  5294  5294 F DEBUG   :     x28 00000071c636e000  x29 0000007fdf3ea360
08-14 12:58:14.789  5294  5294 F DEBUG   :     lr  00000071c62e26a4  sp  0000007fdf3ea2c0  pc  00000071c62e26d4  pst 0000000000001000
08-14 12:58:14.789  5294  5294 F DEBUG   : 74 total frames
08-14 12:58:14.789  5294  5294 F DEBUG   : backtrace:
08-14 12:58:14.789  5294  5294 F DEBUG   :       #00 pc 000000000005b6d4  /apex/com.android.runtime/lib64/bionic/libc.so (abort+168) (BuildId: 1b9fecf834d610f77e641f026ca7269b)
08-14 12:58:14.789  5294  5294 F DEBUG   :       #01 pc 000000000092f3fc  /apex/com.android.art/lib64/libart.so (art::Runtime::Abort(char const*)+344) (BuildId: dcb9fe2b5c99aa3f1a682a6008427d08)
08-14 12:58:14.789  5294  5294 F DEBUG   :       #02 pc 00000000000160fc  /apex/com.android.art/lib64/libbase.so (android::base::SetAborter(std::__1::function<void (char const*)>&&)::$_0::__invoke(char const*)+80) (BuildId: 42d41ca7c77853791d096606e7186547)
08-14 12:58:14.789  5294  5294 F DEBUG   :       #03 pc 00000000000156d0  /apex/com.android.art/lib64/libbase.so (android::base::LogMessage::~LogMessage()+516) (BuildId: 42d41ca7c77853791d096606e7186547)
08-14 12:58:14.789  5294  5294 F DEBUG   :       #04 pc 000000000030e194  /apex/com.android.art/lib64/libart.so (art::Mutex::~Mutex()+384) (BuildId: dcb9fe2b5c99aa3f1a682a6008427d08)
08-14 12:58:14.789  5294  5294 F DEBUG   :       #05 pc 000000000005c284  /apex/com.android.runtime/lib64/bionic/libc.so (__cxa_finalize+216) (BuildId: 1b9fecf834d610f77e641f026ca7269b)
08-14 12:58:14.789  5294  5294 F DEBUG   :       #06 pc 0000000000060fcc  /apex/com.android.runtime/lib64/bionic/libc.so (exit+24) (BuildId: 1b9fecf834d610f77e641f026ca7269b)
08-14 12:58:14.789  5294  5294 F DEBUG   :       #07 pc 00000000000a43c8  /data/app/~~UixbbGUtE31Gu6F65PfdMQ==/dev.assetpipeline.androidhost-UqRY_halxpT_mUA3cnMY9g==/base.apk (offset 0xad0000) (__crystal_raise+80) (BuildId: a87076828ef0f39d)
08-14 12:58:14.789  5294  5294 F DEBUG   :       #08 pc 00000000001fa1a4  /data/app/~~UixbbGUtE31Gu6F65PfdMQ==/dev.assetpipeline.androidhost-UqRY_halxpT_mUA3cnMY9g==/base.apk (offset 0xad0000) (*raise_without_backtrace<UI::DesignTokens::AndroidRendererNotImplemented>:NoReturn+108) (BuildId: a87076828ef0f39d)
08-14 12:58:14.789  5294  5294 F DEBUG   :       #09 pc 00000000001fa0e4  /data/app/~~UixbbGUtE31Gu6F65PfdMQ==/dev.assetpipeline.androidhost-UqRY_halxpT_mUA3cnMY9g==/base.apk (offset 0xad0000) (*raise<UI::DesignTokens::AndroidRendererNotImplemented>:NoReturn+116) (BuildId: a87076828ef0f39d)
08-14 12:58:14.789  5294  5294 F DEBUG   :       #10 pc 00000000001f9e44  /data/app/~~UixbbGUtE31Gu6F65PfdMQ==/dev.assetpipeline.androidhost-UqRY_halxpT_mUA3cnMY9g==/base.apk (offset 0xad0000) (*UI::Android::Renderer#theme_color_to_argb<UI::ThemeColor>:Int32+284) (BuildId: a87076828ef0f39d)
08-14 12:58:14.789  5294  5294 F DEBUG   :       #11 pc 00000000001f9930  /data/app/~~UixbbGUtE31Gu6F65PfdMQ==/dev.assetpipeline.androidhost-UqRY_halxpT_mUA3cnMY9g==/base.apk (offset 0xad0000) (*UI::Android::Renderer#material_color<Symbol>:Int32+148) (BuildId: a87076828ef0f39d)
08-14 12:58:14.789  5294  5294 F DEBUG   :       #12 pc 0000000000210f14  /data/app/~~UixbbGUtE31Gu6F65PfdMQ==/dev.assetpipeline.androidhost-UqRY_halxpT_mUA3cnMY9g==/base.apk (offset 0xad0000) (*UI::Android::Renderer#visit<UI::Button>:Nil+608) (BuildId: a87076828ef0f39d)
08-14 12:58:14.789  5294  5294 F DEBUG   :       #13 pc 0000000000210ca4  /data/app/~~UixbbGUtE31Gu6F65PfdMQ==/dev.assetpipeline.androidhost-UqRY_halxpT_mUA3cnMY9g==/base.apk (offset 0xad0000) (*UI::Button#accept<UI::Android::Renderer>:Nil+20) (BuildId: a87076828ef0f39d)
08-14 12:58:14.789  5294  5294 F DEBUG   :       #14 pc 000000000024bd0c  /data/app/~~UixbbGUtE31Gu6F65PfdMQ==/dev.assetpipeline.androidhost-UqRY_halxpT_mUA3cnMY9g==/base.apk (offset 0xad0000) (*UI::Android::Renderer#visit<UI::HStack>:Nil+5868) (BuildId: a87076828ef0f39d)
08-14 12:58:14.789  5294  5294 F DEBUG   :       #15 pc 000000000024a610  /data/app/~~UixbbGUtE31Gu6F65PfdMQ==/dev.assetpipeline.androidhost-UqRY_halxpT_mUA3cnMY9g==/base.apk (offset 0xad0000) (*UI::HStack#accept<UI::Android::Renderer>:Nil+20) (BuildId: a87076828ef0f39d)
08-14 12:58:14.789  5294  5294 F DEBUG   :       #16 pc 00000000001ef29c  /data/app/~~UixbbGUtE31Gu6F65PfdMQ==/dev.assetpipeline.androidhost-UqRY_halxpT_mUA3cnMY9g==/base.apk (offset 0xad0000) (*UI::Android::Renderer#visit<UI::VStack>:Nil+4220) (BuildId: a87076828ef0f39d)
08-14 12:58:14.789  5294  5294 F DEBUG   :       #17 pc 00000000001ee210  /data/app/~~UixbbGUtE31Gu6F65PfdMQ==/dev.assetpipeline.androidhost-UqRY_halxpT_mUA3cnMY9g==/base.apk (offset 0xad0000) (*UI::VStack#accept<UI::Android::Renderer>:Nil+20) (BuildId: a87076828ef0f39d)
08-14 12:58:14.789  5294  5294 F DEBUG   :       #18 pc 00000000001ee1e4  /data/app/~~UixbbGUtE31Gu6F65PfdMQ==/dev.assetpipeline.androidhost-UqRY_halxpT_mUA3cnMY9g==/base.apk (offset 0xad0000) (*UI::Android::Renderer#render<UI::VStack>:UI::NativeView+24) (BuildId: a87076828ef0f39d)
08-14 12:58:14.789  5294  5294 F DEBUG   :       #19 pc 00000000001b3c60  /data/app/~~UixbbGUtE31Gu6F65PfdMQ==/dev.assetpipeline.androidhost-UqRY_halxpT_mUA3cnMY9g==/base.apk (offset 0xad0000) (*AndroidMaterialHost::Bridge::render_slug<Pointer(Void), Pointer(Void), String>:Pointer(Void)+64) (BuildId: a87076828ef0f39d)
08-14 12:58:14.789  5294  5294 F DEBUG   :       #20 pc 00000000001a9a10  /data/app/~~UixbbGUtE31Gu6F65PfdMQ==/dev.assetpipeline.androidhost-UqRY_halxpT_mUA3cnMY9g==/base.apk (offset 0xad0000) (crystal_android_host_render_slug+80) (BuildId: a87076828ef0f39d)
08-14 12:58:14.789  5294  5294 F DEBUG   :       #21 pc 0000000000290078  /data/app/~~UixbbGUtE31Gu6F65PfdMQ==/dev.assetpipeline.androidhost-UqRY_halxpT_mUA3cnMY9g==/base.apk (offset 0xad0000) (Java_dev_assetpipeline_androidhost_CrystalBridge_renderStudy+104) (BuildId: a87076828ef0f39d)
08-14 12:58:14.789  5294  5294 F DEBUG   :       #22 pc 0000000000378f70  /apex/com.android.art/lib64/libart.so (art_quick_generic_jni_trampoline+144) (BuildId: dcb9fe2b5c99aa3f1a682a6008427d08)
08-14 12:58:14.789  5294  5294 F DEBUG   :       #23 pc 0000000000362774  /apex/com.android.art/lib64/libart.so (art_quick_invoke_stub+612) (BuildId: dcb9fe2b5c99aa3f1a682a6008427d08)
08-14 12:58:14.789  5294  5294 F DEBUG   :       #24 pc 000000000035bd1c  /apex/com.android.art/lib64/libart.so (bool art::interpreter::DoCall<false>(art::ArtMethod*, art::Thread*, art::ShadowFrame&, art::Instruction const*, unsigned short, bool, art::JValue*)+1928) (BuildId: dcb9fe2b5c99aa3f1a682a6008427d08)
08-14 12:58:14.789  5294  5294 F DEBUG   :       #25 pc 000000000076da48  /apex/com.android.art/lib64/libart.so (void art::interpreter::ExecuteSwitchImplCpp<false>(art::interpreter::SwitchImplContext*)+12208) (BuildId: dcb9fe2b5c99aa3f1a682a6008427d08)
08-14 12:58:14.789  5294  5294 F DEBUG   :       #26 pc 000000000037b5d8  /apex/com.android.art/lib64/libart.so (ExecuteSwitchImplAsm+8) (BuildId: dcb9fe2b5c99aa3f1a682a6008427d08)
08-14 12:58:14.789  5294  5294 F DEBUG   :       #27 pc 0000000000001b10  /data/app/~~UixbbGUtE31Gu6F65PfdMQ==/dev.assetpipeline.androidhost-UqRY_halxpT_mUA3cnMY9g==/base.apk (dev.assetpipeline.androidhost.MainActivity.configureRendererCard+0)
08-14 12:58:14.789  5294  5294 F DEBUG   :       #28 pc 000000000034e21c  /apex/com.android.art/lib64/libart.so (art::interpreter::Execute(art::Thread*, art::CodeItemDataAccessor const&, art::ShadowFrame&, art::JValue, bool, bool) (.__uniq.112435418011751916792819755956732575238.llvm.2845697060370838518)+428) (BuildId: dcb9fe2b5c99aa3f1a682a6008427d08)
08-14 12:58:14.789  5294  5294 F DEBUG   :       #29 pc 000000000035c5b0  /apex/com.android.art/lib64/libart.so (bool art::interpreter::DoCall<false>(art::ArtMethod*, art::Thread*, art::ShadowFrame&, art::Instruction const*, unsigned short, bool, art::JValue*)+4124) (BuildId: dcb9fe2b5c99aa3f1a682a6008427d08)
08-14 12:58:14.789  5294  5294 F DEBUG   :       #30 pc 000000000076da48  /apex/com.android.art/lib64/libart.so (void art::interpreter::ExecuteSwitchImplCpp<false>(art::interpreter::SwitchImplContext*)+12208) (BuildId: dcb9fe2b5c99aa3f1a682a6008427d08)
08-14 12:58:14.789  5294  5294 F DEBUG   :       #31 pc 000000000037b5d8  /apex/com.android.art/lib64/libart.so (ExecuteSwitchImplAsm+8) (BuildId: dcb9fe2b5c99aa3f1a682a6008427d08)
08-14 12:58:14.789  5294  5294 F DEBUG   :       #32 pc 0000000000001da4  /data/app/~~UixbbGUtE31Gu6F65PfdMQ==/dev.assetpipeline.androidhost-UqRY_halxpT_mUA3cnMY9g==/base.apk (dev.assetpipeline.androidhost.MainActivity.onCreate+0)
08-14 12:58:14.789  5294  5294 F DEBUG   :       #33 pc 000000000034e21c  /apex/com.android.art/lib64/libart.so (art::interpreter::Execute(art::Thread*, art::CodeItemDataAccessor const&, art::ShadowFrame&, art::JValue, bool, bool) (.__uniq.112435418011751916792819755956732575238.llvm.2845697060370838518)+428) (BuildId: dcb9fe2b5c99aa3f1a682a6008427d08)
08-14 12:58:14.789  5294  5294 F DEBUG   :       #34 pc 000000000035c5b0  /apex/com.android.art/lib64/libart.so (bool art::interpreter::DoCall<false>(art::ArtMethod*, art::Thread*, art::ShadowFrame&, art::Instruction const*, unsigned short, bool, art::JValue*)+4124) (BuildId: dcb9fe2b5c99aa3f1a682a6008427d08)
08-14 12:58:14.789  5294  5294 F DEBUG   :       #35 pc 000000000076da48  /apex/com.android.art/lib64/libart.so (void art::interpreter::ExecuteSwitchImplCpp<false>(art::interpreter::SwitchImplContext*)+12208) (BuildId: dcb9fe2b5c99aa3f1a682a6008427d08)
08-14 12:58:14.789  5294  5294 F DEBUG   :       #36 pc 000000000037b5d8  /apex/com.android.art/lib64/libart.so (ExecuteSwitchImplAsm+8) (BuildId: dcb9fe2b5c99aa3f1a682a6008427d08)
08-14 12:58:14.789  5294  5294 F DEBUG   :       #37 pc 00000000001de27c  /system/framework/framework.jar (android.app.Activity.performCreate+0)
08-14 12:58:14.789  5294  5294 F DEBUG   :       #38 pc 000000000034e21c  /apex/com.android.art/lib64/libart.so (art::interpreter::Execute(art::Thread*, art::CodeItemDataAccessor const&, art::ShadowFrame&, art::JValue, bool, bool) (.__uniq.112435418011751916792819755956732575238.llvm.2845697060370838518)+428) (BuildId: dcb9fe2b5c99aa3f1a682a6008427d08)
08-14 12:58:14.789  5294  5294 F DEBUG   :       #39 pc 000000000035c5b0  /apex/com.android.art/lib64/libart.so (bool art::interpreter::DoCall<false>(art::ArtMethod*, art::Thread*, art::ShadowFrame&, art::Instruction const*, unsigned short, bool, art::JValue*)+4124) (BuildId: dcb9fe2b5c99aa3f1a682a6008427d08)
08-14 12:58:14.789  5294  5294 F DEBUG   :       #40 pc 000000000076da48  /apex/com.android.art/lib64/libart.so (void art::interpreter::ExecuteSwitchImplCpp<false>(art::interpreter::SwitchImplContext*)+12208) (BuildId: dcb9fe2b5c99aa3f1a682a6008427d08)
08-14 12:58:14.789  5294  5294 F DEBUG   :       #41 pc 000000000037b5d8  /apex/com.android.art/lib64/libart.so (ExecuteSwitchImplAsm+8) (BuildId: dcb9fe2b5c99aa3f1a682a6008427d08)
08-14 12:58:14.789  5294  5294 F DEBUG   :       #42 pc 00000000001de260  /system/framework/framework.jar (android.app.Activity.performCreate+0)
08-14 12:58:14.789  5294  5294 F DEBUG   :       #43 pc 000000000034e21c  /apex/com.android.art/lib64/libart.so (art::interpreter::Execute(art::Thread*, art::CodeItemDataAccessor const&, art::ShadowFrame&, art::JValue, bool, bool) (.__uniq.112435418011751916792819755956732575238.llvm.2845697060370838518)+428) (BuildId: dcb9fe2b5c99aa3f1a682a6008427d08)
08-14 12:58:14.789  5294  5294 F DEBUG   :       #44 pc 000000000035c5b0  /apex/com.android.art/lib64/libart.so (bool art::interpreter::DoCall<false>(art::ArtMethod*, art::Thread*, art::ShadowFrame&, art::Instruction const*, unsigned short, bool, art::JValue*)+4124) (BuildId: dcb9fe2b5c99aa3f1a682a6008427d08)
08-14 12:58:14.789  5294  5294 F DEBUG   :       #45 pc 000000000076da48  /apex/com.android.art/lib64/libart.so (void art::interpreter::ExecuteSwitchImplCpp<false>(art::interpreter::SwitchImplContext*)+12208) (BuildId: dcb9fe2b5c99aa3f1a682a6008427d08)
08-14 12:58:14.789  5294  5294 F DEBUG   :       #46 pc 000000000037b5d8  /apex/com.android.art/lib64/libart.so (ExecuteSwitchImplAsm+8) (BuildId: dcb9fe2b5c99aa3f1a682a6008427d08)
08-14 12:58:14.789  5294  5294 F DEBUG   :       #47 pc 0000000000255254  /system/framework/framework.jar (android.app.Instrumentation.callActivityOnCreate+0)
08-14 12:58:14.789  5294  5294 F DEBUG   :       #48 pc 000000000034e21c  /apex/com.android.art/lib64/libart.so (art::interpreter::Execute(art::Thread*, art::CodeItemDataAccessor const&, art::ShadowFrame&, art::JValue, bool, bool) (.__uniq.112435418011751916792819755956732575238.llvm.2845697060370838518)+428) (BuildId: dcb9fe2b5c99aa3f1a682a6008427d08)
08-14 12:58:14.789  5294  5294 F DEBUG   :       #49 pc 000000000035c5b0  /apex/com.android.art/lib64/libart.so (bool art::interpreter::DoCall<false>(art::ArtMethod*, art::Thread*, art::ShadowFrame&, art::Instruction const*, unsigned short, bool, art::JValue*)+4124) (BuildId: dcb9fe2b5c99aa3f1a682a6008427d08)
08-14 12:58:14.789  5294  5294 F DEBUG   :       #50 pc 000000000076da48  /apex/com.android.art/lib64/libart.so (void art::interpreter::ExecuteSwitchImplCpp<false>(art::interpreter::SwitchImplContext*)+12208) (BuildId: dcb9fe2b5c99aa3f1a682a6008427d08)
08-14 12:58:14.789  5294  5294 F DEBUG   :       #51 pc 000000000037b5d8  /apex/com.android.art/lib64/libart.so (ExecuteSwitchImplAsm+8) (BuildId: dcb9fe2b5c99aa3f1a682a6008427d08)
08-14 12:58:14.789  5294  5294 F DEBUG   :       #52 pc 00000000001cbfc0  /system/framework/framework.jar (android.app.ActivityThread.performLaunchActivity+0)
08-14 12:58:14.789  5294  5294 F DEBUG   :       #53 pc 000000000034e21c  /apex/com.android.art/lib64/libart.so (art::interpreter::Execute(art::Thread*, art::CodeItemDataAccessor const&, art::ShadowFrame&, art::JValue, bool, bool) (.__uniq.112435418011751916792819755956732575238.llvm.2845697060370838518)+428) (BuildId: dcb9fe2b5c99aa3f1a682a6008427d08)
08-14 12:58:14.789  5294  5294 F DEBUG   :       #54 pc 000000000035c5b0  /apex/com.android.art/lib64/libart.so (bool art::interpreter::DoCall<false>(art::ArtMethod*, art::Thread*, art::ShadowFrame&, art::Instruction const*, unsigned short, bool, art::JValue*)+4124) (BuildId: dcb9fe2b5c99aa3f1a682a6008427d08)
08-14 12:58:14.789  5294  5294 F DEBUG   :       #55 pc 000000000076da48  /apex/com.android.art/lib64/libart.so (void art::interpreter::ExecuteSwitchImplCpp<false>(art::interpreter::SwitchImplContext*)+12208) (BuildId: dcb9fe2b5c99aa3f1a682a6008427d08)
08-14 12:58:14.789  5294  5294 F DEBUG   :       #56 pc 000000000037b5d8  /apex/com.android.art/lib64/libart.so (ExecuteSwitchImplAsm+8) (BuildId: dcb9fe2b5c99aa3f1a682a6008427d08)
08-14 12:58:14.789  5294  5294 F DEBUG   :       #57 pc 00000000001cbec8  /system/framework/framework.jar (android.app.ActivityThread.handleLaunchActivity+0)
08-14 12:58:14.789  5294  5294 F DEBUG   :       #58 pc 000000000034d5a8  /apex/com.android.art/lib64/libart.so (artQuickToInterpreterBridge+1932) (BuildId: dcb9fe2b5c99aa3f1a682a6008427d08)
08-14 12:58:14.789  5294  5294 F DEBUG   :       #59 pc 0000000000379098  /apex/com.android.art/lib64/libart.so (art_quick_to_interpreter_bridge+88) (BuildId: dcb9fe2b5c99aa3f1a682a6008427d08)
08-14 12:58:14.789  5294  5294 F DEBUG   :       #60 pc 000000000077f320  /apex/com.android.art/lib64/libart.so (nterp_helper+4016) (BuildId: dcb9fe2b5c99aa3f1a682a6008427d08)
08-14 12:58:14.789  5294  5294 F DEBUG   :       #61 pc 00000000002fcd62  /system/framework/framework.jar (android.app.servertransaction.LaunchActivityItem.execute+170)
08-14 12:58:14.789  5294  5294 F DEBUG   :       #62 pc 000000000077f2c4  /apex/com.android.art/lib64/libart.so (nterp_helper+3924) (BuildId: dcb9fe2b5c99aa3f1a682a6008427d08)
08-14 12:58:14.789  5294  5294 F DEBUG   :       #63 pc 00000000002ff8e6  /system/framework/framework.jar (android.app.servertransaction.TransactionExecutor.executeNonLifecycleItem+154)
08-14 12:58:14.789  5294  5294 F DEBUG   :       #64 pc 000000000077f2c4  /apex/com.android.art/lib64/libart.so (nterp_helper+3924) (BuildId: dcb9fe2b5c99aa3f1a682a6008427d08)
08-14 12:58:14.789  5294  5294 F DEBUG   :       #65 pc 00000000002ff972  /system/framework/framework.jar (android.app.servertransaction.TransactionExecutor.executeTransactionItems+70)
08-14 12:58:14.789  5294  5294 F DEBUG   :       #66 pc 0000000000362774  /apex/com.android.art/lib64/libart.so (art_quick_invoke_stub+612) (BuildId: dcb9fe2b5c99aa3f1a682a6008427d08)
08-14 12:58:14.789  5294  5294 F DEBUG   :       #67 pc 000000000035bd1c  /apex/com.android.art/lib64/libart.so (bool art::interpreter::DoCall<false>(art::ArtMethod*, art::Thread*, art::ShadowFrame&, art::Instruction const*, unsigned short, bool, art::JValue*)+1928) (BuildId: dcb9fe2b5c99aa3f1a682a6008427d08)
08-14 12:58:14.789  5294  5294 F DEBUG   :       #68 pc 000000000076da48  /apex/com.android.art/lib64/libart.so (void art::interpreter::ExecuteSwitchImplCpp<false>(art::interpreter::SwitchImplContext*)+12208) (BuildId: dcb9fe2b5c99aa3f1a682a6008427d08)
08-14 12:58:14.789  5294  5294 F DEBUG   :       #69 pc 000000000037b5d8  /apex/com.android.art/lib64/libart.so (ExecuteSwitchImplAsm+8) (BuildId: dcb9fe2b5c99aa3f1a682a6008427d08)
08-14 12:58:14.789  5294  5294 F DEBUG   :       #70 pc 00000000002ff658  /system/framework/framework.jar (android.app.servertransaction.TransactionExecutor.execute+0)
08-14 12:58:14.789  5294  5294 F DEBUG   :       #71 pc 000000000034d5a8  /apex/com.android.art/lib64/libart.so (artQuickToInterpreterBridge+1932) (BuildId: dcb9fe2b5c99aa3f1a682a6008427d08)
08-14 12:58:14.789  5294  5294 F DEBUG   :       #72 pc 0000000000379098  /apex/com.android.art/lib64/libart.so (art_quick_to_interpreter_bridge+88) (BuildId: dcb9fe2b5c99aa3f1a682a6008427d08)
08-14 12:58:14.789  5294  5294 F DEBUG   :       #73 pc 00000000000545ec  [anon_shmem:dalvik-jit-code-cache] (offset 0x2000000)
